                       _ 
     StatsGen 0.0.3   | |
      _ __   __ _  ___| | _
     | '_ \ / _` |/ __| |/ /
     | |_) | (_| | (__|   < 
     | .__/ \__,_|\___|_|\_\
     | |                    
     |_| iphelix@thesprawl.org


[*] Analyzing passwords in [/admin/hashpass/003-targets/00-abc/abc.dic]
[+] Analyzing 100% (46649/46649) of passwords
    NOTE: Statistics below is relative to the number of analyzed passwords, not total number of passwords

[*] Length:
[+]                         8: 28% (13256)
[+]                         6: 26% (12258)
[+]                         7: 18% (8593)
[+]                         9: 13% (6159)
[+]                        10: 07% (3330)
[+]                        11: 03% (1574)
[+]                        12: 01% (757)
[+]                        13: 00% (350)
[+]                        14: 00% (166)
[+]                        15: 00% (94)
[+]                        16: 00% (49)
[+]                        20: 00% (22)
[+]                        18: 00% (15)
[+]                        17: 00% (8)
[+]                        19: 00% (4)
[+]                        21: 00% (4)
[+]                        22: 00% (4)
[+]                        25: 00% (3)
[+]                        23: 00% (1)
[+]                        24: 00% (1)
[+]                        27: 00% (1)

[*] Character-set:
[+]                loweralpha: 41% (19357)
[+]             loweralphanum: 40% (18784)
[+]             mixedalphanum: 08% (3847)
[+]                   numeric: 03% (1640)
[+]                mixedalpha: 03% (1417)
[+]      loweralphaspecialnum: 01% (514)
[+]                       all: 00% (330)
[+]         loweralphaspecial: 00% (299)
[+]             upperalphanum: 00% (235)
[+]         mixedalphaspecial: 00% (122)
[+]                upperalpha: 00% (77)
[+]      upperalphaspecialnum: 00% (13)
[+]                specialnum: 00% (9)
[+]         upperalphaspecial: 00% (5)

[*] Password complexity:
[+]                     digit: min(0) max(15)
[+]                     lower: min(0) max(25)
[+]                     upper: min(0) max(12)
[+]                   special: min(0) max(4)

[*] Simple Masks:
[+]                    string: 44% (20851)
[+]               stringdigit: 39% (18607)
[+]                     digit: 03% (1640)
[+]         stringdigitstring: 03% (1624)
[+]               digitstring: 02% (1344)
[+]                 othermask: 02% (1203)
[+]          digitstringdigit: 00% (378)
[+]        stringspecialdigit: 00% (267)
[+]        stringdigitspecial: 00% (238)
[+]             stringspecial: 00% (207)
[+]       stringspecialstring: 00% (171)
[+]        specialstringdigit: 00% (32)
[+]        digitstringspecial: 00% (32)
[+]        digitspecialstring: 00% (14)
[+]             specialstring: 00% (13)
[+]      specialstringspecial: 00% (10)
[+]        specialdigitstring: 00% (10)
[+]              digitspecial: 00% (5)
[+]         digitspecialdigit: 00% (2)
[+]       specialdigitspecial: 00% (1)

[*] Advanced Masks:
[+]              ?l?l?l?l?l?l: 13% (6274)
[+]          ?l?l?l?l?l?l?l?l: 09% (4293)
[+]            ?l?l?l?l?l?l?l: 08% (4002)
[+]        ?l?l?l?l?l?l?l?l?l: 05% (2422)
[+]          ?l?l?l?l?l?l?d?d: 04% (2272)
[+]              ?l?l?l?l?l?d: 03% (1627)
[+]            ?l?l?l?l?l?d?d: 03% (1406)
[+]      ?l?l?l?l?l?l?l?l?l?l: 02% (1222)
[+]              ?d?d?d?d?d?d: 02% (1118)
[+]          ?l?l?l?l?l?l?l?d: 02% (973)
[+]              ?l?l?l?l?d?d: 01% (924)
[+]          ?l?l?l?l?d?d?d?d: 01% (874)
[+]            ?l?l?l?l?l?l?d: 01% (842)
[+]          ?l?l?l?l?l?d?d?d: 01% (732)
[+]        ?l?l?l?l?l?l?l?d?d: 01% (669)
[+]        ?l?l?l?l?l?d?d?d?d: 01% (613)
[+]    ?l?l?l?l?l?l?l?l?l?l?l: 01% (568)
[+]          ?u?l?l?l?l?l?d?d: 01% (518)
