

passpal 0.4 report (www.thepasswordproject.com)

Total words: 	46649
Unique words: 	38443 (82.41 %)

Word frequency, sorted by count, top 20
+-------------------------------+
|    Word    | Count | Of total |
+-------------------------------+
| happiness  |   290 | 0.6217 % |
| password   |   159 | 0.3408 % |
| 123456     |   129 | 0.2765 % |
| gethappy   |    64 | 0.1372 % |
| charlie    |    64 | 0.1372 % |
| happy1     |    61 | 0.1308 % |
| qwerty     |    48 | 0.1029 % |
| sunshine   |    48 | 0.1029 % |
| thomas     |    34 | 0.0729 % |
| abc123     |    33 | 0.0707 % |
| happyhappy |    32 | 0.0686 % |
| possum     |    31 | 0.0665 % |
| barney     |    28 | 0.06 %   |
| behappy    |    28 | 0.06 %   |
| chocolate  |    28 | 0.06 %   |
| sophie     |    28 | 0.06 %   |
| banana     |    26 | 0.0557 % |
| oliver     |    26 | 0.0557 % |
| wombat     |    26 | 0.0557 % |
| jessie     |    25 | 0.0536 % |
+-------------------------------+


Base word (len>=3) frequency, sorted by count, top 20
+------------------------------+
|   Word    | Count | Of total |
+------------------------------+
| happiness |   311 | 0.6667 % |
| happy     |   303 | 0.6495 % |
| password  |   216 | 0.463 %  |
| charlie   |    80 | 0.1715 % |
| gethappy  |    70 | 0.1501 % |
| qwerty    |    66 | 0.1415 % |
| sunshine  |    65 | 0.1393 % |
| abc       |    56 | 0.12 %   |
| thomas    |    53 | 0.1136 % |
| Happy     |    48 | 0.1029 % |
| possum    |    48 | 0.1029 % |
| sophie    |    47 | 0.1008 % |
| oscar     |    43 | 0.0922 % |
| barney    |    41 | 0.0879 % |
| monkey    |    41 | 0.0879 % |
| george    |    40 | 0.0857 % |
| oliver    |    39 | 0.0836 % |
| purple    |    39 | 0.0836 % |
| jessie    |    38 | 0.0815 % |
| chocolate |    38 | 0.0815 % |
+------------------------------+


Length frequency, sorted by length, full table
+----------------------------+
| Length | Count | Of total  |
+----------------------------+
|      6 | 12258 | 26.2771 % |
|      7 |  8593 | 18.4205 % |
|      8 | 13256 | 28.4165 % |
|      9 |  6159 | 13.2029 % |
|     10 |  3330 | 7.1384 %  |
|     11 |  1574 | 3.3741 %  |
|     12 |   757 | 1.6228 %  |
|     13 |   350 | 0.7503 %  |
|     14 |   166 | 0.3558 %  |
|     15 |    94 | 0.2015 %  |
|     16 |    49 | 0.105 %   |
|     17 |     8 | 0.0171 %  |
|     18 |    15 | 0.0322 %  |
|     19 |     4 | 0.0086 %  |
|     20 |    22 | 0.0472 %  |
|     21 |     4 | 0.0086 %  |
|     22 |     4 | 0.0086 %  |
|     23 |     1 | 0.0021 %  |
|     24 |     1 | 0.0021 %  |
|     25 |     3 | 0.0064 %  |
|     27 |     1 | 0.0021 %  |
+----------------------------+


Charset frequency, sorted by count, full table
+-----------------------------------------------------------------------+
|           Charset            | Count | Of total  |   Count/keyspace   |
+-----------------------------------------------------------------------+
| lower-upper-numeric-symbolic | 46545 | 99.7771 % | 489.94736842105266 |
| lower-upper-numeric          | 45357 | 97.2304 % |  731.5645161290323 |
| lower-numeric-symbolic       | 40536 | 86.8958 % |  587.4782608695652 |
| lower-numeric                | 39781 | 85.2773 % | 1105.0277777777778 |
| lower-upper-symbolic         | 21255 | 45.5637 % | 250.05882352941177 |
| lower-upper                  | 20851 | 44.6976 % |  400.9807692307692 |
| lower-symbolic               | 19643 | 42.1081 % | 332.93220338983053 |
| lower                        | 19357 | 41.495 %  |              744.5 |
| upper-numeric-symbolic       |  1976 | 4.2359 %  |  28.63768115942029 |
| upper-numeric                |  1952 | 4.1844 %  |  54.22222222222222 |
| numeric-symbolic             |  1647 | 3.5306 %  |  38.30232558139535 |
| numeric                      |  1640 | 3.5156 %  |              164.0 |
| upper-symbolic               |    81 | 0.1736 %  | 1.3728813559322033 |
| upper                        |    77 | 0.1651 %  | 2.9615384615384617 |
+-----------------------------------------------------------------------+

Charset frequency, sorted by count/keyspace, full table
+-----------------------------------------------------------------------+
|           Charset            | Count | Of total  |   Count/keyspace   |
+-----------------------------------------------------------------------+
| lower-numeric                | 39781 | 85.2773 % | 1105.0277777777778 |
| lower                        | 19357 | 41.495 %  |              744.5 |
| lower-upper-numeric          | 45357 | 97.2304 % |  731.5645161290323 |
| lower-numeric-symbolic       | 40536 | 86.8958 % |  587.4782608695652 |
| lower-upper-numeric-symbolic | 46545 | 99.7771 % | 489.94736842105266 |
| lower-upper                  | 20851 | 44.6976 % |  400.9807692307692 |
| lower-symbolic               | 19643 | 42.1081 % | 332.93220338983053 |
| lower-upper-symbolic         | 21255 | 45.5637 % | 250.05882352941177 |
| numeric                      |  1640 | 3.5156 %  |              164.0 |
| upper-numeric                |  1952 | 4.1844 %  |  54.22222222222222 |
| numeric-symbolic             |  1647 | 3.5306 %  |  38.30232558139535 |
| upper-numeric-symbolic       |  1976 | 4.2359 %  |  28.63768115942029 |
| upper                        |    77 | 0.1651 %  | 2.9615384615384617 |
| upper-symbolic               |    81 | 0.1736 %  | 1.3728813559322033 |
+-----------------------------------------------------------------------+


Hashcat mask frequency, sorted by count, top 20
+-----------------------------------------------------------------------+
|           Mask           | Count | Of total  |     Count/keyspace     |
+-----------------------------------------------------------------------+
| ?l?l?l?l?l?l             |  6274 | 13.4494 % | 2.0309742937829114e-05 |
| ?l?l?l?l?l?l?l?l?l?l?l?l |  4293 | 9.2028 %  |  4.498634534190374e-14 |
| ?l?l?l?l?l?l?l           |  4002 | 8.579 %   |  4.982687479291344e-07 |
| ?l?l?l?l?l?l?l?l?l       |  2422 | 5.192 %   | 4.4608128904643956e-10 |
| ?l?l?l?l?l?l?d?d?l?l?l?l |  2272 | 4.8704 %  |  1.609440209479627e-13 |
| ?l?l?l?l?l?d             |  1627 | 3.4877 %  | 1.3693700123622045e-05 |
| ?l?l?l?l?l?d?d           |  1406 | 3.014 %   | 1.1833646203941362e-06 |
| ?l?l?l?l?l?l?l?l?l?l     |  1222 | 2.6196 %  |   8.65640816894412e-12 |
| ?d?d?d?d?d?d             |  1118 | 2.3966 %  |               0.001118 |
| ?l?l?l?l?l?l?l?d?l?l?l?l |   973 | 2.0858 %  | 2.6509773222908942e-14 |
| ?l?l?l?l?d?d             |   924 | 1.9807 %  | 2.0219880256293547e-05 |
| ?l?l?l?l?d?d?d?d?l?l?l?l |   874 | 1.8736 %  | 4.1852812602358765e-13 |
| ?l?l?l?l?l?l?d           |   842 | 1.805 %   | 2.7256620264029507e-07 |
| ?l?l?l?l?l?d?d?d?l?l?l?l |   732 | 1.5692 %  | 1.3481895275887438e-13 |
| ?l?l?l?l?l?l?l?d?d       |   669 | 1.4341 %  |  8.329380119055244e-10 |
| ?l?l?l?l?l?d?d?d?d       |   613 | 1.3141 %  |  5.159335080381262e-09 |
| ?l?l?l?l?l?l?l?l?l?l?l   |   568 | 1.2176 %  | 1.5475386629611798e-13 |
| ?u?l?l?l?l?l?d?d?l?l?l?l |   518 | 1.1104 %  |  3.669410336753727e-14 |
| ?l?l?l?l?l?l?l?l?d       |   424 | 0.9089 %  |  2.030388162860425e-10 |
| ?l?l?l?d?d?d             |   417 | 0.8939 %  | 2.3725534820209377e-05 |
+-----------------------------------------------------------------------+
Words that didn't match any ?l?u?d?s mask: 104 (0.2229 %)

Hashcat mask frequency, sorted by count/keyspace, top 20
+-------------------------------------------------------------+
|      Mask      | Count | Of total  |     Count/keyspace     |
+-------------------------------------------------------------+
| ?d?d?d?d?d?d   |  1118 | 2.3966 %  |               0.001118 |
| ?l?l?d?d?d?d   |   251 | 0.5381 %  |   3.71301775147929e-05 |
| ?l?l?l?d?d?d   |   417 | 0.8939 %  | 2.3725534820209377e-05 |
| ?l?l?l?l?l?l   |  6274 | 13.4494 % | 2.0309742937829114e-05 |
| ?l?l?l?l?d?d   |   924 | 1.9807 %  | 2.0219880256293547e-05 |
| ?l?l?l?l?l?d   |  1627 | 3.4877 %  | 1.3693700123622045e-05 |
| ?d?d?d?d?l?l   |    91 | 0.1951 %  | 1.3461538461538462e-05 |
| ?d?d?d?d?d?d?d |    95 | 0.2036 %  |                9.5e-06 |
| ?l?d?d?d?d?d   |    16 | 0.0343 %  |  6.153846153846154e-06 |
| ?d?d?d?d?d?l   |    12 | 0.0257 %  |  4.615384615384615e-06 |
| ?u?u?d?d?d?d   |    21 | 0.045 %   | 3.1065088757396448e-06 |
| ?d?d?d?l?l?l   |    39 | 0.0836 %  | 2.2189349112426035e-06 |
| ?l?l?l?d?d?d?d |   329 | 0.7053 %  | 1.8718707328174784e-06 |
| ?u?l?l?l?l?d   |   200 | 0.4287 %  | 1.6833067146431524e-06 |
| ?u?l?l?l?d?d   |    71 | 0.1522 %  | 1.5536920976156298e-06 |
| ?u?l?l?l?l?l   |   390 | 0.836 %   | 1.2624800359823643e-06 |
| ?l?d?d?d?d?d?d |    32 | 0.0686 %  | 1.2307692307692308e-06 |
| ?d?d?l?l?d?d   |     8 | 0.0171 %  | 1.1834319526627218e-06 |
| ?l?l?l?l?l?d?d |  1406 | 3.014 %   | 1.1833646203941362e-06 |
| ?u?d?d?d?d?d   |     3 | 0.0064 %  | 1.1538461538461538e-06 |
+-------------------------------------------------------------+
Words that didn't match any ?l?u?d?s mask: 104 (0.2229 %)


Charset distribution of characters in beginning and end of words (len>=6)
+-------------------------------------------------------------------------------------------------+
| Charset\Index | 0 (first char) |     1     |     2     |    -3     |    -2     | -1 (last char) |
+-------------------------------------------------------------------------------------------------+
| lower         | 80.3864 %      | 90.7444 % | 91.0944 % | 79.154 %  | 63.4428 % | 52.0662 %      |
| upper         | 11.651 %       | 1.1342 %  | 1.0784 %  | 0.759 %   | 0.5661 %  | 0.5686 %       |
| digits        | 7.7952 %       | 7.907 %   | 7.705 %   | 19.7311 % | 35.5686 % | 46.2303 %      |
| symbols       | 0.1673 %       | 0.2144 %  | 0.1222 %  | 0.3559 %  | 0.4225 %  | 1.135 %        |
+-------------------------------------------------------------------------------------------------+


Total characters: 	365187
Unique characters: 	92
Top 50 characters: 	aeiorsnl1tmhpcyd02bug3k946578wfjvzxSMBAqCPTHR!LJDG

Character frequency, sorted by count, top 20
+------------------------------+
| Character | Count | Of total |
+------------------------------+
| a         | 29734 | 8.1421 % |
| e         | 29139 | 7.9792 % |
| i         | 19431 | 5.3208 % |
| o         | 19208 | 5.2598 % |
| r         | 18691 | 5.1182 % |
| s         | 18018 | 4.9339 % |
| n         | 17948 | 4.9147 % |
| l         | 16998 | 4.6546 % |
| 1         | 15777 | 4.3203 % |
| t         | 13792 | 3.7767 % |
| m         | 10848 | 2.9705 % |
| h         | 10240 | 2.804 %  |
| p         |  9969 | 2.7298 % |
| c         |  9792 | 2.6814 % |
| y         |  9382 | 2.5691 % |
| d         |  9372 | 2.5664 % |
| 0         |  9240 | 2.5302 % |
| 2         |  8681 | 2.3771 % |
| b         |  8345 | 2.2851 % |
| u         |  7953 | 2.1778 % |
+------------------------------+


Symbol frequency, sorted by count, top 20
+----------------+
| Symbol | Count |
+----------------+
| !      |   396 |
| @      |   231 |
| .      |   186 |
| *      |   122 |
| _      |    90 |
| #      |    90 |
| -      |    72 |
| &      |    50 |
|        |    42 |
| ?      |    28 |
| ;      |    26 |
| '      |    22 |
| /      |    21 |
| %      |    14 |
| ,      |     9 |
| )      |     8 |
| (      |     5 |
| :      |     5 |
| ]      |     4 |
| [      |     3 |
+----------------+


