

passpal 0.4 report (www.thepasswordproject.com)

Total words: 	171028
Unique words: 	141312 (82.63 %)

Word frequency, sorted by count, top 20
+-------------------------------+
|    Word    | Count | Of total |
+-------------------------------+
| 123456     |  2565 | 1.4998 % |
| 123456789  |   614 | 0.359 %  |
| password   |   361 | 0.2111 % |
| 12345678   |   313 | 0.183 %  |
| ahashare   |   269 | 0.1573 % |
| qwerty     |   186 | 0.1088 % |
| 111111     |   158 | 0.0924 % |
| 1234567    |   156 | 0.0912 % |
| 000000     |   148 | 0.0865 % |
| pakistan   |   147 | 0.086 %  |
| 123123     |   146 | 0.0854 % |
| iloveyou   |   116 | 0.0678 % |
| coolnancy  |   113 | 0.0661 % |
| 1234567890 |   110 | 0.0643 % |
| 654321     |   108 | 0.0631 % |
| 112233     |    83 | 0.0485 % |
| jerrey232x |    78 | 0.0456 % |
| liverpool  |    76 | 0.0444 % |
| abc123     |    75 | 0.0439 % |
| 666666     |    62 | 0.0363 % |
+-------------------------------+


Base word (len>=3) frequency, sorted by count, top 20
+-------------------------------+
|    Word    | Count | Of total |
+-------------------------------+
| password   |   530 | 0.3099 % |
| ahashare   |   387 | 0.2263 % |
| qwerty     |   326 | 0.1906 % |
| pakistan   |   191 | 0.1117 % |
| abc        |   156 | 0.0912 % |
| iloveyou   |   143 | 0.0836 % |
| coolnancy  |   113 | 0.0661 % |
| liverpool  |   112 | 0.0655 % |
| dragon     |    95 | 0.0555 % |
| samsung    |    95 | 0.0555 % |
| superman   |    87 | 0.0509 % |
| welcome    |    87 | 0.0509 % |
| computer   |    85 | 0.0497 % |
| abcd       |    78 | 0.0456 % |
| jerrey232x |    78 | 0.0456 % |
| zxcvbnm    |    78 | 0.0456 % |
| torrent    |    77 | 0.045 %  |
| master     |    76 | 0.0444 % |
| may        |    75 | 0.0439 % |
| nokia      |    75 | 0.0439 % |
+-------------------------------+


Length frequency, sorted by length, full table
+----------------------------+
| Length | Count | Of total  |
+----------------------------+
|      0 |     1 | 0.0006 %  |
|      2 |     1 | 0.0006 %  |
|      3 |     4 | 0.0023 %  |
|      4 |    53 | 0.031 %   |
|      5 |  1246 | 0.7285 %  |
|      6 | 37095 | 21.6894 % |
|      7 | 24450 | 14.2959 % |
|      8 | 44578 | 26.0647 % |
|      9 | 23218 | 13.5756 % |
|     10 | 24462 | 14.3029 % |
|     11 |  7795 | 4.5577 %  |
|     12 |  4440 | 2.5961 %  |
|     13 |  1879 | 1.0987 %  |
|     14 |   939 | 0.549 %   |
|     15 |   504 | 0.2947 %  |
|     16 |   202 | 0.1181 %  |
|     17 |    62 | 0.0363 %  |
|     18 |    45 | 0.0263 %  |
|     19 |    25 | 0.0146 %  |
|     20 |     8 | 0.0047 %  |
|     21 |    10 | 0.0058 %  |
|     22 |     4 | 0.0023 %  |
|     23 |     3 | 0.0018 %  |
|     24 |     2 | 0.0012 %  |
|     28 |     1 | 0.0006 %  |
|     32 |     1 | 0.0006 %  |
+----------------------------+


Charset frequency, sorted by count, full table
+------------------------------------------------------------------------+
|           Charset            | Count  | Of total  |   Count/keyspace   |
+------------------------------------------------------------------------+
| lower-upper-numeric-symbolic | 170648 | 99.7778 % | 1796.2947368421053 |
| lower-upper-numeric          | 166922 | 97.5992 % | 2692.2903225806454 |
| lower-numeric-symbolic       | 156415 | 91.4558 % | 2266.8840579710145 |
| lower-numeric                | 153494 | 89.7479 % |  4263.722222222223 |
| lower-upper-symbolic         |  66279 | 38.7533 % |  779.7529411764706 |
| lower-upper                  |  65250 | 38.1516 % | 1254.8076923076924 |
| lower-symbolic               |  63920 | 37.374 %  | 1083.3898305084747 |
| lower                        |  63039 | 36.8589 % |  2424.576923076923 |
| upper-numeric-symbolic       |  34140 | 19.9616 % |  494.7826086956522 |
| upper-numeric                |  33845 | 19.7892 % |  940.1388888888889 |
| numeric-symbolic             |  31915 | 18.6607 % |  742.2093023255813 |
| numeric                      |  31690 | 18.5291 % |             3169.0 |
| upper-symbolic               |    970 | 0.5672 %  | 16.440677966101696 |
| upper                        |    933 | 0.5455 %  |  35.88461538461539 |
| symbolic                     |     21 | 0.0123 %  | 0.6363636363636364 |
+------------------------------------------------------------------------+

Charset frequency, sorted by count/keyspace, full table
+------------------------------------------------------------------------+
|           Charset            | Count  | Of total  |   Count/keyspace   |
+------------------------------------------------------------------------+
| lower-numeric                | 153494 | 89.7479 % |  4263.722222222223 |
| numeric                      |  31690 | 18.5291 % |             3169.0 |
| lower-upper-numeric          | 166922 | 97.5992 % | 2692.2903225806454 |
| lower                        |  63039 | 36.8589 % |  2424.576923076923 |
| lower-numeric-symbolic       | 156415 | 91.4558 % | 2266.8840579710145 |
| lower-upper-numeric-symbolic | 170648 | 99.7778 % | 1796.2947368421053 |
| lower-upper                  |  65250 | 38.1516 % | 1254.8076923076924 |
| lower-symbolic               |  63920 | 37.374 %  | 1083.3898305084747 |
| upper-numeric                |  33845 | 19.7892 % |  940.1388888888889 |
| lower-upper-symbolic         |  66279 | 38.7533 % |  779.7529411764706 |
| numeric-symbolic             |  31915 | 18.6607 % |  742.2093023255813 |
| upper-numeric-symbolic       |  34140 | 19.9616 % |  494.7826086956522 |
| upper                        |    933 | 0.5455 %  |  35.88461538461539 |
| upper-symbolic               |    970 | 0.5672 %  | 16.440677966101696 |
| symbolic                     |     21 | 0.0123 %  | 0.6363636363636364 |
+------------------------------------------------------------------------+


Hashcat mask frequency, sorted by count, top 20
+-----------------------------------------------------------------------+
|           Mask           | Count | Of total  |     Count/keyspace     |
+-----------------------------------------------------------------------+
| ?l?l?l?l?l?l             | 17197 | 10.0551 % |  5.566889533022749e-05 |
| ?l?l?l?l?l?l?l?l?l?l?l?l | 15123 | 8.8424 %  | 1.5847391115900542e-13 |
| ?d?d?d?d?d?d             | 12470 | 7.2912 %  |                0.01247 |
| ?l?l?l?l?l?l?l           | 11711 | 6.8474 %  | 1.4580772881054703e-06 |
| ?l?l?l?l?l?l?l?l?l       |  8250 | 4.8238 %  | 1.5194759019955105e-09 |
| ?d?d?d?d?d?d?d?d?l?l?l?l |  6831 | 3.9941 %  | 1.4948268618045586e-10 |
| ?l?l?l?l?l?l?d?d?l?l?l?l |  5696 | 3.3304 %  | 4.0349346096813184e-13 |
| ?l?l?l?l?l?l?l?l?l?l     |  5260 | 3.0755 %  | 3.7260807666649816e-11 |
| ?d?d?d?d?d?d?d?d?d?d     |  4342 | 2.5388 %  |              4.342e-07 |
| ?d?d?d?d?d?d?d           |  3694 | 2.1599 %  |              0.0003694 |
| ?l?l?l?l?d?d?d?d?l?l?l?l |  3181 | 1.8599 %  | 1.5232699872780688e-12 |
| ?l?l?l?l?l?d?d?d?l?l?l?l |  2637 | 1.5419 %  |  4.856797519469286e-13 |
| ?l?l?l?l?l?l?l?l?l?l?l   |  2524 | 1.4758 %  |  6.876738706538764e-13 |
| ?l?l?l?l?l?l?l?d?d       |  2486 | 1.4536 %  |  3.095192672043548e-09 |
| ?l?l?l?l?l?d?d?d?d       |  2396 | 1.4009 %  | 2.0166014441424965e-08 |
| ?l?l?l?l?l?d?d           |  2288 | 1.3378 %  | 1.9257028815517664e-06 |
| ?l?l?l?l?l?l?l?d?l?l?l?l |  2217 | 1.2963 %  |  6.040304957367844e-14 |
| ?l?l?l?l?l?l?d?d?d?d     |  2200 | 1.2863 %  |  7.121682254259491e-10 |
| ?l?l?l?l?l?l?d?d?d       |  2005 | 1.1723 %  |  6.490442236268309e-09 |
| ?d?d?d?d?d?d?d?d?d       |  1895 | 1.108 %   |              1.895e-06 |
+-----------------------------------------------------------------------+
Words that didn't match any ?l?u?d?s mask: 380 (0.2222 %)

Hashcat mask frequency, sorted by count/keyspace, top 20
+-------------------------------------------------------------+
|      Mask      | Count | Of total  |     Count/keyspace     |
+-------------------------------------------------------------+
| ?d?d?d?d?d?d   | 12470 | 7.2912 %  |                0.01247 |
| ?d?d?d?d?d     |  1175 | 0.687 %   |                0.01175 |
| ?d?d?d         |     3 | 0.0018 %  |                  0.003 |
| ?l?l           |     1 | 0.0006 %  |  0.0014792899408284023 |
| ?d?d?d?d?d?d?d |  3694 | 2.1599 %  |              0.0003694 |
| ?l?l?d?d?d?d   |   704 | 0.4116 %  | 0.00010414201183431953 |
| ?l?l?l?d?d?d   |  1098 | 0.642 %   |  6.247155211652254e-05 |
| ?l?l?l         |     1 | 0.0006 %  |  5.689576695493855e-05 |
| ?l?l?l?l?l?l   | 17197 | 10.0551 % |  5.566889533022749e-05 |
| ?l?d?d?d?d?d   |   101 | 0.0591 %  |  3.884615384615385e-05 |
| ?l?l?l?l?d?d   |  1540 | 0.9004 %  |  3.369980042715591e-05 |
| ?d?d?d?d?l?l   |   174 | 0.1017 %  | 2.5739644970414203e-05 |
| ?d?d?d?d?d?l   |    56 | 0.0327 %  |  2.153846153846154e-05 |
| ?l?l?l?l?l?d   |  1502 | 0.8782 %  | 1.2641633426970076e-05 |
| ?d?d?d?l?l?l   |   168 | 0.0982 %  |  9.558488848429676e-06 |
| ?l?d?d?d?d?d?d |   205 | 0.1199 %  |  7.884615384615384e-06 |
| ?l?d?d?d?d?l   |    51 | 0.0298 %  |  7.544378698224852e-06 |
| ?l?l?l?d?d?d?d |  1257 | 0.735 %   |  7.151797906235776e-06 |
| ?l?l?l?l?l     |    62 | 0.0363 %  | 5.2182508153937726e-06 |
| ?d?d?d?d?d?d?l |   113 | 0.0661 %  |  4.346153846153846e-06 |
+-------------------------------------------------------------+
Words that didn't match any ?l?u?d?s mask: 380 (0.2222 %)


Charset distribution of characters in beginning and end of words (len>=6)
+-------------------------------------------------------------------------------------------------+
| Charset\Index | 0 (first char) |     1     |     2     |    -3     |    -2     | -1 (last char) |
+-------------------------------------------------------------------------------------------------+
| lower         | 71.4838 %      | 74.0558 % | 73.5726 % | 57.5605 % | 48.3359 % | 43.8499 %      |
| upper         | 5.916 %        | 2.6678 %  | 2.7554 %  | 1.0437 %  | 0.9072 %  | 0.9956 %       |
| digits        | 22.4051 %      | 23.0613 % | 23.5205 % | 41.0403 % | 50.4162 % | 54.4886 %      |
| symbols       | 0.1951 %       | 0.2151 %  | 0.1515 %  | 0.3554 %  | 0.3407 %  | 0.6659 %       |
+-------------------------------------------------------------------------------------------------+


Total characters: 	1400746
Unique characters: 	117
Top 50 characters: 	a1ei2nros0l39tm54678hduckbpygjfwvzxqASERNILTDBCOHP

Character frequency, sorted by count, top 20
+-------------------------------+
| Character | Count  | Of total |
+-------------------------------+
| a         | 113549 | 8.1063 % |
| 1         |  81461 | 5.8155 % |
| e         |  78330 | 5.592 %  |
| i         |  60846 | 4.3438 % |
| 2         |  60550 | 4.3227 % |
| n         |  59120 | 4.2206 % |
| r         |  57639 | 4.1149 % |
| o         |  56373 | 4.0245 % |
| s         |  55158 | 3.9378 % |
| 0         |  54061 | 3.8594 % |
| l         |  44692 | 3.1906 % |
| 3         |  44605 | 3.1844 % |
| 9         |  41611 | 2.9706 % |
| t         |  40552 | 2.895 %  |
| m         |  37672 | 2.6894 % |
| 5         |  37344 | 2.666 %  |
| 4         |  36839 | 2.63 %   |
| 6         |  36035 | 2.5726 % |
| 7         |  34003 | 2.4275 % |
| 8         |  33943 | 2.4232 % |
+-------------------------------+


Symbol frequency, sorted by count, top 20
+----------------+
| Symbol | Count |
+----------------+
| @      |  1436 |
| .      |   724 |
| !      |   584 |
| _      |   482 |
| *      |   357 |
| -      |   301 |
| #      |   296 |
|        |   249 |
| /      |   116 |
| ,      |    84 |
| %      |    64 |
| &      |    58 |
| ?      |    52 |
| )      |    35 |
| ]      |    30 |
| ;      |    28 |
| [      |    18 |
| (      |    16 |
| :      |    12 |
| {      |     1 |
+----------------+


