Total entries = 8640
Total unique entries = 8401

Top 10 passwords
123321 = 4 (0.05%)
qazwsx = 4 (0.05%)
123456789 = 4 (0.05%)
123456 = 4 (0.05%)
222222 = 4 (0.05%)
123 = 4 (0.05%)
000000 = 4 (0.05%)
1q2w3e4r = 4 (0.05%)
111111 = 4 (0.05%)
55 = 3 (0.03%)

Top 10 base words
qwerty = 20 (0.23%)
alex = 10 (0.12%)
qweasd = 9 (0.1%)
anna = 8 (0.09%)
gfhjkm = 8 (0.09%)
qwer = 6 (0.07%)
serg = 6 (0.07%)
sergey = 6 (0.07%)
olga = 6 (0.07%)
zxcvbnm = 5 (0.06%)

Password length (length ordered)
1 = 5 (0.06%)
2 = 13 (0.15%)
3 = 85 (0.98%)
4 = 379 (4.39%)
5 = 432 (5.0%)
6 = 2672 (30.93%)
7 = 1618 (18.73%)
8 = 2027 (23.46%)
9 = 540 (6.25%)
10 = 367 (4.25%)
11 = 200 (2.31%)
12 = 89 (1.03%)
13 = 47 (0.54%)
14 = 19 (0.22%)
15 = 18 (0.21%)
16 = 6 (0.07%)
17 = 2 (0.02%)
18 = 4 (0.05%)
19 = 1 (0.01%)
20 = 1 (0.01%)
24 = 1 (0.01%)
32 = 109 (1.26%)
33 = 1 (0.01%)
35 = 1 (0.01%)
40 = 3 (0.03%)

Password length (count ordered)
6 = 2672 (30.93%)
8 = 2027 (23.46%)
7 = 1618 (18.73%)
9 = 540 (6.25%)
5 = 432 (5.0%)
4 = 379 (4.39%)
10 = 367 (4.25%)
11 = 200 (2.31%)
32 = 109 (1.26%)
12 = 89 (1.03%)
3 = 85 (0.98%)
13 = 47 (0.54%)
14 = 19 (0.22%)
15 = 18 (0.21%)
2 = 13 (0.15%)
16 = 6 (0.07%)
1 = 5 (0.06%)
18 = 4 (0.05%)
40 = 3 (0.03%)
17 = 2 (0.02%)
35 = 1 (0.01%)
20 = 1 (0.01%)
33 = 1 (0.01%)
19 = 1 (0.01%)
24 = 1 (0.01%)

      |                                                                 
      |                                                                 
      |                                                                 
      | |                                                               
      | |                                                               
      | |                                                               
      |||                                                               
      |||                                                               
      |||                                                               
      |||                                                               
      |||                                                               
      |||                                                               
      ||||                                                              
    |||||||                                                             
    ||||||||                                                            
||||||||||||||||||||||||||||||||||||||||||                              
000000000011111111112222222222333333333344
012345678901234567890123456789012345678901

One to six characters = 3586 (41.5%)
One to eight characters = 7231 (83.69%)
More than eight characters = 1409 (16.31%)

Only lowercase alpha = 2415 (27.95%)
Only uppercase alpha = 33 (0.38%)
Only alpha = 2448 (28.33%)
Only numeric = 3558 (41.18%)

First capital last symbol = 4 (0.05%)
First capital last number = 203 (2.35%)

Months
march = 2 (0.02%)
april = 1 (0.01%)
may = 3 (0.03%)
july = 1 (0.01%)
august = 1 (0.01%)
october = 1 (0.01%)

Days
None found

Months (Abreviated)
jan = 5 (0.06%)
mar = 50 (0.58%)
apr = 2 (0.02%)
may = 3 (0.03%)
jul = 4 (0.05%)
aug = 1 (0.01%)
oct = 1 (0.01%)
nov = 21 (0.24%)
dec = 2 (0.02%)

Days (Abreviated)
mon = 14 (0.16%)
wed = 3 (0.03%)
fri = 1 (0.01%)
sat = 5 (0.06%)
sun = 10 (0.12%)

Includes years
1975 = 16 (0.19%)
1976 = 26 (0.3%)
1977 = 27 (0.31%)
1978 = 42 (0.49%)
1979 = 29 (0.34%)
1980 = 32 (0.37%)
1981 = 30 (0.35%)
1982 = 31 (0.36%)
1983 = 48 (0.56%)
1984 = 40 (0.46%)
1985 = 27 (0.31%)
1986 = 42 (0.49%)
1987 = 32 (0.37%)
1988 = 36 (0.42%)
1989 = 36 (0.42%)
1990 = 22 (0.25%)
1991 = 19 (0.22%)
1992 = 8 (0.09%)
1993 = 12 (0.14%)
1994 = 2 (0.02%)
1995 = 6 (0.07%)
1996 = 5 (0.06%)
1997 = 8 (0.09%)
1998 = 11 (0.13%)
1999 = 9 (0.1%)
2000 = 19 (0.22%)
2001 = 12 (0.14%)
2002 = 13 (0.15%)
2003 = 12 (0.14%)
2004 = 17 (0.2%)
2005 = 23 (0.27%)
2006 = 23 (0.27%)
2007 = 28 (0.32%)
2008 = 18 (0.21%)
2009 = 29 (0.34%)
2010 = 36 (0.42%)
2011 = 24 (0.28%)
2012 = 23 (0.27%)
2013 = 2 (0.02%)
2014 = 1 (0.01%)
2016 = 2 (0.02%)
2017 = 1 (0.01%)
2018 = 3 (0.03%)
2019 = 4 (0.05%)
2020 = 2 (0.02%)

Years (Top 10)
1983 = 48 (0.56%)
1986 = 42 (0.49%)
1978 = 42 (0.49%)
1984 = 40 (0.46%)
1988 = 36 (0.42%)
1989 = 36 (0.42%)
2010 = 36 (0.42%)
1980 = 32 (0.37%)
1987 = 32 (0.37%)
1982 = 31 (0.36%)

Colours
black = 1 (0.01%)
green = 3 (0.03%)
pink = 1 (0.01%)
red = 3 (0.03%)
violet = 1 (0.01%)

Single digit on the end = 249 (2.88%)
Two digits on the end = 420 (4.86%)
Three digits on the end = 282 (3.26%)

Last number
0 = 529 (6.12%)
1 = 649 (7.51%)
2 = 513 (5.94%)
3 = 574 (6.64%)
4 = 411 (4.76%)
5 = 486 (5.63%)
6 = 454 (5.25%)
7 = 538 (6.23%)
8 = 461 (5.34%)
9 = 468 (5.42%)

 |                                                                      
 | |                                                                    
|| |   |                                                                
||||   |                                                                
|||| |||||                                                              
||||||||||                                                              
||||||||||                                                              
||||||||||                                                              
||||||||||                                                              
||||||||||                                                              
||||||||||                                                              
||||||||||                                                              
||||||||||                                                              
||||||||||                                                              
||||||||||                                                              
||||||||||                                                              
0123456789

Last digit
1 = 649 (7.51%)
3 = 574 (6.64%)
7 = 538 (6.23%)
0 = 529 (6.12%)
2 = 513 (5.94%)
5 = 486 (5.63%)
9 = 468 (5.42%)
8 = 461 (5.34%)
6 = 454 (5.25%)
4 = 411 (4.76%)

Last 2 digits (Top 10)
23 = 148 (1.71%)
77 = 141 (1.63%)
11 = 130 (1.5%)
12 = 111 (1.28%)
78 = 101 (1.17%)
10 = 95 (1.1%)
00 = 94 (1.09%)
07 = 91 (1.05%)
83 = 90 (1.04%)
89 = 90 (1.04%)

Last 3 digits (Top 10)
123 = 106 (1.23%)
777 = 54 (0.63%)
983 = 46 (0.53%)
000 = 43 (0.5%)
111 = 42 (0.49%)
988 = 40 (0.46%)
321 = 39 (0.45%)
978 = 39 (0.45%)
010 = 38 (0.44%)
984 = 37 (0.43%)

Last 4 digits (Top 10)
1983 = 43 (0.5%)
1984 = 36 (0.42%)
1986 = 35 (0.41%)
1978 = 34 (0.39%)
2010 = 33 (0.38%)
1988 = 30 (0.35%)
1982 = 29 (0.34%)
1987 = 26 (0.3%)
1111 = 26 (0.3%)
1989 = 26 (0.3%)

Last 5 digits (Top 10)
11111 = 21 (0.24%)
12345 = 18 (0.21%)
54321 = 14 (0.16%)
77777 = 12 (0.14%)
23456 = 11 (0.13%)
21987 = 10 (0.12%)
22222 = 9 (0.1%)
56789 = 8 (0.09%)
21984 = 7 (0.08%)
55555 = 7 (0.08%)

US Area Codes
321 = Florida: Brevard County, Cape Canaveral area; Metro Orlando (FL)
978 = Massachusetts: north of Boston to NH (MA)
984 = E North Carolina: Raleigh (NC)

Character sets
numeric: 3558 (41.18%)
loweralpha: 2415 (27.95%)
loweralphanum: 1802 (20.86%)
mixedalphanum: 335 (3.88%)
mixedalpha: 218 (2.52%)
loweralphaspecial: 90 (1.04%)
upperalphanum: 68 (0.79%)
loweralphaspecialnum: 54 (0.63%)
upperalpha: 33 (0.38%)
specialnum: 29 (0.34%)
mixedalphaspecialnum: 16 (0.19%)
special: 9 (0.1%)
mixedalphaspecial: 7 (0.08%)
upperalphaspecial: 1 (0.01%)
upperalphaspecialnum: 1 (0.01%)

Character set ordering
alldigit: 3558 (41.18%)
allstring: 2666 (30.86%)
stringdigit: 1235 (14.29%)
othermask: 431 (4.99%)
stringdigitstring: 289 (3.34%)
digitstring: 282 (3.26%)
digitstringdigit: 73 (0.84%)
stringspecialstring: 55 (0.64%)
specialstring: 17 (0.2%)
stringspecial: 13 (0.15%)
stringspecialdigit: 12 (0.14%)
allspecial: 9 (0.1%)

Hashcat masks (Top 10)
?d?d?d?d?d?d: 1384 (16.02%)
?d?d?d?d?d?d?d?d: 859 (9.94%)
?l?l?l?l?l?l: 674 (7.8%)
?d?d?d?d?d?d?d: 640 (7.41%)
?l?l?l?l?l?l?l?l: 491 (5.68%)
?l?l?l?l?l?l?l: 482 (5.58%)
?d?d?d?d: 249 (2.88%)
?l?l?l?l?l: 210 (2.43%)
?l?l?l?l?l?l?l?l?l: 183 (2.12%)
?d?d?d?d?d: 159 (1.84%)
