

passpal 0.4 report (www.thepasswordproject.com)

Total words: 	18448
Unique words: 	15704 (85.13 %)

Word frequency, sorted by count, top 20
+-------------------------------+
|    Word    | Count | Of total |
+-------------------------------+
| 123456     |   567 | 3.0735 % |
| 111111     |   180 | 0.9757 % |
| 123456789  |    99 | 0.5366 % |
| 000000     |    90 | 0.4879 % |
| qwerasdf   |    68 | 0.3686 % |
| 12345678   |    52 | 0.2819 % |
| 666666     |    51 | 0.2765 % |
| KR6sjhs412 |    44 | 0.2385 % |
| 123321     |    42 | 0.2277 % |
| 888888     |    39 | 0.2114 % |
| 123123     |    37 | 0.2006 % |
| 5201314    |    35 | 0.1897 % |
| KRssjhs412 |    30 | 0.1626 % |
| 1234567    |    27 | 0.1464 % |
| 654321     |    24 | 0.1301 % |
| 11111111   |    23 | 0.1247 % |
| 88888888   |    21 | 0.1138 % |
| 100200     |    19 | 0.103 %  |
| 112233     |    19 | 0.103 %  |
| 1234567890 |    18 | 0.0976 % |
+-------------------------------+


Base word (len>=3) frequency, sorted by count, top 20
+-----------------------------+
|   Word   | Count | Of total |
+-----------------------------+
| qwerasdf |    68 | 0.3686 % |
| KR6sjhs  |    44 | 0.2385 % |
| KRssjhs  |    30 | 0.1626 % |
| casio    |    27 | 0.1464 % |
| abc      |    19 | 0.103 %  |
| iloveyou |    18 | 0.0976 % |
| password |    18 | 0.0976 % |
| zxcvbnm  |    17 | 0.0922 % |
| bbbbbb   |    16 | 0.0867 % |
| wang     |    15 | 0.0813 % |
| abcd     |    12 | 0.065 %  |
| qwerty   |    11 | 0.0596 % |
| chen     |    10 | 0.0542 % |
| love     |     9 | 0.0488 % |
| qqqqqq   |     9 | 0.0488 % |
| woaini   |     9 | 0.0488 % |
| zhang    |     9 | 0.0488 % |
| qwer     |     8 | 0.0434 % |
| asd      |     8 | 0.0434 % |
| qwe      |     8 | 0.0434 % |
+-----------------------------+


Length frequency, sorted by length, full table
+----------------------------+
| Length | Count | Of total  |
+----------------------------+
|      1 |     3 | 0.0163 %  |
|      2 |     3 | 0.0163 %  |
|      3 |    28 | 0.1518 %  |
|      4 |    90 | 0.4879 %  |
|      5 |   106 | 0.5746 %  |
|      6 |  6614 | 35.8521 % |
|      7 |  2761 | 14.9664 % |
|      8 |  4699 | 25.4716 % |
|      9 |  1473 | 7.9846 %  |
|     10 |  1580 | 8.5646 %  |
|     11 |   677 | 3.6698 %  |
|     12 |   260 | 1.4094 %  |
|     13 |    80 | 0.4337 %  |
|     14 |    54 | 0.2927 %  |
|     15 |    12 | 0.065 %   |
|     16 |     8 | 0.0434 %  |
+----------------------------+


Charset frequency, sorted by count, full table
+------------------------------------------------------------------------+
|           Charset            | Count | Of total  |   Count/keyspace    |
+------------------------------------------------------------------------+
| lower-upper-numeric-symbolic | 18441 | 99.9621 % |   194.1157894736842 |
| lower-upper-numeric          | 18287 | 99.1273 % |   294.9516129032258 |
| lower-numeric-symbolic       | 17315 | 93.8584 % |  250.94202898550725 |
| lower-numeric                | 17173 | 93.0887 % |  477.02777777777777 |
| upper-numeric-symbolic       | 12078 | 65.4705 % |  175.04347826086956 |
| upper-numeric                | 12023 | 65.1724 % |  333.97222222222223 |
| numeric-symbolic             | 11777 | 63.8389 % |   273.8837209302326 |
| numeric                      | 11726 | 63.5624 % |              1172.6 |
| lower-upper-symbolic         |  2813 | 15.2483 % |   33.09411764705882 |
| lower-upper                  |  2784 | 15.0911 % |   53.53846153846154 |
| lower-symbolic               |  2629 | 14.2509 % |  44.559322033898304 |
| lower                        |  2606 | 14.1262 % |  100.23076923076923 |
| upper-symbolic               |   115 | 0.6234 %  |  1.9491525423728813 |
| upper                        |   110 | 0.5963 %  |   4.230769230769231 |
| symbolic                     |     4 | 0.0217 %  | 0.12121212121212122 |
+------------------------------------------------------------------------+

Charset frequency, sorted by count/keyspace, full table
+------------------------------------------------------------------------+
|           Charset            | Count | Of total  |   Count/keyspace    |
+------------------------------------------------------------------------+
| numeric                      | 11726 | 63.5624 % |              1172.6 |
| lower-numeric                | 17173 | 93.0887 % |  477.02777777777777 |
| upper-numeric                | 12023 | 65.1724 % |  333.97222222222223 |
| lower-upper-numeric          | 18287 | 99.1273 % |   294.9516129032258 |
| numeric-symbolic             | 11777 | 63.8389 % |   273.8837209302326 |
| lower-numeric-symbolic       | 17315 | 93.8584 % |  250.94202898550725 |
| lower-upper-numeric-symbolic | 18441 | 99.9621 % |   194.1157894736842 |
| upper-numeric-symbolic       | 12078 | 65.4705 % |  175.04347826086956 |
| lower                        |  2606 | 14.1262 % |  100.23076923076923 |
| lower-upper                  |  2784 | 15.0911 % |   53.53846153846154 |
| lower-symbolic               |  2629 | 14.2509 % |  44.559322033898304 |
| lower-upper-symbolic         |  2813 | 15.2483 % |   33.09411764705882 |
| upper                        |   110 | 0.5963 %  |   4.230769230769231 |
| upper-symbolic               |   115 | 0.6234 %  |  1.9491525423728813 |
| symbolic                     |     4 | 0.0217 %  | 0.12121212121212122 |
+------------------------------------------------------------------------+


Hashcat mask frequency, sorted by count, top 20
+-------------------------------------------------------------------------------+
|               Mask               | Count | Of total  |     Count/keyspace     |
+-------------------------------------------------------------------------------+
| ?d?d?d?d?d?d                     |  5672 | 30.7459 % |               0.005672 |
| ?d?d?d?d?d?d?d?d?l?l?l?l         |  2687 | 14.5653 % |  5.879958684919995e-11 |
| ?d?d?d?d?d?d?d                   |  1888 | 10.2342 % |              0.0001888 |
| ?l?l?l?l?l?l?l?l?l?l?l?l         |  1037 | 5.6212 %  | 1.0866722599476864e-14 |
| ?l?l?l?l?l?l                     |   541 | 2.9326 %  | 1.7512864088883566e-06 |
| ?d?d?d?d?d?d?d?d?d               |   537 | 2.9109 %  |               5.37e-07 |
| ?l?l?l?l?l?l?l                   |   405 | 2.1954 %  | 5.0424498478585555e-08 |
| ?d?d?d?d?d?d?d?d?d?d?d           |   382 | 2.0707 %  |               3.82e-09 |
| ?d?d?d?d?d?d?d?d?d?d             |   316 | 1.7129 %  |               3.16e-08 |
| ?l?l?l?l?l?l?l?l?l               |   254 | 1.3768 %  |  4.678143989174056e-11 |
| ?l?l?l?l?l?l?l?l?l?l             |   174 | 0.9432 %  | 1.2325818505697847e-12 |
| ?l?l?l?d?d?d?d?d?d               |   166 | 0.8998 %  |    9.4446973145198e-09 |
| ?l?l?d?d?d?d?d?d?l?l?l?l         |   149 | 0.8077 %  |   4.82332116311211e-13 |
| ?l?l?l?l?d?d?d?d?l?l?l?l         |   144 | 0.7806 %  |  6.895657911601444e-14 |
| ?l?l?l?d?d?d?d                   |   120 | 0.6505 %  |  6.827492034592627e-07 |
| ?d?d?d?d?d?d?d?d?d?d?d?d?l?l?l?l |    94 | 0.5095 %  | 2.0570008052939322e-16 |
| ?l?l?l?d?d?d                     |    91 | 0.4933 %  |  5.177514792899409e-06 |
| ?l?l?l?l?l?d?d?d?d               |    89 | 0.4824 %  |  7.490714880162028e-10 |
| ?l?l?d?d?d?d                     |    82 | 0.4445 %  |   1.21301775147929e-05 |
| ?l?l?l?l?l?d?d?d?l?l?l?l         |    73 | 0.3957 %  | 1.3445059496445123e-14 |
+-------------------------------------------------------------------------------+
Words that didn't match any ?l?u?d?s mask: 7 (0.0379 %)

Hashcat mask frequency, sorted by count/keyspace, top 20
+-------------------------------------------------------------+
|      Mask      | Count | Of total  |     Count/keyspace     |
+-------------------------------------------------------------+
| ?d             |     2 | 0.0108 %  |                    0.2 |
| ?s             |     1 | 0.0054 %  |   0.030303030303030304 |
| ?d?d?d         |    23 | 0.1247 %  |                  0.023 |
| ?d?d           |     1 | 0.0054 %  |                   0.01 |
| ?d?d?d?d?d?d   |  5672 | 30.7459 % |               0.005672 |
| ?l?l           |     2 | 0.0108 %  |  0.0029585798816568047 |
| ?d?d?d?d?d     |    40 | 0.2168 %  |                 0.0004 |
| ?s?d?d         |     1 | 0.0054 %  | 0.00030303030303030303 |
| ?d?d?d?d?d?d?d |  1888 | 10.2342 % |              0.0001888 |
| ?l?l?l         |     3 | 0.0163 %  | 0.00017068730086481566 |
| ?u?u?u         |     1 | 0.0054 %  |  5.689576695493855e-05 |
| ?l?l?d?d?d?d   |    82 | 0.4445 %  |   1.21301775147929e-05 |
| ?l?d?d?d?d     |     2 | 0.0108 %  |  7.692307692307692e-06 |
| ?l?l?l?d?d?d   |    91 | 0.4933 %  |  5.177514792899409e-06 |
| ?l?l?l?l?l     |    56 | 0.3036 %  |  4.713258801000827e-06 |
| ?l?d?d?d?d?d   |    12 | 0.065 %   |  4.615384615384615e-06 |
| ?l?l?d?d?d     |     2 | 0.0108 %  | 2.9585798816568047e-06 |
| ?d?d?d?d?l?l   |    16 | 0.0867 %  | 2.3668639053254436e-06 |
| ?d?d?d?d?d?l   |     6 | 0.0325 %  | 2.3076923076923077e-06 |
| ?l?l?l?l?l?l   |   541 | 2.9326 %  | 1.7512864088883566e-06 |
+-------------------------------------------------------------+
Words that didn't match any ?l?u?d?s mask: 7 (0.0379 %)


Charset distribution of characters in beginning and end of words (len>=6)
+-------------------------------------------------------------------------------------------------+
| Charset\Index | 0 (first char) |     1     |     2     |    -3     |    -2     | -1 (last char) |
+-------------------------------------------------------------------------------------------------+
| lower         | 28.2499 %      | 27.9135 % | 25.9688 % | 18.1908 % | 18.317 %  | 18.3595 %      |
| upper         | 3.744 %        | 3.1619 %  | 2.5305 %  | 0.9935 %  | 1.0155 %  | 1.0212 %       |
| digits        | 67.9128 %      | 68.8368 % | 71.3909 % | 80.6784 % | 80.5138 % | 80.3338 %      |
| symbols       | 0.0933 %       | 0.0878 %  | 0.1098 %  | 0.1372 %  | 0.1537 %  | 0.2855 %       |
+-------------------------------------------------------------------------------------------------+


Total characters: 	139314
Unique characters: 	85
Top 50 characters: 	1028359674ainesolhgywucrdmjztxbqkfpvANRIEKSLOWGHYC

Character frequency, sorted by count, top 20
+-------------------------------+
| Character | Count | Of total  |
+-------------------------------+
| 1         | 18223 | 13.0805 % |
| 0         | 12560 | 9.0156 %  |
| 2         | 12371 | 8.8799 %  |
| 8         | 10668 | 7.6575 %  |
| 3         |  9011 | 6.4681 %  |
| 5         |  8533 | 6.125 %   |
| 9         |  8197 | 5.8838 %  |
| 6         |  7936 | 5.6965 %  |
| 7         |  6797 | 4.8789 %  |
| 4         |  6551 | 4.7023 %  |
| a         |  2909 | 2.0881 %  |
| i         |  2507 | 1.7995 %  |
| n         |  2416 | 1.7342 %  |
| e         |  2116 | 1.5189 %  |
| s         |  1833 | 1.3157 %  |
| o         |  1825 | 1.31 %    |
| l         |  1524 | 1.0939 %  |
| h         |  1493 | 1.0717 %  |
| g         |  1379 | 0.9899 %  |
| y         |  1375 | 0.987 %   |
+-------------------------------+


Symbol frequency, sorted by count, top 20
+----------------+
| Symbol | Count |
+----------------+
| .      |    62 |
| *      |    36 |
| @      |    29 |
| -      |    23 |
| _      |    13 |
| &      |    12 |
| !      |    12 |
| #      |     8 |
| /      |     6 |
| %      |     3 |
| ,      |     3 |
| ;      |     3 |
| [      |     3 |
| ?      |     3 |
| )      |     2 |
| (      |     2 |
| ]      |     1 |
+----------------+


