

passpal 0.4 report (www.thepasswordproject.com)

Total words: 	5591
Unique words: 	5559 (99.43 %)

Word frequency, sorted by count, top 20
+------------------------------------+
|      Word       | Count | Of total |
+------------------------------------+
| dominicvinn     |     2 | 0.0358 % |
| 24feb64moosmoos |     2 | 0.0358 % |
| 555555chile     |     2 | 0.0358 % |
| 555555froggy7   |     2 | 0.0358 % |
| 666666aigle     |     2 | 0.0358 % |
| abc123mkie      |     2 | 0.0358 % |
| aaaaaaaatoad    |     2 | 0.0358 % |
| abdulabdulmueid |     2 | 0.0358 % |
| agbaagbaagba    |     2 | 0.0358 % |
| bbbbbbob1958    |     2 | 0.0358 % |
| darthdfyxdfyx   |     2 | 0.0358 % |
| dazzdazzdazz    |     2 | 0.0358 % |
| drededrededrede |     2 | 0.0358 % |
| gloriahst       |     2 | 0.0358 % |
| iliasiliasilias |     2 | 0.0358 % |
| josipjosipjosip |     2 | 0.0358 % |
| krates1es1      |     2 | 0.0358 % |
| lilsenoseno     |     2 | 0.0358 % |
| lotaslotaslotas |     2 | 0.0358 % |
| nikitawez       |     2 | 0.0358 % |
+------------------------------------+


Base word (len>=3) frequency, sorted by count, top 20
+------------------------------------+
|      Word       | Count | Of total |
+------------------------------------+
| leo             |     2 | 0.0358 % |
| joker420joker   |     2 | 0.0358 % |
| sklim01sklim    |     2 | 0.0358 % |
| dominicvinn     |     2 | 0.0358 % |
| feb64moosmoos   |     2 | 0.0358 % |
| chile           |     2 | 0.0358 % |
| froggy          |     2 | 0.0358 % |
| aigle           |     2 | 0.0358 % |
| abc123mkie      |     2 | 0.0358 % |
| aaaaaaaatoad    |     2 | 0.0358 % |
| abdulabdulmueid |     2 | 0.0358 % |
| agbaagbaagba    |     2 | 0.0358 % |
| bbbbbbob        |     2 | 0.0358 % |
| darthdfyxdfyx   |     2 | 0.0358 % |
| dazzdazzdazz    |     2 | 0.0358 % |
| drededrededrede |     2 | 0.0358 % |
| gloriahst       |     2 | 0.0358 % |
| iliasiliasilias |     2 | 0.0358 % |
| josipjosipjosip |     2 | 0.0358 % |
| krates1es       |     2 | 0.0358 % |
+------------------------------------+


Length frequency, sorted by length, full table
+----------------------------+
| Length | Count | Of total  |
+----------------------------+
|      8 |    44 | 0.787 %   |
|      9 |   244 | 4.3642 %  |
|     10 |   473 | 8.46 %    |
|     11 |   623 | 11.1429 % |
|     12 |   905 | 16.1867 % |
|     13 |   816 | 14.5949 % |
|     14 |   804 | 14.3803 % |
|     15 |   615 | 10.9998 % |
|     16 |   416 | 7.4405 %  |
|     17 |   244 | 4.3642 %  |
|     18 |   159 | 2.8439 %  |
|     19 |    95 | 1.6992 %  |
|     20 |    80 | 1.4309 %  |
|     21 |    27 | 0.4829 %  |
|     22 |    24 | 0.4293 %  |
|     23 |     7 | 0.1252 %  |
|     24 |     6 | 0.1073 %  |
|     25 |     1 | 0.0179 %  |
|     26 |     2 | 0.0358 %  |
|     27 |     1 | 0.0179 %  |
|     28 |     2 | 0.0358 %  |
|     29 |     1 | 0.0179 %  |
|     30 |     1 | 0.0179 %  |
|     36 |     1 | 0.0179 %  |
+----------------------------+


Charset frequency, sorted by count, full table
+------------------------------------------------------------------------+
|           Charset            | Count | Of total  |   Count/keyspace    |
+------------------------------------------------------------------------+
| lower-upper-numeric-symbolic |  5586 | 99.9106 % |                58.8 |
| lower-numeric-symbolic       |  5443 | 97.3529 % |    78.8840579710145 |
| lower-upper-numeric          |  5363 | 95.922 %  |                86.5 |
| lower-numeric                |  5228 | 93.5074 % |  145.22222222222223 |
| lower-upper-symbolic         |  3540 | 63.316 %  |   41.64705882352941 |
| lower-symbolic               |  3456 | 61.8136 % |   58.57627118644068 |
| lower-upper                  |  3392 | 60.6689 % |   65.23076923076923 |
| lower                        |  3313 | 59.2559 % |  127.42307692307692 |
| upper-numeric-symbolic       |     5 | 0.0894 %  | 0.07246376811594203 |
| numeric-symbolic             |     5 | 0.0894 %  | 0.11627906976744186 |
| upper-numeric                |     4 | 0.0715 %  |  0.1111111111111111 |
| numeric                      |     4 | 0.0715 %  |                 0.4 |
+------------------------------------------------------------------------+

Charset frequency, sorted by count/keyspace, full table
+------------------------------------------------------------------------+
|           Charset            | Count | Of total  |   Count/keyspace    |
+------------------------------------------------------------------------+
| lower-numeric                |  5228 | 93.5074 % |  145.22222222222223 |
| lower                        |  3313 | 59.2559 % |  127.42307692307692 |
| lower-upper-numeric          |  5363 | 95.922 %  |                86.5 |
| lower-numeric-symbolic       |  5443 | 97.3529 % |    78.8840579710145 |
| lower-upper                  |  3392 | 60.6689 % |   65.23076923076923 |
| lower-upper-numeric-symbolic |  5586 | 99.9106 % |                58.8 |
| lower-symbolic               |  3456 | 61.8136 % |   58.57627118644068 |
| lower-upper-symbolic         |  3540 | 63.316 %  |   41.64705882352941 |
| numeric                      |     4 | 0.0715 %  |                 0.4 |
| numeric-symbolic             |     5 | 0.0894 %  | 0.11627906976744186 |
| upper-numeric                |     4 | 0.0715 %  |  0.1111111111111111 |
| upper-numeric-symbolic       |     5 | 0.0894 %  | 0.07246376811594203 |
+------------------------------------------------------------------------+


Hashcat mask frequency, sorted by count, top 20
+----------------------------------------------------------------------------------------------+
|                       Mask                       | Count | Of total |     Count/keyspace     |
+----------------------------------------------------------------------------------------------+
| ?l?l?l?l?l?l?l?l?l?l?l?l?l?l?l?l                 |   511 | 9.1397 % | 1.1717833765088705e-20 |
| ?l?l?l?l?l?l?l?l?l?l?l?l?l                       |   487 | 8.7104 % | 1.9627972353479836e-16 |
| ?l?l?l?l?l?l?l?l?l?l?l?l?l?l                     |   477 | 8.5316 % |  7.394205348767873e-18 |
| ?l?l?l?l?l?l?l?l?l?l?l?l?l?l?l                   |   383 | 6.8503 % |  2.283487057392433e-19 |
| ?l?l?l?l?l?l?l?l?l?l?l                           |   338 | 6.0454 % |  9.208944860578852e-14 |
| ?l?l?l?l?l?l?l?l?l?l?l?l?l?l?l?l?l?l?l?l         |   282 | 5.0438 % | 1.4150837666000723e-26 |
| ?l?l?l?l?l?l?l?l?l?l                             |   246 | 4.3999 % |  1.742615719771075e-12 |
| ?l?l?l?l?l?l?l?l?l?l?l?l?l?l?l?l?l               |   163 | 2.9154 % |  1.437608688626719e-22 |
| ?l?l?l?l?l?l?l?l?l                               |   139 | 2.4861 % | 2.5600866712409205e-11 |
| ?l?l?l?l?l?l?l?l?l?l?l?l?l?l?l?l?l?l             |   114 | 2.039 %  |  3.867092744300282e-24 |
| ?d?d?d?d?d?d?l?l?l?l?l?l?l?l?l?l                 |    61 | 1.091 %  | 4.3211202807331534e-19 |
| ?l?l?l?l?l?l?l?l?l?l?l?l?l?l?l?l?l?l?l?l?l?l?l?l |    54 | 0.9658 % |  5.929709376888293e-33 |
| ?l?l?l?l?l?l?l?l?l?l?l?l?l?l?l?l?l?l?l           |    51 | 0.9122 % |  6.653904519545022e-26 |
| ?d?d?d?d?d?d?l?l?l?l?l                           |    49 | 0.8764 % | 4.1241014508757235e-12 |
| ?d?d?d?d?d?d?l?l?l?l                             |    37 | 0.6618 % |  8.096705297433563e-11 |
| ?d?d?d?d?d?d?l?l?l?l?l?l?l?l                     |    32 | 0.5723 % | 1.5323684248003208e-16 |
| ?l?l?l?l?d?d?l?l?l?l                             |    31 | 0.5545 % | 1.4844819115253109e-12 |
| ?d?d?d?d?d?d?l?l?l?l?l?l?l                       |    31 | 0.5545 % |  3.859652969965808e-15 |
| ?l?l?l?l?l?l?l?l?l?l?l?l?d?d                     |    25 | 0.4471 % |  2.619749903441867e-18 |
| ?l?l?l?l?l?l?l?l?l?l?l?d?d                       |    23 | 0.4114 % |  6.266441769032947e-17 |
+----------------------------------------------------------------------------------------------+
Words that didn't match any ?l?u?d?s mask: 5 (0.0894 %)

Hashcat mask frequency, sorted by count/keyspace, top 20
+------------------------------------------------------------------+
|         Mask         | Count | Of total |     Count/keyspace     |
+------------------------------------------------------------------+
| ?d?d?d?d?d?d?l?l?l   |    15 | 0.2683 % |  8.534365043240783e-10 |
| ?d?d?d?d?d?l?d?d?d   |     1 | 0.0179 % |  3.846153846153846e-10 |
| ?d?d?d?d?d?l?l?l?l   |    10 | 0.1789 % |  2.188298729036098e-10 |
| ?d?d?d?d?d?d?d?l?l   |     1 | 0.0179 % | 1.4792899408284023e-10 |
| ?d?d?d?d?d?d?l?l?d   |     1 | 0.0179 % | 1.4792899408284023e-10 |
| ?d?d?d?d?d?d?l?l?l?l |    37 | 0.6618 % |  8.096705297433563e-11 |
| ?d?d?d?d?d?d?l?l?s   |     1 | 0.0179 % |  4.482696790389098e-11 |
| ?d?d?d?d?d?d?d?l?d?d |     1 | 0.0179 % |  3.846153846153846e-11 |
| ?d?d?d?d?d?d?l?d?d?d |     1 | 0.0179 % |  3.846153846153846e-11 |
| ?d?d?d?d?d?s?s?l?d   |     1 | 0.0179 % | 3.5318217136398954e-11 |
| ?l?l?l?d?d?d?l?l?l   |     8 | 0.1431 % | 2.5897026379125423e-11 |
| ?l?l?l?l?l?l?l?l?l   |   139 | 2.4861 % | 2.5600866712409205e-11 |
| ?l?l?d?d?d?d?l?l?l   |     3 | 0.0537 % | 2.5249600719647287e-11 |
| ?l?l?d?d?d?l?l?d?d   |     1 | 0.0179 % | 2.1882987290360983e-11 |
| ?d?d?d?d?d?l?s?l?l   |     1 | 0.0179 % |  1.724114150149653e-11 |
| ?d?d?d?d?d?d?l?d?l?l |     3 | 0.0537 % | 1.7068730086481564e-11 |
| ?d?d?d?d?l?l?l?l?l   |     2 | 0.0358 % | 1.6833067146431523e-11 |
| ?d?d?d?d?d?d?d?d?l?l |     1 | 0.0179 % | 1.4792899408284025e-11 |
| ?d?d?d?d?d?d?d?l?l?d |     1 | 0.0179 % | 1.4792899408284025e-11 |
| ?d?d?d?d?d?d?l?d?d?l |     1 | 0.0179 % | 1.4792899408284025e-11 |
+------------------------------------------------------------------+
Words that didn't match any ?l?u?d?s mask: 5 (0.0894 %)


Charset distribution of characters in beginning and end of words (len>=6)
+------------------------------------------------------------------------------------------------+
| Charset\Index | 0 (first char) |     1     |     2     |    -3     |    -2    | -1 (last char) |
+------------------------------------------------------------------------------------------------+
| lower         | 85.6172 %      | 86.9052 % | 86.9791 % | 93.7757 % | 90.753 % | 89.8551 %      |
| upper         | 2.2361 %       | 0.2862 %  | 0.2862 %  | 0.0 %     | 0.0 %    | 0.0 %          |
| digits        | 12.0394 %      | 12.7013 % | 12.7169 % | 5.5625 %  | 8.7104 % | 9.8587 %       |
| symbols       | 0.1073 %       | 0.1073 %  | 0.0179 %  | 0.6618 %  | 0.5366 % | 0.2863 %       |
+------------------------------------------------------------------------------------------------+


Total characters: 	74806
Unique characters: 	77
Top 50 characters: 	aeorinsltmdcuhkbpg1y2wf03jv4xz56798q_- .AMERNSPCBL

Character frequency, sorted by count, top 20
+------------------------------+
| Character | Count | Of total |
+------------------------------+
| a         |  6767 | 9.0461 % |
| e         |  6329 | 8.4606 % |
| o         |  4732 | 6.3257 % |
| r         |  4658 | 6.2268 % |
| i         |  4428 | 5.9193 % |
| n         |  4272 | 5.7108 % |
| s         |  3879 | 5.1854 % |
| l         |  3522 | 4.7082 % |
| t         |  3395 | 4.5384 % |
| m         |  2639 | 3.5278 % |
| d         |  2608 | 3.4864 % |
| c         |  2229 | 2.9797 % |
| u         |  2041 | 2.7284 % |
| h         |  1894 | 2.5319 % |
| k         |  1837 | 2.4557 % |
| b         |  1790 | 2.3929 % |
| p         |  1737 | 2.322 %  |
| g         |  1671 | 2.2338 % |
| 1         |  1493 | 1.9958 % |
| y         |  1294 | 1.7298 % |
+------------------------------+


Symbol frequency, sorted by count, top 20
+----------------+
| Symbol | Count |
+----------------+
| _      |   112 |
| -      |    53 |
|        |    48 |
| .      |    21 |
| /      |     8 |
| *      |     8 |
| @      |     5 |
| #      |     5 |
| ;      |     4 |
| &      |     4 |
| ?      |     3 |
| ,      |     1 |
+----------------+


