

passpal 0.4 report (www.thepasswordproject.com)

Total words: 	1485577
Unique words: 	1485577 (100.0 %)

Word frequency, sorted by count, top 20
+------------------------------+
|   Word    | Count | Of total |
+------------------------------+
|           |     1 | 0.0001 % |
| ACEAPE    |     1 | 0.0001 % |
| ACEAROO   |     1 | 0.0001 % |
| ACEASAR08 |     1 | 0.0001 % |
| ACEAST    |     1 | 0.0001 % |
| ACEATEMU  |     1 | 0.0001 % |
| ACEAUGER  |     1 | 0.0001 % |
| ACEAV8R   |     1 | 0.0001 % |
| ACEAXL    |     1 | 0.0001 % |
| ACEAYDEN  |     1 | 0.0001 % |
| ACEB2008  |     1 | 0.0001 % |
| ACEBABE   |     1 | 0.0001 % |
| ACEBABY1  |     1 | 0.0001 % |
| ACEBABY18 |     1 | 0.0001 % |
| ACEBABY23 |     1 | 0.0001 % |
| ACEBACOO  |     1 | 0.0001 % |
| ACEBAE    |     1 | 0.0001 % |
| ACEBAILY  |     1 | 0.0001 % |
| ACEBALLA  |     1 | 0.0001 % |
| ACEBANE   |     1 | 0.0001 % |
+------------------------------+


Base word (len>=3) frequency, sorted by count, top 20
+-------------------------+
| Word | Count | Of total |
+-------------------------+
| MAY  |   460 | 0.031 %  |
| MOM  |   457 | 0.0308 % |
| SAM  |   393 | 0.0265 % |
| RED  |   360 | 0.0242 % |
| JAN  |   358 | 0.0241 % |
| ABC  |   348 | 0.0234 % |
| DEC  |   336 | 0.0226 % |
| JEN  |   310 | 0.0209 % |
| MAX  |   308 | 0.0207 % |
| FEB  |   294 | 0.0198 % |
| JAY  |   294 | 0.0198 % |
| OCT  |   286 | 0.0193 % |
| DAD  |   282 | 0.019 %  |
| NOV  |   280 | 0.0188 % |
| CAT  |   280 | 0.0188 % |
| JOE  |   270 | 0.0182 % |
| LISA |   270 | 0.0182 % |
| AUG  |   267 | 0.018 %  |
| ASH  |   257 | 0.0173 % |
| KIM  |   251 | 0.0169 % |
+-------------------------+


Length frequency, sorted by length, full table
+-----------------------------+
| Length | Count  | Of total  |
+-----------------------------+
|      0 |      1 | 0.0001 %  |
|      5 |  46816 | 3.1514 %  |
|      6 | 254002 | 17.0979 % |
|      7 | 280478 | 18.8801 % |
|      8 | 252890 | 17.023 %  |
|      9 | 212302 | 14.2909 % |
|     10 | 197445 | 13.2908 % |
|     11 | 104034 | 7.0029 %  |
|     12 |  67402 | 4.5371 %  |
|     13 |  38503 | 2.5918 %  |
|     14 |  26999 | 1.8174 %  |
|     15 |   1972 | 0.1327 %  |
|     16 |   1338 | 0.0901 %  |
|     17 |    581 | 0.0391 %  |
|     18 |    339 | 0.0228 %  |
|     19 |    144 | 0.0097 %  |
|     20 |    115 | 0.0077 %  |
|     21 |     83 | 0.0056 %  |
|     22 |     56 | 0.0038 %  |
|     23 |     37 | 0.0025 %  |
|     24 |     15 | 0.001 %   |
|     25 |     10 | 0.0007 %  |
|     26 |      5 | 0.0003 %  |
|     27 |      4 | 0.0003 %  |
|     28 |      2 | 0.0001 %  |
|     29 |      2 | 0.0001 %  |
|     31 |      1 | 0.0001 %  |
|     34 |      1 | 0.0001 %  |
+-----------------------------+


Charset frequency, sorted by count, full table
+-------------------------------------------------------------------------+
|           Charset            |  Count  | Of total  |   Count/keyspace   |
+-------------------------------------------------------------------------+
| lower-upper-numeric-symbolic | 1485415 | 99.9891 % | 15635.947368421053 |
| upper-numeric-symbolic       | 1485415 | 99.9891 % | 21527.753623188404 |
| lower-upper-numeric          | 1482239 | 99.7753 % |  23907.08064516129 |
| upper-numeric                | 1482239 | 99.7753 % | 41173.305555555555 |
| lower-upper-symbolic         |  564732 | 38.0143 % |  6643.905882352941 |
| upper-symbolic               |  564732 | 38.0143 % |  9571.728813559323 |
| lower-upper                  |  563185 | 37.9102 % |  10830.48076923077 |
| upper                        |  563185 | 37.9102 % |  21660.96153846154 |
| lower-numeric-symbolic       |   20037 | 1.3488 %  | 290.39130434782606 |
| numeric-symbolic             |   20037 | 1.3488 %  |  465.9767441860465 |
| lower-numeric                |   19940 | 1.3422 %  |  553.8888888888889 |
| numeric                      |   19940 | 1.3422 %  |             1994.0 |
+-------------------------------------------------------------------------+

Charset frequency, sorted by count/keyspace, full table
+-------------------------------------------------------------------------+
|           Charset            |  Count  | Of total  |   Count/keyspace   |
+-------------------------------------------------------------------------+
| upper-numeric                | 1482239 | 99.7753 % | 41173.305555555555 |
| lower-upper-numeric          | 1482239 | 99.7753 % |  23907.08064516129 |
| upper                        |  563185 | 37.9102 % |  21660.96153846154 |
| upper-numeric-symbolic       | 1485415 | 99.9891 % | 21527.753623188404 |
| lower-upper-numeric-symbolic | 1485415 | 99.9891 % | 15635.947368421053 |
| lower-upper                  |  563185 | 37.9102 % |  10830.48076923077 |
| upper-symbolic               |  564732 | 38.0143 % |  9571.728813559323 |
| lower-upper-symbolic         |  564732 | 38.0143 % |  6643.905882352941 |
| numeric                      |   19940 | 1.3422 %  |             1994.0 |
| lower-numeric                |   19940 | 1.3422 %  |  553.8888888888889 |
| numeric-symbolic             |   20037 | 1.3488 %  |  465.9767441860465 |
| lower-numeric-symbolic       |   20037 | 1.3488 %  | 290.39130434782606 |
+-------------------------------------------------------------------------+


Hashcat mask frequency, sorted by count, top 20
+-------------------------------------------------------------------------------+
|               Mask               | Count  | Of total |     Count/keyspace     |
+-------------------------------------------------------------------------------+
| ?u?u?u?u?u?u?u?u?l?l?l?l         | 122144 | 8.222 %  | 1.2799469288240136e-12 |
| ?u?u?u?u?u?u                     | 101394 | 6.8252 % |  0.0003282253865856304 |
| ?u?u?u?u?u?u?u                   |  88686 | 5.9698 % | 1.1041844622399602e-05 |
| ?u?u?u?u?u?u?u?u?u               |  66862 | 4.5007 % | 1.2314569425360462e-08 |
| ?u?u?u?u?u?u?u?u?u?u             |  62319 | 4.1949 % |  4.414555652049334e-10 |
| ?u?u?u?d?d?d?d                   |  52709 | 3.548 %  | 0.00029989189804278564 |
| ?u?u?u?u?u?u?u?u?u?u?u           |  39966 | 2.6903 % | 1.0888896162659597e-11 |
| ?u?u?u?u?d?d                     |  38788 | 2.611 %  |  0.0008487973110185218 |
| ?u?u?u?u?u?d?d                   |  32970 | 2.2193 % |  2.774931119089237e-05 |
| ?u?u?d?d?d?d                     |  30246 | 2.036 %  |  0.0044742603550295855 |
| ?u?u?u?u?d?d?d?d?l?l?l?l         |  28754 | 1.9355 % | 1.3769288027096382e-11 |
| ?u?u?u?u?u?u?u?u?u?u?u?u?l?l?l?l |  27173 | 1.8291 % |  6.231089958879753e-19 |
| ?u?u?u?u?u?u?d?d?l?l?l?l         |  27160 | 1.8282 % | 1.9239610954870892e-12 |
| ?u?u?u?u?u?u?d                   |  26213 | 1.7645 % |  8.485484405950184e-06 |
| ?u?u?u?u?u                       |  25559 | 1.7205 % |  0.0021511818159782167 |
| ?u?u?u?u?u?u?u?u?d?d             |  25310 | 1.7037 % | 1.2120076509905038e-09 |
| ?u?u?u?u?u?u?u?d?d               |  25149 | 1.6929 % | 3.1311745981183905e-08 |
| ?u?u?u?u?u?d?d?d?d               |  23539 | 1.5845 % | 1.9811678377992582e-07 |
| ?u?u?u?u?u?u?u?u?d               |  23516 | 1.583 %  | 1.1260992461751357e-08 |
| ?u?u?u?d?d?d                     |  22572 | 1.5194 % |   0.001284251251706873 |
+-------------------------------------------------------------------------------+
Words that didn't match any ?l?u?d?s mask: 162 (0.0109 %)

Hashcat mask frequency, sorted by count/keyspace, top 20
+-------------------------------------------------------------+
|      Mask      | Count  | Of total |     Count/keyspace     |
+-------------------------------------------------------------+
| ?u?d?d?d?d     |   1837 | 0.1237 % |   0.007065384615384616 |
| ?d?d?d?d?u     |   1343 | 0.0904 % |   0.005165384615384615 |
| ?u?u?d?d?d?d   |  30246 | 2.036 %  |  0.0044742603550295855 |
| ?u?u?u?d?d     |   4740 | 0.3191 % |  0.0026968593536640874 |
| ?u?u?u?u?u     |  25559 | 1.7205 % |  0.0021511818159782167 |
| ?u?u?d?d?d     |   1369 | 0.0922 % |  0.0020251479289940828 |
| ?d?d?d?d?u?u   |   9270 | 0.624 %  |   0.001371301775147929 |
| ?u?u?u?d?d?d   |  22572 | 1.5194 % |   0.001284251251706873 |
| ?u?d?d?d?d?d   |   2531 | 0.1704 % |  0.0009734615384615385 |
| ?u?u?u?u?d     |   4213 | 0.2836 % |  0.0009219302545429082 |
| ?u?u?u?u?d?d   |  38788 | 2.611 %  |  0.0008487973110185218 |
| ?d?d?d?d?d?u   |   1422 | 0.0957 % |  0.0005469230769230769 |
| ?d?d?d?u?u     |    367 | 0.0247 % |  0.0005428994082840237 |
| ?d?d?d?d?d     |     46 | 0.0031 % |                0.00046 |
| ?d?d?u?u?u     |    663 | 0.0446 % |  0.0003772189349112426 |
| ?u?u?u?u?u?u   | 101394 | 6.8252 % |  0.0003282253865856304 |
| ?u?d?d?d?d?u   |   2075 | 0.1397 % |  0.0003069526627218935 |
| ?u?u?u?d?d?d?d |  52709 | 3.548 %  | 0.00029989189804278564 |
| ?d?u?u?u?u     |   1349 | 0.0908 % | 0.00029520149854696964 |
| ?u?u?u?d?u     |   1067 | 0.0718 % | 0.00023349147438815168 |
+-------------------------------------------------------------+
Words that didn't match any ?l?u?d?s mask: 162 (0.0109 %)


Charset distribution of characters in beginning and end of words (len>=6)
+-------------------------------------------------------------------------------------------------+
| Charset\Index | 0 (first char) |     1     |     2     |    -3     |    -2     | -1 (last char) |
+-------------------------------------------------------------------------------------------------+
| lower         | 0.0 %          | 0.0 %     | 0.0 %     | 0.0 %     | 0.0 %     | 0.0 %          |
| upper         | 90.3216 %      | 89.5902 % | 87.1707 % | 70.2068 % | 58.6697 % | 51.4236 %      |
| digits        | 9.6729 %       | 10.396 %  | 12.8143 % | 29.7636 % | 41.3067 % | 48.5521 %      |
| symbols       | 0.0055 %       | 0.0138 %  | 0.015 %   | 0.0295 %  | 0.0236 %  | 0.0243 %       |
+-------------------------------------------------------------------------------------------------+


Total characters: 	12538305
Unique characters: 	67
Top 50 characters: 	AEOINRSL1TM2D0CBHYUK3G947P586JFWVZXQ@._-! *#&$/;:'

Character frequency, sorted by count, top 20
+--------------------------------+
| Character |  Count  | Of total |
+--------------------------------+
| A         | 1036250 | 8.2647 % |
| E         |  865029 | 6.8991 % |
| O         |  623669 | 4.9741 % |
| I         |  602045 | 4.8016 % |
| N         |  576280 | 4.5962 % |
| R         |  573886 | 4.5771 % |
| S         |  557696 | 4.4479 % |
| L         |  524398 | 4.1824 % |
| 1         |  521425 | 4.1587 % |
| T         |  462528 | 3.6889 % |
| M         |  429850 | 3.4283 % |
| 2         |  383786 | 3.0609 % |
| D         |  365410 | 2.9143 % |
| 0         |  353487 | 2.8193 % |
| C         |  353038 | 2.8157 % |
| B         |  319905 | 2.5514 % |
| H         |  315934 | 2.5198 % |
| Y         |  288978 | 2.3048 % |
| U         |  285091 | 2.2738 % |
| K         |  272729 | 2.1752 % |
+--------------------------------+


Symbol frequency, sorted by count, top 20
+----------------+
| Symbol | Count |
+----------------+
| @      |  1018 |
| .      |  1013 |
| _      |   791 |
| -      |   758 |
| !      |   223 |
|        |   196 |
| *      |   147 |
| #      |   110 |
| &      |   108 |
| /      |    61 |
| ;      |    44 |
| :      |    35 |
| '      |    32 |
| ?      |    31 |
| %      |    30 |
| )      |    23 |
| (      |    16 |
| [      |    11 |
| \      |     7 |
| ]      |     4 |
+----------------+


