                       _ 
     StatsGen 0.0.3   | |
      _ __   __ _  ___| | _
     | '_ \ / _` |/ __| |/ /
     | |_) | (_| | (__|   < 
     | .__/ \__,_|\___|_|\_\
     | |                    
     |_| iphelix@thesprawl.org


[*] Analyzing passwords in [/admin/hashpass/003-targets/00-ffgbeach/ffgbeach.dic]
[+] Analyzing 100% (476254/476254) of passwords
    NOTE: Statistics below is relative to the number of analyzed passwords, not total number of passwords

[*] Length:
[+]                         6: 23% (112578)
[+]                         7: 18% (86614)
[+]                         8: 17% (84894)
[+]                         9: 11% (55255)
[+]                        10: 08% (39990)
[+]                         5: 05% (27311)
[+]                        11: 03% (18770)
[+]                         4: 03% (16735)
[+]                        12: 02% (11476)
[+]                        13: 01% (6625)
[+]                         3: 01% (5324)
[+]                        14: 00% (4185)
[+]                        15: 00% (2232)
[+]                         2: 00% (1254)
[+]                        16: 00% (1251)
[+]                        17: 00% (558)
[+]                        18: 00% (438)
[+]                         1: 00% (253)
[+]                        19: 00% (161)
[+]                        20: 00% (91)
[+]                        21: 00% (83)
[+]                        26: 00% (37)
[+]                        22: 00% (32)
[+]                        23: 00% (21)
[+]                        24: 00% (20)
[+]                        25: 00% (13)
[+]                        35: 00% (10)
[+]                        27: 00% (7)
[+]                        30: 00% (6)
[+]                        33: 00% (6)
[+]                        41: 00% (6)
[+]                        31: 00% (5)
[+]                        54: 00% (5)
[+]                        29: 00% (2)
[+]                        42: 00% (2)
[+]                        28: 00% (1)
[+]                        36: 00% (1)
[+]                        40: 00% (1)
[+]                        44: 00% (1)

[*] Character-set:
[+]                loweralpha: 45% (215991)
[+]             loweralphanum: 37% (180844)
[+]                   numeric: 09% (43932)
[+]             mixedalphanum: 01% (6790)
[+]                upperalpha: 01% (6301)
[+]                mixedalpha: 01% (6151)
[+]         loweralphaspecial: 01% (5567)
[+]             upperalphanum: 01% (5562)
[+]      loweralphaspecialnum: 00% (3308)
[+]         mixedalphaspecial: 00% (487)
[+]                specialnum: 00% (412)
[+]                       all: 00% (300)
[+]         upperalphaspecial: 00% (297)
[+]                   special: 00% (212)
[+]      upperalphaspecialnum: 00% (100)

[*] Password complexity:
[+]                     digit: min(0) max(41)
[+]                     lower: min(0) max(44)
[+]                     upper: min(0) max(30)
[+]                   special: min(0) max(54)

[*] Simple Masks:
[+]                    string: 47% (228443)
[+]               stringdigit: 35% (171438)
[+]                     digit: 09% (43932)
[+]               digitstring: 02% (10632)
[+]         stringdigitstring: 01% (6128)
[+]                 othermask: 01% (5468)
[+]       stringspecialstring: 00% (3717)
[+]             stringspecial: 00% (1796)
[+]        stringspecialdigit: 00% (1629)
[+]          digitstringdigit: 00% (1548)
[+]        stringdigitspecial: 00% (535)
[+]                   special: 00% (212)
[+]      specialstringspecial: 00% (149)
[+]        specialdigitstring: 00% (112)
[+]         digitspecialdigit: 00% (104)
[+]              digitspecial: 00% (99)
[+]        digitstringspecial: 00% (89)
[+]             specialstring: 00% (79)
[+]        digitspecialstring: 00% (75)
[+]        specialstringdigit: 00% (35)
[+]       specialdigitspecial: 00% (22)
[+]              specialdigit: 00% (12)

[*] Advanced Masks:
[+]              ?l?l?l?l?l?l: 11% (54707)
[+]            ?l?l?l?l?l?l?l: 07% (36362)
[+]          ?l?l?l?l?l?l?l?l: 06% (33272)
[+]        ?l?l?l?l?l?l?l?l?l: 04% (20690)
[+]                ?l?l?l?l?l: 04% (19500)
[+]              ?d?d?d?d?d?d: 03% (18384)
[+]          ?l?l?l?l?l?l?d?d: 03% (15274)
[+]      ?l?l?l?l?l?l?l?l?l?l: 03% (14637)
[+]            ?l?l?l?l?l?d?d: 02% (13519)
[+]              ?l?l?l?l?d?d: 02% (12138)
[+]                  ?l?l?l?l: 02% (11980)
[+]              ?l?l?l?l?l?d: 02% (10354)
[+]            ?l?l?l?l?l?l?d: 01% (9406)
[+]          ?l?l?l?l?l?d?d?d: 01% (8402)
[+]        ?l?l?l?l?l?l?l?d?d: 01% (7690)
[+]    ?l?l?l?l?l?l?l?l?l?l?l: 01% (7530)
[+]            ?d?d?d?d?d?d?d: 01% (7044)
[+]            ?l?l?l?l?d?d?d: 01% (7000)
[+]      ?l?l?l?l?l?l?l?l?d?d: 01% (6724)
[+]          ?l?l?l?l?l?l?l?d: 01% (6563)
[+]        ?l?l?l?l?l?l?d?d?d: 01% (6302)
[+]              ?l?l?l?d?d?d: 01% (5386)
[+]        ?l?l?l?l?l?l?l?l?d: 01% (5108)
[+]  ?l?l?l?l?l?l?l?l?l?l?l?l: 01% (5047)
