                       _ 
     StatsGen 0.0.3   | |
      _ __   __ _  ___| | _
     | '_ \ / _` |/ __| |/ /
     | |_) | (_| | (__|   < 
     | .__/ \__,_|\___|_|\_\
     | |                    
     |_| iphelix@thesprawl.org


[*] Analyzing passwords in [/admin/hashpass/003-targets/00-gamigo/gamigo.dic]
[+] Analyzing 100% (6924264/6924264) of passwords
    NOTE: Statistics below is relative to the number of analyzed passwords, not total number of passwords

[*] Length:
[+]                        10: 48% (3326249)
[+]                         8: 19% (1319461)
[+]                         9: 11% (776590)
[+]                         7: 05% (395173)
[+]                         6: 05% (382098)
[+]                        11: 03% (271101)
[+]                        12: 02% (204841)
[+]                        13: 01% (87544)
[+]                        14: 00% (55877)
[+]                         5: 00% (51048)
[+]                        15: 00% (32221)
[+]                         4: 00% (11133)
[+]                        16: 00% (8687)
[+]                        35: 00% (778)
[+]                        17: 00% (512)
[+]                        18: 00% (292)
[+]                         3: 00% (136)
[+]                        19: 00% (121)
[+]                        32: 00% (113)
[+]                        20: 00% (95)
[+]                        21: 00% (32)
[+]                        40: 00% (26)
[+]                        22: 00% (25)
[+]                        23: 00% (25)
[+]                        34: 00% (18)
[+]                        24: 00% (14)
[+]                        26: 00% (11)
[+]                        38: 00% (8)
[+]                        36: 00% (6)
[+]                        25: 00% (5)
[+]                        27: 00% (5)
[+]                        37: 00% (4)
[+]                        44: 00% (4)
[+]                         2: 00% (2)
[+]                        29: 00% (2)
[+]                        41: 00% (2)
[+]                        30: 00% (1)
[+]                        31: 00% (1)
[+]                        33: 00% (1)
[+]                        39: 00% (1)
[+]                        49: 00% (1)

[*] Character-set:
[+]             loweralphanum: 67% (4688480)
[+]             mixedalphanum: 12% (832503)
[+]                loweralpha: 11% (807038)
[+]                   numeric: 04% (297724)
[+]                mixedalpha: 02% (201177)
[+]             upperalphanum: 00% (49053)
[+]                upperalpha: 00% (21649)
[+]      loweralphaspecialnum: 00% (10679)
[+]         loweralphaspecial: 00% (7249)
[+]                       all: 00% (4239)
[+]         mixedalphaspecial: 00% (2232)
[+]                specialnum: 00% (1333)
[+]      upperalphaspecialnum: 00% (495)
[+]         upperalphaspecial: 00% (369)
[+]                   special: 00% (44)

[*] Password complexity:
[+]                     digit: min(0) max(32)
[+]                     lower: min(0) max(37)
[+]                     upper: min(0) max(29)
[+]                   special: min(0) max(24)

[*] Simple Masks:
[+]                 othermask: 36% (2497952)
[+]               stringdigit: 27% (1888581)
[+]                    string: 14% (1029864)
[+]         stringdigitstring: 12% (850504)
[+]                     digit: 04% (297724)
[+]               digitstring: 03% (265890)
[+]          digitstringdigit: 01% (75469)
[+]       stringspecialstring: 00% (5770)
[+]        stringspecialdigit: 00% (5288)
[+]             stringspecial: 00% (2352)
[+]        stringdigitspecial: 00% (1983)
[+]        digitspecialstring: 00% (506)
[+]      specialstringspecial: 00% (484)
[+]        specialstringdigit: 00% (428)
[+]             specialstring: 00% (425)
[+]        digitstringspecial: 00% (345)
[+]              digitspecial: 00% (244)
[+]         digitspecialdigit: 00% (165)
[+]              specialdigit: 00% (93)
[+]        specialdigitstring: 00% (82)
[+]       specialdigitspecial: 00% (71)
[+]                   special: 00% (44)

[*] Advanced Masks:
[+]        ?l?l?l?u?u?u?d?d?d: 02% (191346)
[+]          ?l?l?l?l?l?l?l?l: 02% (160772)
[+]          ?l?l?l?l?l?l?d?d: 02% (146971)
[+]              ?l?l?l?l?l?l: 01% (126387)
[+]            ?l?l?l?l?l?l?l: 01% (115109)
[+]        ?l?l?l?l?l?l?l?l?l: 01% (114667)
[+]      ?l?l?l?l?l?l?l?l?l?l: 01% (107181)
[+]          ?d?d?d?d?d?d?d?d: 01% (92129)
[+]        ?l?l?l?l?l?l?l?d?d: 01% (84706)
[+]      ?d?d?l?l?l?l?l?l?l?l: 01% (79531)
[+]      ?l?l?l?d?l?d?l?l?l?l: 01% (79075)
[+]      ?l?l?l?l?d?d?l?l?l?l: 01% (79006)
[+]      ?l?l?l?l?d?l?l?l?d?l: 01% (78998)
[+]      ?l?l?l?l?d?l?d?l?l?l: 01% (78849)
[+]      ?l?l?d?l?l?l?l?l?d?l: 01% (78829)
[+]      ?l?d?l?l?l?d?l?l?l?l: 01% (78803)
[+]      ?l?d?l?l?l?l?l?d?l?l: 01% (78785)
[+]      ?l?l?l?l?d?l?l?d?l?l: 01% (78650)
[+]      ?l?l?l?d?l?l?d?l?l?l: 01% (78561)
[+]      ?l?d?l?d?l?l?l?l?l?l: 01% (78502)
[+]      ?l?d?l?l?l?l?d?l?l?l: 01% (78425)
[+]      ?l?d?l?l?l?l?l?l?d?l: 01% (78379)
[+]      ?l?l?l?d?l?l?l?l?d?l: 01% (78372)
[+]      ?l?l?l?d?l?l?l?d?l?l: 01% (78357)
[+]      ?l?l?l?l?l?d?d?l?l?l: 01% (78356)
[+]      ?l?l?l?l?l?d?l?d?l?l: 01% (78350)
[+]      ?l?l?d?l?l?l?d?l?l?l: 01% (78245)
[+]      ?l?l?l?d?d?l?l?l?l?l: 01% (78204)
[+]      ?l?l?l?l?l?l?d?l?d?l: 01% (78131)
[+]      ?l?l?l?l?l?d?l?l?d?l: 01% (78045)
[+]      ?d?l?l?l?l?l?l?d?l?l: 01% (78030)
[+]      ?l?d?l?l?d?l?l?l?l?l: 01% (77986)
[+]      ?l?l?l?l?l?l?d?d?l?l: 01% (77982)
[+]      ?l?l?d?l?l?d?l?l?l?l: 01% (77937)
[+]      ?l?l?l?l?l?l?l?d?d?l: 01% (77925)
[+]      ?l?l?d?l?l?l?l?d?l?l: 01% (77919)
[+]      ?d?l?l?l?l?l?l?l?d?l: 01% (77706)
[+]      ?l?l?d?d?l?l?l?l?l?l: 01% (77679)
[+]      ?l?l?d?l?d?l?l?l?l?l: 01% (77618)
[+]      ?d?l?l?l?l?d?l?l?l?l: 01% (77432)
[+]      ?l?d?d?l?l?l?l?l?l?l: 01% (77249)
[+]      ?d?l?l?l?l?l?d?l?l?l: 01% (77066)
[+]      ?d?l?l?l?d?l?l?l?l?l: 01% (76979)
[+]      ?d?l?d?l?l?l?l?l?l?l: 01% (76767)
[+]      ?d?l?l?d?l?l?l?l?l?l: 01% (76469)
[+]              ?d?d?d?d?d?d: 01% (75449)
[+]          ?l?l?l?l?d?d?d?d: 01% (74278)
[+]            ?l?l?l?l?l?d?d: 01% (69356)
