

passpal 0.4 report (www.thepasswordproject.com)

Total words: 	44789
Unique words: 	27146 (60.61 %)

Word frequency, sorted by count, top 20
+-------------------------------+
|    Word    | Count | Of total |
+-------------------------------+
| 123456     |   493 | 1.1007 % |
| password   |   186 | 0.4153 % |
| qwerty     |   104 | 0.2322 % |
| 123456789  |    95 | 0.2121 % |
| 12345      |    93 | 0.2076 % |
| 1234       |    62 | 0.1384 % |
| liverpool  |    45 | 0.1005 % |
| 111111     |    43 | 0.096 %  |
| 12345678   |    35 | 0.0781 % |
| dragon     |    35 | 0.0781 % |
| fuckyou    |    35 | 0.0781 % |
| VQsaBLPzLa |    35 | 0.0781 % |
| 000000     |    33 | 0.0737 % |
| abc123     |    32 | 0.0714 % |
| monkey     |    32 | 0.0714 % |
| 9818438    |    31 | 0.0692 % |
| 666666     |    29 | 0.0647 % |
| 123123     |    28 | 0.0625 % |
| 123        |    24 | 0.0536 % |
| 1234567    |    24 | 0.0536 % |
+-------------------------------+


Base word (len>=3) frequency, sorted by count, top 20
+-------------------------------+
|    Word    | Count | Of total |
+-------------------------------+
| password   |   210 | 0.4689 % |
| qwerty     |   135 | 0.3014 % |
| abc        |    51 | 0.1139 % |
| liverpool  |    49 | 0.1094 % |
| dragon     |    48 | 0.1072 % |
| monkey     |    47 | 0.1049 % |
| fuckyou    |    39 | 0.0871 % |
| VQsaBLPzLa |    35 | 0.0781 % |
| porn       |    32 | 0.0714 % |
| killer     |    30 | 0.067 %  |
| baseball   |    28 | 0.0625 % |
| love       |    26 | 0.058 %  |
| andrew     |    26 | 0.058 %  |
| cheese     |    25 | 0.0558 % |
| football   |    25 | 0.0558 % |
| fuckme     |    25 | 0.0558 % |
| pussy      |    24 | 0.0536 % |
| john       |    24 | 0.0536 % |
| asdfgh     |    23 | 0.0514 % |
| arsenal    |    23 | 0.0514 % |
+-------------------------------+


Length frequency, sorted by length, full table
+----------------------------+
| Length | Count | Of total  |
+----------------------------+
|      1 |    23 | 0.0514 %  |
|      2 |    51 | 0.1139 %  |
|      3 |   332 | 0.7413 %  |
|      4 |  1466 | 3.2731 %  |
|      5 |  1777 | 3.9675 %  |
|      6 | 10200 | 22.7734 % |
|      7 |  6601 | 14.738 %  |
|      8 |  7684 | 17.156 %  |
|      9 |  3610 | 8.06 %    |
|     10 |  3147 | 7.0263 %  |
|     11 |   874 | 1.9514 %  |
|     12 |   374 | 0.835 %   |
|     13 |   186 | 0.4153 %  |
|     14 |   100 | 0.2233 %  |
|     15 |    47 | 0.1049 %  |
|     16 |    22 | 0.0491 %  |
|     17 |     2 | 0.0045 %  |
|     18 |     3 | 0.0067 %  |
|     19 |     1 | 0.0022 %  |
|     20 |     2 | 0.0045 %  |
|     32 |     1 | 0.0022 %  |
|     33 |     1 | 0.0022 %  |
|     34 |     9 | 0.0201 %  |
|     35 |  8276 | 18.4778 % |
+----------------------------+


Charset frequency, sorted by count, full table
+------------------------------------------------------------------------+
|           Charset            | Count | Of total  |   Count/keyspace    |
+------------------------------------------------------------------------+
| lower-upper-numeric-symbolic | 42946 | 95.8852 % |  452.06315789473683 |
| lower-upper-numeric          | 38511 | 85.9832 % |   621.1451612903226 |
| lower-numeric-symbolic       | 35747 | 79.812 %  |    518.072463768116 |
| lower-numeric                | 33682 | 75.2015 % |   935.6111111111111 |
| lower-upper-symbolic         | 19039 | 42.5082 % |  223.98823529411766 |
| lower-upper                  | 18799 | 41.9724 % |   361.5192307692308 |
| lower-symbolic               | 17949 | 40.0746 % |  304.22033898305085 |
| lower                        | 17743 | 39.6146 % |   682.4230769230769 |
| upper-numeric-symbolic       |  5703 | 12.733 %  |   82.65217391304348 |
| upper-numeric                |  5670 | 12.6594 % |               157.5 |
| numeric-symbolic             |  5077 | 11.3354 % |  118.06976744186046 |
| numeric                      |  5056 | 11.2885 % |               505.6 |
| upper-symbolic               |   355 | 0.7926 %  |   6.016949152542373 |
| upper                        |   342 | 0.7636 %  |  13.153846153846153 |
| symbolic                     |     7 | 0.0156 %  | 0.21212121212121213 |
+------------------------------------------------------------------------+

Charset frequency, sorted by count/keyspace, full table
+------------------------------------------------------------------------+
|           Charset            | Count | Of total  |   Count/keyspace    |
+------------------------------------------------------------------------+
| lower-numeric                | 33682 | 75.2015 % |   935.6111111111111 |
| lower                        | 17743 | 39.6146 % |   682.4230769230769 |
| lower-upper-numeric          | 38511 | 85.9832 % |   621.1451612903226 |
| lower-numeric-symbolic       | 35747 | 79.812 %  |    518.072463768116 |
| numeric                      |  5056 | 11.2885 % |               505.6 |
| lower-upper-numeric-symbolic | 42946 | 95.8852 % |  452.06315789473683 |
| lower-upper                  | 18799 | 41.9724 % |   361.5192307692308 |
| lower-symbolic               | 17949 | 40.0746 % |  304.22033898305085 |
| lower-upper-symbolic         | 19039 | 42.5082 % |  223.98823529411766 |
| upper-numeric                |  5670 | 12.6594 % |               157.5 |
| numeric-symbolic             |  5077 | 11.3354 % |  118.06976744186046 |
| upper-numeric-symbolic       |  5703 | 12.733 %  |   82.65217391304348 |
| upper                        |   342 | 0.7636 %  |  13.153846153846153 |
| upper-symbolic               |   355 | 0.7926 %  |   6.016949152542373 |
| symbolic                     |     7 | 0.0156 %  | 0.21212121212121213 |
+------------------------------------------------------------------------+


Hashcat mask frequency, sorted by count, top 20
+-----------------------------------------------------------------------+
|           Mask           | Count | Of total  |     Count/keyspace     |
+-----------------------------------------------------------------------+
| ?l?l?l?l?l?l             |  5292 | 11.8154 % | 1.7130882949791467e-05 |
| ?l?l?l?l?l?l?l           |  3534 | 7.8903 %  |  4.400004385761021e-07 |
| ?l?l?l?l?l?l?l?l?l?l?l?l |  3401 | 7.5934 %  |  3.563907768642316e-14 |
| ?d?d?d?d?d?d             |  2490 | 5.5594 %  |                0.00249 |
| ?l?l?l?l?l?l?l?l?l       |  1572 | 3.5098 %  | 2.8952922641659906e-10 |
| ?l?l?l?l?l               |  1264 | 2.8221 %  | 0.00010638498436544723 |
| ?l?l?l?l?l?l?l?l?l?l     |   877 | 1.9581 %  |  6.212495879021271e-12 |
| ?l?l?l?l?l?l?d?d?l?l?l?l |   865 | 1.9313 %  |  6.127490234154389e-14 |
| ?l?l?l?l?l?l?l?l         |   799 | 1.7839 %  |  3.826132410673301e-09 |
| ?d?d?d?d?d?d?d?d?l?l?l?l |   753 | 1.6812 %  |  1.647788942964182e-11 |
| ?d?d?d?d?d?d?d           |   601 | 1.3418 %  |               6.01e-05 |
| ?l?l?l?l?l?l?l?d?l?l?l?l |   592 | 1.3218 %  | 1.6129276205510888e-14 |
| ?l?l?l?l?l?d?d           |   566 | 1.2637 %  | 4.7637580024401213e-07 |
| ?l?l?l?l?l?l?d           |   545 | 1.2168 %  | 1.7642349220779193e-07 |
| ?l?l?l?l?l?d             |   532 | 1.1878 %  |  4.477595860950785e-06 |
| ?l?l?l?l?d?d             |   526 | 1.1744 %  | 1.1510451314729876e-05 |
| ?d?d?d?d?l?l?l?l         |   434 | 0.969 %   |  9.497216484016666e-08 |
| ?l?l?l?l?d?d?d?d?l?l?l?l |   395 | 0.8819 %  | 1.8915172743628961e-13 |
| ?l?l?l?l?l?d?d?d?l?l?l?l |   375 | 0.8373 %  |  6.906708645434138e-14 |
| ?l?l?l?l?l?l?l?d?d       |   372 | 0.8306 %  | 4.6315835639589695e-10 |
+-----------------------------------------------------------------------+
Words that didn't match any ?l?u?d?s mask: 1843 (4.1148 %)

Hashcat mask frequency, sorted by count/keyspace, top 20
+----------------------------------------------------------+
|     Mask     | Count | Of total |     Count/keyspace     |
+----------------------------------------------------------+
| ?l           |    20 | 0.0447 % |     0.7692307692307693 |
| ?d           |     2 | 0.0045 % |                    0.2 |
| ?d?d         |     8 | 0.0179 % |                   0.08 |
| ?l?l         |    31 | 0.0692 % |    0.04585798816568047 |
| ?d?d?d       |    45 | 0.1005 % |                  0.045 |
| ?u           |     1 | 0.0022 % |   0.038461538461538464 |
| ?l?l?l       |   236 | 0.5269 % |   0.013427401001365498 |
| ?u?l         |     6 | 0.0134 % |   0.008875739644970414 |
| ?u?u         |     4 | 0.0089 % |   0.005917159763313609 |
| ?l?d         |     1 | 0.0022 % |  0.0038461538461538464 |
| ?d?l         |     1 | 0.0022 % |  0.0038461538461538464 |
| ?d?d?d?d?d?d |  2490 | 5.5594 % |                0.00249 |
| ?d?d?d?d?d   |   230 | 0.5135 % |                 0.0023 |
| ?u?l?l       |    26 | 0.058 %  |  0.0014792899408284023 |
| ?s?d?d       |     4 | 0.0089 % |  0.0012121212121212121 |
| ?l?d?d       |     2 | 0.0045 % |  0.0007692307692307692 |
| ?l?l?d       |     5 | 0.0112 % |  0.0007396449704142012 |
| ?u?u?u       |     8 | 0.0179 % |  0.0004551661356395084 |
| ?s?l?l       |     3 | 0.0067 % | 0.00013448090371167293 |
| ?l?l?l?l?l   |  1264 | 2.8221 % | 0.00010638498436544723 |
+----------------------------------------------------------+
Words that didn't match any ?l?u?d?s mask: 1843 (4.1148 %)


Charset distribution of characters in beginning and end of words (len>=6)
+------------------------------------------------------------------------------------------------+
| Charset\Index | 0 (first char) |    1     |     2     |    -3     |    -2     | -1 (last char) |
+------------------------------------------------------------------------------------------------+
| lower         | 68.3345 %      | 70.811 % | 70.6873 % | 62.0453 % | 55.0405 % | 49.5042 %      |
| upper         | 4.9575 %       | 2.3899 % | 2.249 %   | 6.9148 %  | 6.7856 %  | 6.6146 %       |
| digits        | 26.5791 %      | 26.697 % | 26.9712 % | 25.6736 % | 32.7557 % | 38.2978 %      |
| symbols       | 0.1289 %       | 0.1021 % | 0.0924 %  | 5.3664 %  | 5.4181 %  | 5.5834 %       |
+------------------------------------------------------------------------------------------------+


Total characters: 	557864
Unique characters: 	96
Top 50 characters: 	ae12cd05b396487forsinltmhupkgywjvzxqAESLRNTIOCBPGH

Character frequency, sorted by count, top 20
+------------------------------+
| Character | Count | Of total |
+------------------------------+
| a         | 35957 | 6.4455 % |
| e         | 34877 | 6.2519 % |
| 1         | 29695 | 5.323 %  |
| 2         | 25123 | 4.5034 % |
| c         | 23990 | 4.3003 % |
| d         | 23777 | 4.2621 % |
| 0         | 23743 | 4.2561 % |
| 5         | 23261 | 4.1697 % |
| b         | 23165 | 4.1524 % |
| 3         | 23104 | 4.1415 % |
| 9         | 22359 | 4.008 %  |
| 6         | 21982 | 3.9404 % |
| 4         | 21962 | 3.9368 % |
| 8         | 21731 | 3.8954 % |
| 7         | 21059 | 3.7749 % |
| f         | 19857 | 3.5595 % |
| o         | 14018 | 2.5128 % |
| r         | 12852 | 2.3038 % |
| s         | 12422 | 2.2267 % |
| i         | 12185 | 2.1842 % |
+------------------------------+


Symbol frequency, sorted by count, top 20
+----------------+
| Symbol | Count |
+----------------+
| .      |   402 |
| !      |   377 |
| _      |   347 |
| -      |   336 |
| #      |   332 |
| *      |   322 |
| @      |   298 |
|        |   291 |
| &      |   287 |
| '      |   277 |
| ;      |   277 |
| (      |   276 |
| \      |   273 |
| "      |   273 |
| ,      |   269 |
| ]      |   269 |
| {      |   267 |
| :      |   264 |
| /      |   263 |
| ?      |   262 |
+----------------+


