

passpal 0.4 report (www.thepasswordproject.com)

Total words: 	1085085
Unique words: 	474722 (43.75 %)

Word frequency, sorted by count, top 20
+-----------------------------+
|   Word   | Count | Of total |
+-----------------------------+
| 123456   |  2516 | 0.2319 % |
| password |  2190 | 0.2018 % |
| 12345678 |  1205 | 0.1111 % |
| lifehack |   782 | 0.0721 % |
| qwerty   |   696 | 0.0641 % |
| jalopnik |   686 | 0.0632 % |
| gizmodo1 |   686 | 0.0632 % |
| gawker   |   678 | 0.0625 % |
| gizmodo  |   604 | 0.0557 % |
| abc123   |   499 | 0.046 %  |
| wonkette |   469 | 0.0432 % |
| 12345    |   459 | 0.0423 % |
| monkey   |   439 | 0.0405 % |
| 111111   |   413 | 0.0381 % |
| consumer |   385 | 0.0355 % |
| letmein  |   376 | 0.0347 % |
| 1234     |   351 | 0.0323 % |
| dragon   |   318 | 0.0293 % |
| trustno1 |   307 | 0.0283 % |
| baseball |   303 | 0.0279 % |
+-----------------------------+


Base word (len>=3) frequency, sorted by count, top 20
+-----------------------------+
|   Word   | Count | Of total |
+-----------------------------+
| password |  2190 | 0.2018 % |
| gizmodo  |  2002 | 0.1845 % |
| qwerty   |  1111 | 0.1024 % |
| gawker   |  1069 | 0.0985 % |
| monkey   |   829 | 0.0764 % |
| abc      |   820 | 0.0756 % |
| lifehack |   782 | 0.0721 % |
| jalopnik |   686 | 0.0632 % |
| kotaku   |   588 | 0.0542 % |
| dragon   |   556 | 0.0512 % |
| love     |   514 | 0.0474 % |
| hello    |   497 | 0.0458 % |
| letmein  |   484 | 0.0446 % |
| blue     |   469 | 0.0432 % |
| wonkette |   469 | 0.0432 % |
| asdf     |   426 | 0.0393 % |
| fuckyou  |   417 | 0.0384 % |
| shadow   |   408 | 0.0376 % |
| consumer |   385 | 0.0355 % |
| cheese   |   380 | 0.035 %  |
+-----------------------------+


Length frequency, sorted by length, full table
+-----------------------------+
| Length | Count  | Of total  |
+-----------------------------+
|      1 |    129 | 0.0119 %  |
|      2 |    335 | 0.0309 %  |
|      3 |   2676 | 0.2466 %  |
|      4 |  15759 | 1.4523 %  |
|      5 |  28141 | 2.5934 %  |
|      6 | 194246 | 17.9015 % |
|      7 | 158680 | 14.6237 % |
|      8 | 685119 | 63.1397 % |
+-----------------------------+


Charset frequency, sorted by count, full table
+-------------------------------------------------------------------------+
|           Charset            |  Count  | Of total  |   Count/keyspace   |
+-------------------------------------------------------------------------+
| lower-upper-numeric-symbolic | 1083120 | 99.8189 % | 11401.263157894737 |
| lower-upper-numeric          | 1064565 | 98.1089 % |  17170.40322580645 |
| lower-numeric-symbolic       | 1001162 | 92.2658 % |  14509.59420289855 |
| lower-numeric                |  986639 | 90.9273 % |  27406.63888888889 |
| lower-upper-symbolic         |  500243 | 46.1017 % |  5885.211764705882 |
| lower-upper                  |  489586 | 45.1196 % |  9415.115384615385 |
| lower-symbolic               |  468236 | 43.152 %  |  7936.203389830508 |
| lower                        |  459271 | 42.3258 % |  17664.26923076923 |
| upper-numeric-symbolic       |   70992 | 6.5425 %  | 1028.8695652173913 |
| upper-numeric                |   70285 | 6.4774 %  |  1952.361111111111 |
| numeric-symbolic             |   57021 | 5.255 %   | 1326.0697674418604 |
| numeric                      |   56638 | 5.2197 %  |             5663.8 |
| upper-symbolic               |    6936 | 0.6392 %  | 117.55932203389831 |
| upper                        |    6659 | 0.6137 %  | 256.11538461538464 |
| symbolic                     |     101 | 0.0093 %  | 3.0606060606060606 |
+-------------------------------------------------------------------------+

Charset frequency, sorted by count/keyspace, full table
+-------------------------------------------------------------------------+
|           Charset            |  Count  | Of total  |   Count/keyspace   |
+-------------------------------------------------------------------------+
| lower-numeric                |  986639 | 90.9273 % |  27406.63888888889 |
| lower                        |  459271 | 42.3258 % |  17664.26923076923 |
| lower-upper-numeric          | 1064565 | 98.1089 % |  17170.40322580645 |
| lower-numeric-symbolic       | 1001162 | 92.2658 % |  14509.59420289855 |
| lower-upper-numeric-symbolic | 1083120 | 99.8189 % | 11401.263157894737 |
| lower-upper                  |  489586 | 45.1196 % |  9415.115384615385 |
| lower-symbolic               |  468236 | 43.152 %  |  7936.203389830508 |
| lower-upper-symbolic         |  500243 | 46.1017 % |  5885.211764705882 |
| numeric                      |   56638 | 5.2197 %  |             5663.8 |
| upper-numeric                |   70285 | 6.4774 %  |  1952.361111111111 |
| numeric-symbolic             |   57021 | 5.255 %   | 1326.0697674418604 |
| upper-numeric-symbolic       |   70992 | 6.5425 %  | 1028.8695652173913 |
| upper                        |    6659 | 0.6137 %  | 256.11538461538464 |
| upper-symbolic               |    6936 | 0.6392 %  | 117.55932203389831 |
| symbolic                     |     101 | 0.0093 %  | 3.0606060606060606 |
+-------------------------------------------------------------------------+


Hashcat mask frequency, sorted by count, top 20
+-----------------------------------------------------------------------+
|           Mask           | Count  | Of total |     Count/keyspace     |
+-----------------------------------------------------------------------+
| ?l?l?l?l?l?l?l?l?l?l?l?l | 255158 | 23.515 % | 2.6738005834496795e-12 |
| ?l?l?l?l?l?l             |  99809 | 9.1983 % | 0.00032309453823426614 |
| ?l?l?l?l?l?l?l           |  70620 | 6.5082 % |  8.792538475451142e-06 |
| ?l?l?l?l?l?l?d?d?l?l?l?l |  59300 | 5.465 %  |  4.200695617171737e-12 |
| ?l?l?l?l?l?l?l?d?l?l?l?l |  48889 | 4.5055 % |  1.332000311505442e-12 |
| ?l?l?l?l?l?d?d?d?l?l?l?l |  30405 | 2.8021 % |     5.599959369718e-12 |
| ?d?d?d?d?d?d             |  23183 | 2.1365 % |               0.023183 |
| ?l?l?l?l?d?d?d?d?l?l?l?l |  21573 | 1.9881 % | 1.0330557508817913e-11 |
| ?l?l?l?l?l               |  21289 | 1.962 %  |  0.0017917958324019036 |
| ?d?d?d?d?d?d?d?d?l?l?l?l |  19020 | 1.7529 % |  4.162144182626659e-10 |
| ?l?l?l?l?l?d?d           |  17119 | 1.5777 % | 1.4408263823988063e-05 |
| ?l?l?l?l?l?l?d           |  14489 | 1.3353 % |  4.690275190089353e-06 |
| ?l?l?l?l?d?d             |  13870 | 1.2782 % | 0.00030351703371730683 |
| ?l?l?l?l?l?d             |  13658 | 1.2587 % | 0.00011495301554298088 |
| ?u?l?l?l?l?l?l?l?l?l?l?l |  10634 | 0.98 %   | 1.1143368189280326e-13 |
| ?l?l?l?l?l?l?l?l         |  10008 | 0.9223 % |  4.792482248563003e-08 |
| ?l?l?l?d?d?d?d           |   9758 | 0.8993 % | 5.5518889394629036e-05 |
| ?l?l?l?d?d?d             |   8516 | 0.7848 % |  0.0004845243513882567 |
| ?d?d?d?d?d?d?d           |   7683 | 0.7081 % |              0.0007683 |
| ?l?l?l?l?d?d?d           |   7439 | 0.6856 % | 1.6278754245299534e-05 |
+-----------------------------------------------------------------------+
Words that didn't match any ?l?u?d?s mask: 1965 (0.1811 %)

Hashcat mask frequency, sorted by count/keyspace, top 20
+---------------------------------------------------------+
|     Mask     | Count | Of total |    Count/keyspace     |
+---------------------------------------------------------+
| ?d           |    33 | 0.003 %  |                   3.3 |
| ?l           |    80 | 0.0074 % |     3.076923076923077 |
| ?d?d         |    53 | 0.0049 % |                  0.53 |
| ?u           |    11 | 0.001 %  |    0.4230769230769231 |
| ?l?l         |   243 | 0.0224 % |    0.3594674556213018 |
| ?d?d?d       |   348 | 0.0321 % |                 0.348 |
| ?s           |     5 | 0.0005 % |   0.15151515151515152 |
| ?l?l?l       |  2064 | 0.1902 % |   0.11743286299499317 |
| ?l?d         |    11 | 0.001 %  |   0.04230769230769231 |
| ?u?u         |    22 | 0.002 %  |   0.03254437869822485 |
| ?d?d?d?d?d?d | 23183 | 2.1365 % |              0.023183 |
| ?d?d?d?d?d   |  1973 | 0.1818 % |               0.01973 |
| ?u?l         |     5 | 0.0005 % | 0.0073964497041420114 |
| ?u?u?u       |   128 | 0.0118 % |  0.007282658170232135 |
| ?l?d?d       |    18 | 0.0017 % |  0.006923076923076923 |
| ?l?l?d       |    46 | 0.0042 % |  0.006804733727810651 |
| ?d?l         |     1 | 0.0001 % | 0.0038461538461538464 |
| ?l?d?l       |    15 | 0.0014 % | 0.0022189349112426036 |
| ?l?l?l?l?l   | 21289 | 1.962 %  | 0.0017917958324019036 |
| ?d?d?l       |     4 | 0.0004 % | 0.0015384615384615385 |
+---------------------------------------------------------+
Words that didn't match any ?l?u?d?s mask: 1965 (0.1811 %)


Charset distribution of characters in beginning and end of words (len>=6)
+-------------------------------------------------------------------------------------------------+
| Charset\Index | 0 (first char) |     1     |     2     |    -3     |    -2     | -1 (last char) |
+-------------------------------------------------------------------------------------------------+
| lower         | 81.1942 %      | 81.9217 % | 81.5655 % | 72.86 %   | 63.8311 % | 55.6859 %      |
| upper         | 6.4987 %       | 1.8868 %  | 1.788 %   | 1.6713 %  | 1.4519 %  | 1.0059 %       |
| digits        | 12.1232 %      | 16.0028 % | 16.5142 % | 25.1903 % | 34.3737 % | 42.7216 %      |
| symbols       | 0.1839 %       | 0.1886 %  | 0.1323 %  | 0.2785 %  | 0.3433 %  | 0.5867 %       |
+-------------------------------------------------------------------------------------------------+


Total characters: 	7969756
Unique characters: 	95
Top 50 characters: 	aeoirns1ltdc2m0b3hu49kgfp5876ywjvzxqASERMTCLNBIODP

Character frequency, sorted by count, top 20
+-------------------------------+
| Character | Count  | Of total |
+-------------------------------+
| a         | 624296 | 7.8333 % |
| e         | 561888 | 7.0503 % |
| o         | 396034 | 4.9692 % |
| i         | 364449 | 4.5729 % |
| r         | 353342 | 4.4335 % |
| n         | 336492 | 4.2221 % |
| s         | 327368 | 4.1076 % |
| 1         | 320319 | 4.0192 % |
| l         | 290552 | 3.6457 % |
| t         | 278797 | 3.4982 % |
| d         | 258752 | 3.2467 % |
| c         | 253857 | 3.1853 % |
| 2         | 231037 | 2.8989 % |
| m         | 224949 | 2.8225 % |
| 0         | 219041 | 2.7484 % |
| b         | 218219 | 2.7381 % |
| 3         | 189704 | 2.3803 % |
| h         | 180392 | 2.2635 % |
| u         | 173431 | 2.1761 % |
| 4         | 160154 | 2.0095 % |
+-------------------------------+


Symbol frequency, sorted by count, top 20
+----------------+
| Symbol | Count |
+----------------+
| !      |  4153 |
| .      |  3480 |
| @      |  3447 |
| -      |  2232 |
| _      |  2226 |
|        |  2055 |
| *      |  1378 |
| #      |  1183 |
| /      |   331 |
| ?      |   282 |
| ;      |   249 |
| ,      |   243 |
| (      |   178 |
| %      |   170 |
| [      |   157 |
| '      |   143 |
| )      |   130 |
| ]      |   106 |
| &      |   103 |
| :      |    87 |
+----------------+


