                       _ 
     StatsGen 0.0.3   | |
      _ __   __ _  ___| | _
     | '_ \ / _` |/ __| |/ /
     | |_) | (_| | (__|   < 
     | .__/ \__,_|\___|_|\_\
     | |                    
     |_| iphelix@thesprawl.org


[*] Analyzing passwords in [/admin/hashpass/003-targets/00-gawker/gawker.dic]
[+] Analyzing 100% (1085156/1085156) of passwords
    NOTE: Statistics below is relative to the number of analyzed passwords, not total number of passwords

[*] Length:
[+]                         8: 63% (685170)
[+]                         6: 17% (194250)
[+]                         7: 14% (158680)
[+]                         5: 02% (28141)
[+]                         4: 01% (15774)
[+]                         3: 00% (2676)
[+]                         2: 00% (336)
[+]                         1: 00% (129)

[*] Character-set:
[+]             loweralphanum: 43% (470730)
[+]                loweralpha: 42% (459271)
[+]                   numeric: 05% (56638)
[+]             mixedalphanum: 03% (40623)
[+]                mixedalpha: 02% (23656)
[+]         loweralphaspecial: 00% (9577)
[+]             upperalphanum: 00% (6988)
[+]                upperalpha: 00% (6659)
[+]      loweralphaspecialnum: 00% (5971)
[+]                       all: 00% (2519)
[+]         mixedalphaspecial: 00% (1663)
[+]                specialnum: 00% (331)
[+]         upperalphaspecial: 00% (193)
[+]                   special: 00% (172)
[+]      upperalphaspecialnum: 00% (165)

[*] Password complexity:
[+]                     digit: min(0) max(8)
[+]                     lower: min(0) max(8)
[+]                     upper: min(0) max(8)
[+]                   special: min(0) max(8)

[*] Simple Masks:
[+]                    string: 45% (489586)
[+]               stringdigit: 28% (304948)
[+]                 othermask: 10% (118856)
[+]         stringdigitstring: 05% (58752)
[+]                     digit: 05% (56638)
[+]               digitstring: 02% (22751)
[+]          digitstringdigit: 01% (17607)
[+]       stringspecialstring: 00% (5691)
[+]             stringspecial: 00% (3948)
[+]        stringspecialdigit: 00% (2868)
[+]        stringdigitspecial: 00% (1180)
[+]             specialstring: 00% (959)
[+]        specialstringdigit: 00% (341)
[+]      specialstringspecial: 00% (216)
[+]                   special: 00% (172)
[+]        specialdigitstring: 00% (161)
[+]        digitstringspecial: 00% (119)
[+]        digitspecialstring: 00% (105)
[+]              specialdigit: 00% (88)
[+]         digitspecialdigit: 00% (74)
[+]              digitspecial: 00% (70)
[+]       specialdigitspecial: 00% (26)

[*] Advanced Masks:
[+]          ?l?l?l?l?l?l?l?l: 23% (255158)
[+]              ?l?l?l?l?l?l: 09% (99809)
[+]            ?l?l?l?l?l?l?l: 06% (70620)
[+]          ?l?l?l?l?l?l?d?d: 05% (59300)
[+]          ?l?l?l?l?l?l?l?d: 04% (48889)
[+]          ?l?l?l?l?l?d?d?d: 02% (30405)
[+]              ?d?d?d?d?d?d: 02% (23183)
[+]          ?l?l?l?l?d?d?d?d: 01% (21573)
[+]                ?l?l?l?l?l: 01% (21289)
[+]          ?d?d?d?d?d?d?d?d: 01% (19020)
[+]            ?l?l?l?l?l?d?d: 01% (17119)
[+]            ?l?l?l?l?l?l?d: 01% (14489)
[+]              ?l?l?l?l?d?d: 01% (13870)
[+]              ?l?l?l?l?l?d: 01% (13658)
