Total entries = 25305
Total unique entries = 11770

Top 10 passwords
111-222-1933email@address.tst = 3756 (14.84%)
1 = 345 (1.36%)
3 = 327 (1.29%)
kbumat6162 = 174 (0.69%)
!S!WCRTESTINPUT000035!E! = 163 (0.64%)
S08nfth735 = 161 (0.64%)
G2k9Rft496 = 120 (0.47%)
123456789 = 99 (0.39%)
BV931Op1 = 90 (0.36%)
OiP1S69475 = 79 (0.31%)

Top 10 base words
email@address.tst = 3756 (14.84%)
kbumat = 174 (0.69%)
s!wcrtestinput000035!e = 163 (0.64%)
s08nfth = 161 (0.64%)
g2k9rft = 120 (0.47%)
password = 118 (0.47%)
bv931op = 95 (0.38%)
oip1s = 79 (0.31%)
ugd5hip2j = 78 (0.31%)
fjz7ohh = 60 (0.24%)

Password length (length ordered)
1 = 675 (2.67%)
2 = 6 (0.02%)
3 = 7 (0.03%)
4 = 35 (0.14%)
5 = 52 (0.21%)
6 = 1762 (6.96%)
7 = 1707 (6.75%)
8 = 3550 (14.03%)
9 = 1765 (6.97%)
10 = 10831 (42.8%)
11 = 480 (1.9%)
12 = 276 (1.09%)
13 = 87 (0.34%)
14 = 63 (0.25%)
15 = 47 (0.19%)
16 = 11 (0.04%)
17 = 12 (0.05%)
18 = 10 (0.04%)
20 = 2 (0.01%)
24 = 163 (0.64%)
25 = 1 (0.0%)
29 = 3756 (14.84%)
36 = 3 (0.01%)
47 = 1 (0.0%)
48 = 1 (0.0%)
50 = 2 (0.01%)

Password length (count ordered)
10 = 10831 (42.8%)
29 = 3756 (14.84%)
8 = 3550 (14.03%)
9 = 1765 (6.97%)
6 = 1762 (6.96%)
7 = 1707 (6.75%)
1 = 675 (2.67%)
11 = 480 (1.9%)
12 = 276 (1.09%)
24 = 163 (0.64%)
13 = 87 (0.34%)
14 = 63 (0.25%)
5 = 52 (0.21%)
15 = 47 (0.19%)
4 = 35 (0.14%)
17 = 12 (0.05%)
16 = 11 (0.04%)
18 = 10 (0.04%)
3 = 7 (0.03%)
2 = 6 (0.02%)
36 = 3 (0.01%)
20 = 2 (0.01%)
50 = 2 (0.01%)
48 = 1 (0.0%)
47 = 1 (0.0%)
25 = 1 (0.0%)

          |                                                             
          |                                                             
          |                                                             
          |                                                             
          |                                                             
          |                                                             
          |                                                             
          |                                                             
          |                                                             
          |                                                             
        | |                  |                                          
        | |                  |                                          
        | |                  |                                          
      |||||                  |                                          
      |||||                  |                                          
||||||||||||||||||||||||||||||||||||||||||||||||||||                    
0000000000111111111122222222223333333333444444444455
0123456789012345678901234567890123456789012345678901

One to six characters = 2537 (10.03%)
One to eight characters = 7794 (30.8%)
More than eight characters = 17511 (69.2%)

Only lowercase alpha = 2365 (9.35%)
Only uppercase alpha = 54 (0.21%)
Only alpha = 2419 (9.56%)
Only numeric = 1582 (6.25%)

First capital last symbol = 61 (0.24%)
First capital last number = 5267 (20.81%)

Months
february = 2 (0.01%)
march = 2 (0.01%)
april = 2 (0.01%)
may = 11 (0.04%)
june = 9 (0.04%)
july = 8 (0.03%)
august = 3 (0.01%)
september = 2 (0.01%)
october = 2 (0.01%)
november = 3 (0.01%)

Days
None found

Months (Abreviated)
jan = 21 (0.08%)
feb = 3 (0.01%)
mar = 88 (0.35%)
apr = 12 (0.05%)
may = 11 (0.04%)
jun = 20 (0.08%)
jul = 19 (0.08%)
aug = 8 (0.03%)
sept = 3 (0.01%)
oct = 12 (0.05%)
nov = 14 (0.06%)
dec = 5 (0.02%)

Days (Abreviated)
mon = 50 (0.2%)
tues = 1 (0.0%)
wed = 10 (0.04%)
fri = 17 (0.07%)
sat = 15 (0.06%)
sun = 23 (0.09%)

Includes years
1975 = 8 (0.03%)
1976 = 15 (0.06%)
1977 = 14 (0.06%)
1978 = 9 (0.04%)
1979 = 5 (0.02%)
1980 = 8 (0.03%)
1981 = 5 (0.02%)
1982 = 8 (0.03%)
1983 = 5 (0.02%)
1984 = 17 (0.07%)
1985 = 4 (0.02%)
1986 = 2 (0.01%)
1987 = 10 (0.04%)
1989 = 4 (0.02%)
1991 = 2 (0.01%)
1992 = 3 (0.01%)
1993 = 1 (0.0%)
1994 = 16 (0.06%)
1995 = 1 (0.0%)
1996 = 2 (0.01%)
1997 = 3 (0.01%)
1998 = 1 (0.0%)
1999 = 2 (0.01%)
2000 = 19 (0.08%)
2001 = 12 (0.05%)
2002 = 5 (0.02%)
2003 = 5 (0.02%)
2004 = 12 (0.05%)
2005 = 11 (0.04%)
2006 = 8 (0.03%)
2007 = 23 (0.09%)
2008 = 31 (0.12%)
2009 = 15 (0.06%)
2010 = 18 (0.07%)
2011 = 17 (0.07%)
2012 = 15 (0.06%)
2013 = 2 (0.01%)
2015 = 2 (0.01%)
2018 = 1 (0.0%)
2020 = 1 (0.0%)

Years (Top 10)
2008 = 31 (0.12%)
2007 = 23 (0.09%)
2000 = 19 (0.08%)
2010 = 18 (0.07%)
2011 = 17 (0.07%)
1984 = 17 (0.07%)
1994 = 16 (0.06%)
1976 = 15 (0.06%)
2009 = 15 (0.06%)
2012 = 15 (0.06%)

Colours
black = 8 (0.03%)
blue = 19 (0.08%)
brown = 4 (0.02%)
gray = 2 (0.01%)
green = 6 (0.02%)
orange = 3 (0.01%)
pink = 9 (0.04%)
purple = 1 (0.0%)
red = 42 (0.17%)
white = 7 (0.03%)
violet = 1 (0.0%)

Single digit on the end = 1543 (6.1%)
Two digits on the end = 1684 (6.65%)
Three digits on the end = 9157 (36.19%)

Last number
0 = 456 (1.8%)
1 = 2849 (11.26%)
2 = 1778 (7.03%)
3 = 2301 (9.09%)
4 = 1578 (6.24%)
5 = 1871 (7.39%)
6 = 1577 (6.23%)
7 = 1500 (5.93%)
8 = 1539 (6.08%)
9 = 1690 (6.68%)

 |                                                                      
 |                                                                      
 |                                                                      
 | |                                                                    
 | |                                                                    
 | | |                                                                  
 ||| |   |                                                              
 |||||||||                                                              
 |||||||||                                                              
 |||||||||                                                              
 |||||||||                                                              
 |||||||||                                                              
 |||||||||                                                              
||||||||||                                                              
||||||||||                                                              
||||||||||                                                              
0123456789

Last digit
1 = 2849 (11.26%)
3 = 2301 (9.09%)
5 = 1871 (7.39%)
2 = 1778 (7.03%)
9 = 1690 (6.68%)
4 = 1578 (6.24%)
6 = 1577 (6.23%)
8 = 1539 (6.08%)
7 = 1500 (5.93%)
0 = 456 (1.8%)

Last 2 digits (Top 10)
23 = 746 (2.95%)
11 = 374 (1.48%)
12 = 345 (1.36%)
62 = 340 (1.34%)
35 = 308 (1.22%)
75 = 289 (1.14%)
34 = 242 (0.96%)
56 = 240 (0.95%)
89 = 231 (0.91%)
45 = 229 (0.9%)

Last 3 digits (Top 10)
123 = 534 (2.11%)
162 = 238 (0.94%)
735 = 168 (0.66%)
475 = 146 (0.58%)
496 = 139 (0.55%)
111 = 126 (0.5%)
456 = 122 (0.48%)
789 = 113 (0.45%)
234 = 110 (0.43%)
898 = 77 (0.3%)

Last 4 digits (Top 10)
6162 = 174 (0.69%)
6789 = 104 (0.41%)
1234 = 94 (0.37%)
3456 = 88 (0.35%)
9475 = 79 (0.31%)
6898 = 60 (0.24%)
2345 = 44 (0.17%)
2369 = 44 (0.17%)
4869 = 39 (0.15%)
8179 = 33 (0.13%)

Last 5 digits (Top 10)
56789 = 103 (0.41%)
23456 = 87 (0.34%)
69475 = 79 (0.31%)
06898 = 60 (0.24%)
52369 = 44 (0.17%)
12345 = 43 (0.17%)
28179 = 33 (0.13%)
90824 = 27 (0.11%)
32353 = 17 (0.07%)
50773 = 16 (0.06%)

US Area Codes
475 = Connecticut: New Haven, Greenwich, southwestern (CT)
456 = Inbound International (--)
234 = NE Ohio: Canton, Akron (OH)
898 = VoIP service (--)

Character sets
mixedalphanum: 10965 (43.33%)
loweralphanum: 5613 (22.18%)
loweralphaspecialnum: 3890 (15.37%)
loweralpha: 2365 (9.35%)
numeric: 1582 (6.25%)
upperalphanum: 289 (1.14%)
mixedalpha: 187 (0.74%)
upperalphaspecialnum: 169 (0.67%)
mixedalphaspecialnum: 117 (0.46%)
upperalpha: 54 (0.21%)
loweralphaspecial: 42 (0.17%)
mixedalphaspecial: 8 (0.03%)
special: 7 (0.03%)
specialnum: 2 (0.01%)

Character set ordering
othermask: 10371 (40.98%)
stringdigit: 8440 (33.35%)
allstring: 2606 (10.3%)
alldigit: 1582 (6.25%)
digitstringdigit: 1153 (4.56%)
stringdigitstring: 709 (2.8%)
digitstring: 314 (1.24%)
stringspecialdigit: 76 (0.3%)
stringspecialstring: 29 (0.11%)
stringspecial: 14 (0.06%)
allspecial: 7 (0.03%)
specialstring: 2 (0.01%)
specialstringspecial: 2 (0.01%)

Hashcat masks (Top 10)
?d?d?d?s?d?d?d?s?d?d?d?d?l?l?l?l?l?s?l?l?l?l?l?l?l?s?l?l?l: 3756 (14.84%)
?d: 673 (2.66%)
?l?l?l?l?l?l: 624 (2.47%)
?l?l?l?l?l?l?l?l: 615 (2.43%)
?l?l?l?l?l?l?l: 561 (2.22%)
?l?l?l?l?l?l?d?d: 509 (2.01%)
?d?d?d?d?d?d: 379 (1.5%)
?l?l?l?l?l?l?d?d?d?d: 303 (1.2%)
?l?l?l?l?l?l?l?d: 274 (1.08%)
?l?l?l?l?l?d?d?d: 264 (1.04%)
