

passpal 0.4 report (www.thepasswordproject.com)

Total words: 	26064
Unique words: 	11771 (45.16 %)

Word frequency, sorted by count, top 20
+---------------------------------------------------+
|             Word              | Count | Of total  |
+---------------------------------------------------+
| 111-222-1933email@address.tst |  3756 | 14.4107 % |
|                               |   759 | 2.9121 %  |
| 1                             |   345 | 1.3237 %  |
| 3                             |   327 | 1.2546 %  |
| kbumat6162                    |   174 | 0.6676 %  |
| !S!WCRTESTINPUT000035!E!      |   163 | 0.6254 %  |
| S08nfth735                    |   161 | 0.6177 %  |
| G2k9Rft496                    |   120 | 0.4604 %  |
| 123456789                     |    99 | 0.3798 %  |
| BV931Op1                      |    90 | 0.3453 %  |
| OiP1S69475                    |    79 | 0.3031 %  |
| 7uGd5HIp2J                    |    78 | 0.2993 %  |
| eqeS606898                    |    60 | 0.2302 %  |
| FJZ7oHh458                    |    60 | 0.2302 %  |
| 841NbUU475                    |    57 | 0.2187 %  |
| 123456                        |    54 | 0.2072 %  |
| SQq4fGu157                    |    48 | 0.1842 %  |
| w123456789w                   |    45 | 0.1727 %  |
| 147852369                     |    44 | 0.1688 %  |
| sOBDybi564                    |    42 | 0.1611 %  |
+---------------------------------------------------+


Base word (len>=3) frequency, sorted by count, top 20
+--------------------------------------------+
|          Word          | Count | Of total  |
+--------------------------------------------+
| email@address.tst      |  3756 | 14.4107 % |
| kbumat                 |   174 | 0.6676 %  |
| S!WCRTESTINPUT000035!E |   163 | 0.6254 %  |
| S08nfth                |   161 | 0.6177 %  |
| G2k9Rft                |   120 | 0.4604 %  |
| BV931Op                |    90 | 0.3453 %  |
| password               |    89 | 0.3415 %  |
| OiP1S                  |    79 | 0.3031 %  |
| uGd5HIp2J              |    78 | 0.2993 %  |
| eqeS                   |    60 | 0.2302 %  |
| FJZ7oHh                |    60 | 0.2302 %  |
| NbUU                   |    57 | 0.2187 %  |
| SQq4fGu                |    48 | 0.1842 %  |
| w123456789w            |    45 | 0.1727 %  |
| sOBDybi                |    42 | 0.1611 %  |
| CcTbbK                 |    41 | 0.1573 %  |
| alladin                |    40 | 0.1535 %  |
| Yh3hNr                 |    39 | 0.1496 %  |
| KuKI81a                |    37 | 0.142 %   |
| d87QoIp                |    37 | 0.142 %   |
+--------------------------------------------+


Length frequency, sorted by length, full table
+----------------------------+
| Length | Count | Of total  |
+----------------------------+
|      0 |   759 | 2.9121 %  |
|      1 |   675 | 2.5898 %  |
|      2 |     6 | 0.023 %   |
|      3 |     7 | 0.0269 %  |
|      4 |    35 | 0.1343 %  |
|      5 |    52 | 0.1995 %  |
|      6 |  1762 | 6.7603 %  |
|      7 |  1707 | 6.5493 %  |
|      8 |  3550 | 13.6203 % |
|      9 |  1765 | 6.7718 %  |
|     10 | 10831 | 41.5554 % |
|     11 |   480 | 1.8416 %  |
|     12 |   276 | 1.0589 %  |
|     13 |    87 | 0.3338 %  |
|     14 |    63 | 0.2417 %  |
|     15 |    47 | 0.1803 %  |
|     16 |    11 | 0.0422 %  |
|     17 |    12 | 0.046 %   |
|     18 |    10 | 0.0384 %  |
|     20 |     2 | 0.0077 %  |
|     24 |   163 | 0.6254 %  |
|     25 |     1 | 0.0038 %  |
|     29 |  3756 | 14.4107 % |
|     36 |     3 | 0.0115 %  |
|     47 |     1 | 0.0038 %  |
|     48 |     1 | 0.0038 %  |
|     50 |     2 | 0.0077 %  |
+----------------------------+


Charset frequency, sorted by count, full table
+------------------------------------------------------------------------+
|           Charset            | Count | Of total  |   Count/keyspace    |
+------------------------------------------------------------------------+
| lower-upper-numeric-symbolic | 25248 | 96.8692 % |   265.7684210526316 |
| lower-upper-numeric          | 21055 | 80.7819 % |   339.5967741935484 |
| lower-numeric-symbolic       | 13482 | 51.7265 % |   195.3913043478261 |
| lower-numeric                |  9560 | 36.6789 % |  265.55555555555554 |
| lower-upper-symbolic         |  2657 | 10.1941 % |  31.258823529411764 |
| lower-upper                  |  2606 | 9.9985 %  |   50.11538461538461 |
| lower-symbolic               |  2408 | 9.2388 %  |  40.813559322033896 |
| lower                        |  2365 | 9.0738 %  |   90.96153846153847 |
| upper-numeric-symbolic       |  2102 | 8.0648 %  |  30.463768115942027 |
| upper-numeric                |  1925 | 7.3857 %  |   53.47222222222222 |
| numeric-symbolic             |  1591 | 6.1042 %  |                37.0 |
| numeric                      |  1582 | 6.0697 %  |               158.2 |
| upper-symbolic               |    61 | 0.234 %   |  1.0338983050847457 |
| upper                        |    54 | 0.2072 %  |   2.076923076923077 |
| symbolic                     |     7 | 0.0269 %  | 0.21212121212121213 |
+------------------------------------------------------------------------+

Charset frequency, sorted by count/keyspace, full table
+------------------------------------------------------------------------+
|           Charset            | Count | Of total  |   Count/keyspace    |
+------------------------------------------------------------------------+
| lower-upper-numeric          | 21055 | 80.7819 % |   339.5967741935484 |
| lower-upper-numeric-symbolic | 25248 | 96.8692 % |   265.7684210526316 |
| lower-numeric                |  9560 | 36.6789 % |  265.55555555555554 |
| lower-numeric-symbolic       | 13482 | 51.7265 % |   195.3913043478261 |
| numeric                      |  1582 | 6.0697 %  |               158.2 |
| lower                        |  2365 | 9.0738 %  |   90.96153846153847 |
| upper-numeric                |  1925 | 7.3857 %  |   53.47222222222222 |
| lower-upper                  |  2606 | 9.9985 %  |   50.11538461538461 |
| lower-symbolic               |  2408 | 9.2388 %  |  40.813559322033896 |
| numeric-symbolic             |  1591 | 6.1042 %  |                37.0 |
| lower-upper-symbolic         |  2657 | 10.1941 % |  31.258823529411764 |
| upper-numeric-symbolic       |  2102 | 8.0648 %  |  30.463768115942027 |
| upper                        |    54 | 0.2072 %  |   2.076923076923077 |
| upper-symbolic               |    61 | 0.234 %   |  1.0338983050847457 |
| symbolic                     |     7 | 0.0269 %  | 0.21212121212121213 |
+------------------------------------------------------------------------+


Hashcat mask frequency, sorted by count, top 20
+---------------------------------------------------------------------------------------------------------+
|                            Mask                            | Count | Of total  |     Count/keyspace     |
+---------------------------------------------------------------------------------------------------------+
| ?d?d?d?s?d?d?d?s?d?d?d?d?l?l?l?l?l?s?l?l?l?l?l?l?l?s?l?l?l |  3756 | 14.4107 % | 1.8882939623435655e-34 |
| ?d                                                         |   673 | 2.5821 %  |                   67.3 |
| ?l?l?l?l?l?l                                               |   624 | 2.3941 %  |  2.019968057571783e-06 |
| ?l?l?l?l?l?l?l?l?l?l?l?l                                   |   615 | 2.3596 %  |  6.444584762466993e-15 |
| ?l?l?l?l?l?l?l                                             |   561 | 2.1524 %  |  6.984726826292962e-08 |
| ?l?l?l?l?l?l?d?d?l?l?l?l                                   |   509 | 1.9529 %  | 3.6056561031035657e-14 |
| ?d?d?d?d?d?d                                               |   379 | 1.4541 %  |               0.000379 |
| ?l?l?l?l?l?l?d?d?d?d                                       |   303 | 1.1625 %  |  9.808498741093754e-11 |
| ?l?l?l?l?l?l?l?d?l?l?l?l                                   |   274 | 1.0513 %  |  7.465239324847944e-15 |
| ?l?l?l?l?l?d?d?d?l?l?l?l                                   |   264 | 1.0129 %  |  4.862322886385633e-14 |
| ?l?l?l?l?l?l?l?l?l                                         |   247 | 0.9477 %  |  4.549218761125952e-11 |
| ?l?l?l?l?d?d?d?d?l?l?l?l                                   |   244 | 0.9362 %  | 1.1684309239102448e-13 |
| ?l?l?l?l?l?l?d?d?d                                         |   222 | 0.8517 %  |  7.186424820207305e-10 |
| ?l?l?l?l?l?l?l?d?d                                         |   199 | 0.7635 %  |  2.477648196849019e-10 |
| ?l?l?l?l?l?d?d                                             |   199 | 0.7635 %  | 1.6748901810699367e-07 |
| ?l?l?l?l?l?d?d?d?d                                         |   168 | 0.6446 %  |  1.413977640300248e-09 |
| ?d?d?d?d?d?d?d                                             |   167 | 0.6407 %  |               1.67e-05 |
| ?l?l?l?l?l?d                                               |   165 | 0.6331 %  | 1.3887280395806007e-06 |
| ?s?u?s?u?u?u?u?u?u?u?u?u?u?u?u?d?d?d?d?d?d?s?u?s?l?l?l?l   |   163 | 0.6254 %  | 4.6624220222306904e-36 |
| ?d?d?d?d?d?d?d?d?d                                         |   163 | 0.6254 %  |               1.63e-07 |
+---------------------------------------------------------------------------------------------------------+
Words that didn't match any ?l?u?d?s mask: 816 (3.1308 %)

Hashcat mask frequency, sorted by count/keyspace, top 20
+------------------------------------------------------------+
|      Mask      | Count | Of total |     Count/keyspace     |
+------------------------------------------------------------+
| ?d             |   673 | 2.5821 % |                   67.3 |
| ?l             |     2 | 0.0077 % |    0.07692307692307693 |
| ?l?l           |     3 | 0.0115 % |   0.004437869822485207 |
| ?s?s           |     3 | 0.0115 % |  0.0027548209366391185 |
| ?d?d?d?d?d?d   |   379 | 1.4541 % |               0.000379 |
| ?s?d?d         |     1 | 0.0038 % | 0.00030303030303030303 |
| ?u?l?d         |     2 | 0.0077 % |  0.0002958579881656805 |
| ?l?l?l         |     3 | 0.0115 % | 0.00017068730086481566 |
| ?u?u?u         |     1 | 0.0038 % |  5.689576695493855e-05 |
| ?d?d?d?d?d     |     3 | 0.0115 % |                3.0e-05 |
| ?d?d?d?d?d?d?d |   167 | 0.6407 % |               1.67e-05 |
| ?l?l?d?d?d?d   |    62 | 0.2379 % |  9.171597633136095e-06 |
| ?l?l?l?d?d?d   |   114 | 0.4374 % |  6.486117432862995e-06 |
| ?l?l?l?l?l     |    40 | 0.1535 % | 3.3666134292863048e-06 |
| ?l?d?d?d?d?d   |     7 | 0.0269 % | 2.6923076923076923e-06 |
| ?l?l?l?l?d?d   |   110 | 0.422 %  |  2.407128601939708e-06 |
| ?l?l?l?l?l?l   |   624 | 2.3941 % |  2.019968057571783e-06 |
| ?d?d?d?d?l?l   |    13 | 0.0499 % |  1.923076923076923e-06 |
| ?d?d?d?l?l?l   |    31 | 0.1189 % | 1.7637687756030952e-06 |
| ?l?l?d?d?d     |     1 | 0.0038 % | 1.4792899408284024e-06 |
+------------------------------------------------------------+
Words that didn't match any ?l?u?d?s mask: 816 (3.1308 %)


Charset distribution of characters in beginning and end of words (len>=6)
+-------------------------------------------------------------------------------------------------+
| Charset\Index | 0 (first char) |     1     |     2     |    -3     |    -2     | -1 (last char) |
+-------------------------------------------------------------------------------------------------+
| lower         | 47.5639 %      | 51.5124 % | 51.4698 % | 41.3425 % | 35.2852 % | 30.5375 %      |
| upper         | 23.2968 %      | 18.2878 % | 17.8538 % | 1.5048 %  | 1.6352 %  | 1.2938 %       |
| digits        | 28.3484 %      | 30.1019 % | 29.8936 % | 56.2352 % | 62.9246 % | 67.0871 %      |
| symbols       | 0.791 %        | 0.0978 %  | 0.7828 %  | 0.9175 %  | 0.155 %   | 1.0816 %       |
+-------------------------------------------------------------------------------------------------+


Total characters: 	301298
Unique characters: 	88
Top 50 characters: 	12sa3etd9irl-m546780no@.huckbpygfwSjvRqTEPzIUCHGOA

Character frequency, sorted by count, top 20
+------------------------------+
| Character | Count | Of total |
+------------------------------+
| 1         | 25732 | 8.5404 % |
| 2         | 19306 | 6.4076 % |
| s         | 16321 | 5.4169 % |
| a         | 15342 | 5.092 %  |
| 3         | 15230 | 5.0548 % |
| e         | 13530 | 4.4906 % |
| t         | 11925 | 3.9579 % |
| d         | 11013 | 3.6552 % |
| 9         | 10062 | 3.3396 % |
| i         |  8729 | 2.8971 % |
| r         |  8362 | 2.7753 % |
| l         |  7655 | 2.5407 % |
| -         |  7526 | 2.4979 % |
| m         |  7103 | 2.3575 % |
| 5         |  6945 | 2.305 %  |
| 4         |  6651 | 2.2074 % |
| 6         |  6462 | 2.1447 % |
| 7         |  6252 | 2.075 %  |
| 8         |  5875 | 1.9499 % |
| 0         |  4639 | 1.5397 % |
+------------------------------+


Symbol frequency, sorted by count, top 20
+----------------+
| Symbol | Count |
+----------------+
| -      |  7526 |
| @      |  3831 |
| .      |  3814 |
| !      |   744 |
| _      |    61 |
| /      |    46 |
| \      |    34 |
| #      |    32 |
|        |    26 |
| '      |    23 |
| *      |    15 |
| ;      |    15 |
| (      |    10 |
| )      |     9 |
| %      |     8 |
| "      |     4 |
| &      |     4 |
| ,      |     2 |
| ?      |     2 |
| {      |     1 |
+----------------+


