Total entries = 76249
Total unique entries = 62830

Top 10 passwords
login = 365 (0.48%)
123456 = 175 (0.23%)
alladin79 = 175 (0.23%)
147852369 = 159 (0.21%)
please122 = 121 (0.16%)
bjXTiYI463 = 104 (0.14%)
godgift = 100 (0.13%)
123456789abc = 89 (0.12%)
VQsaBLPzLa = 82 (0.11%)
3edcft6 = 77 (0.1%)

Top 10 base words
login = 371 (0.49%)
alladin = 175 (0.23%)
password = 130 (0.17%)
please = 128 (0.17%)
bjxtiyi = 104 (0.14%)
godgift = 100 (0.13%)
vqsablpzla = 82 (0.11%)
edcft = 77 (0.1%)
eqes = 76 (0.1%)
indivibe = 74 (0.1%)

Password length (length ordered)
1 = 5 (0.01%)
2 = 33 (0.04%)
3 = 214 (0.28%)
4 = 444 (0.58%)
5 = 37957 (49.78%)
6 = 4708 (6.17%)
7 = 3240 (4.25%)
8 = 9995 (13.11%)
9 = 3734 (4.9%)
10 = 13267 (17.4%)
11 = 1132 (1.48%)
12 = 757 (0.99%)
13 = 337 (0.44%)
14 = 202 (0.26%)
15 = 98 (0.13%)
16 = 55 (0.07%)
17 = 27 (0.04%)
18 = 12 (0.02%)
19 = 17 (0.02%)
20 = 3 (0.0%)
21 = 2 (0.0%)
22 = 3 (0.0%)
25 = 2 (0.0%)
26 = 2 (0.0%)
28 = 1 (0.0%)
32 = 1 (0.0%)
35 = 1 (0.0%)

Password length (count ordered)
5 = 37957 (49.78%)
10 = 13267 (17.4%)
8 = 9995 (13.11%)
6 = 4708 (6.17%)
9 = 3734 (4.9%)
7 = 3240 (4.25%)
11 = 1132 (1.48%)
12 = 757 (0.99%)
4 = 444 (0.58%)
13 = 337 (0.44%)
3 = 214 (0.28%)
14 = 202 (0.26%)
15 = 98 (0.13%)
16 = 55 (0.07%)
2 = 33 (0.04%)
17 = 27 (0.04%)
19 = 17 (0.02%)
18 = 12 (0.02%)
1 = 5 (0.01%)
22 = 3 (0.0%)
20 = 3 (0.0%)
21 = 2 (0.0%)
25 = 2 (0.0%)
26 = 2 (0.0%)
28 = 1 (0.0%)
32 = 1 (0.0%)
35 = 1 (0.0%)

     |                                                                  
     |                                                                  
     |                                                                  
     |                                                                  
     |                                                                  
     |                                                                  
     |                                                                  
     |                                                                  
     |                                                                  
     |                                                                  
     |    |                                                             
     |  | |                                                             
     |  | |                                                             
     |  | |                                                             
     ||||||                                                             
|||||||||||||||||||||||||||||||||||||                                   
0000000000111111111122222222223333333
0123456789012345678901234567890123456

One to six characters = 43361 (56.87%)
One to eight characters = 56596 (74.23%)
More than eight characters = 19653 (25.77%)

Only lowercase alpha = 12560 (16.47%)
Only uppercase alpha = 634 (0.83%)
Only alpha = 13194 (17.3%)
Only numeric = 2256 (2.96%)

First capital last symbol = 55 (0.07%)
First capital last number = 7860 (10.31%)

Months
january = 4 (0.01%)
february = 3 (0.0%)
march = 7 (0.01%)
april = 5 (0.01%)
may = 40 (0.05%)
june = 12 (0.02%)
july = 8 (0.01%)
august = 8 (0.01%)
september = 7 (0.01%)
october = 3 (0.0%)
november = 6 (0.01%)
december = 5 (0.01%)

Days
monday = 4 (0.01%)
friday = 5 (0.01%)
saturday = 3 (0.0%)
sunday = 12 (0.02%)

Months (Abreviated)
jan = 72 (0.09%)
feb = 14 (0.02%)
mar = 232 (0.3%)
apr = 32 (0.04%)
may = 40 (0.05%)
jun = 35 (0.05%)
jul = 26 (0.03%)
aug = 32 (0.04%)
sept = 10 (0.01%)
oct = 16 (0.02%)
nov = 30 (0.04%)
dec = 20 (0.03%)

Days (Abreviated)
mon = 153 (0.2%)
wed = 15 (0.02%)
fri = 56 (0.07%)
sat = 47 (0.06%)
sun = 103 (0.14%)

Includes years
1975 = 10 (0.01%)
1976 = 9 (0.01%)
1977 = 12 (0.02%)
1978 = 24 (0.03%)
1979 = 20 (0.03%)
1980 = 15 (0.02%)
1981 = 27 (0.04%)
1982 = 19 (0.02%)
1983 = 19 (0.02%)
1984 = 30 (0.04%)
1985 = 33 (0.04%)
1986 = 19 (0.02%)
1987 = 28 (0.04%)
1988 = 19 (0.02%)
1989 = 9 (0.01%)
1990 = 15 (0.02%)
1991 = 15 (0.02%)
1992 = 11 (0.01%)
1993 = 4 (0.01%)
1994 = 4 (0.01%)
1995 = 8 (0.01%)
1996 = 8 (0.01%)
1997 = 7 (0.01%)
1998 = 8 (0.01%)
1999 = 8 (0.01%)
2000 = 30 (0.04%)
2001 = 9 (0.01%)
2002 = 10 (0.01%)
2003 = 14 (0.02%)
2004 = 14 (0.02%)
2005 = 17 (0.02%)
2006 = 18 (0.02%)
2007 = 12 (0.02%)
2008 = 34 (0.04%)
2009 = 32 (0.04%)
2010 = 40 (0.05%)
2011 = 14 (0.02%)
2012 = 6 (0.01%)
2013 = 1 (0.0%)
2014 = 2 (0.0%)
2017 = 1 (0.0%)
2018 = 1 (0.0%)
2019 = 1 (0.0%)
2020 = 9 (0.01%)

Years (Top 10)
2010 = 40 (0.05%)
2008 = 34 (0.04%)
1985 = 33 (0.04%)
2009 = 32 (0.04%)
1984 = 30 (0.04%)
2000 = 30 (0.04%)
1987 = 28 (0.04%)
1981 = 27 (0.04%)
1978 = 24 (0.03%)
1979 = 20 (0.03%)

Colours
black = 32 (0.04%)
blue = 37 (0.05%)
brown = 7 (0.01%)
gray = 1 (0.0%)
green = 24 (0.03%)
orange = 5 (0.01%)
pink = 24 (0.03%)
purple = 6 (0.01%)
red = 111 (0.15%)
white = 7 (0.01%)
yellow = 7 (0.01%)
violet = 1 (0.0%)
indigo = 3 (0.0%)

Single digit on the end = 7022 (9.21%)
Two digits on the end = 2940 (3.86%)
Three digits on the end = 10070 (13.21%)

Last number
0 = 1334 (1.75%)
1 = 3216 (4.22%)
2 = 2535 (3.32%)
3 = 3229 (4.23%)
4 = 2544 (3.34%)
5 = 2455 (3.22%)
6 = 2682 (3.52%)
7 = 2552 (3.35%)
8 = 2548 (3.34%)
9 = 2987 (3.92%)

 | |                                                                    
 | |     |                                                              
 | |  |  |                                                              
 |||||||||                                                              
 |||||||||                                                              
 |||||||||                                                              
 |||||||||                                                              
 |||||||||                                                              
 |||||||||                                                              
||||||||||                                                              
||||||||||                                                              
||||||||||                                                              
||||||||||                                                              
||||||||||                                                              
||||||||||                                                              
||||||||||                                                              
0123456789

Last digit
3 = 3229 (4.23%)
1 = 3216 (4.22%)
9 = 2987 (3.92%)
6 = 2682 (3.52%)
7 = 2552 (3.35%)
8 = 2548 (3.34%)
4 = 2544 (3.34%)
2 = 2535 (3.32%)
5 = 2455 (3.22%)
0 = 1334 (1.75%)

Last 2 digits (Top 10)
23 = 841 (1.1%)
79 = 442 (0.58%)
69 = 431 (0.57%)
56 = 396 (0.52%)
22 = 391 (0.51%)
11 = 374 (0.49%)
12 = 323 (0.42%)
34 = 293 (0.38%)
63 = 270 (0.35%)
45 = 257 (0.34%)

Last 3 digits (Top 10)
123 = 592 (0.78%)
456 = 260 (0.34%)
369 = 187 (0.25%)
122 = 140 (0.18%)
234 = 123 (0.16%)
463 = 119 (0.16%)
007 = 92 (0.12%)
898 = 88 (0.12%)
797 = 87 (0.11%)
345 = 87 (0.11%)

Last 4 digits (Top 10)
3456 = 202 (0.26%)
2369 = 159 (0.21%)
1234 = 104 (0.14%)
6898 = 76 (0.1%)
2345 = 72 (0.09%)
1111 = 55 (0.07%)
1797 = 54 (0.07%)
3511 = 38 (0.05%)
3617 = 38 (0.05%)
1985 = 32 (0.04%)

Last 5 digits (Top 10)
23456 = 202 (0.26%)
52369 = 159 (0.21%)
06898 = 76 (0.1%)
12345 = 70 (0.09%)
11111 = 45 (0.06%)
13511 = 36 (0.05%)
56789 = 25 (0.03%)
45678 = 20 (0.03%)
58258 = 17 (0.02%)
54321 = 15 (0.02%)

US Area Codes
456 = Inbound International (--)
369 = Solano County (CA)
234 = NE Ohio: Canton, Akron (OH)
898 = VoIP service (--)
345 = Cayman Islands (--)

Character sets
mixedalphanum: 32224 (42.26%)
mixedalpha: 16042 (21.04%)
loweralpha: 12560 (16.47%)
loweralphanum: 9472 (12.42%)
upperalphanum: 2298 (3.01%)
numeric: 2256 (2.96%)
upperalpha: 634 (0.83%)
loweralphaspecialnum: 341 (0.45%)
mixedalphaspecialnum: 169 (0.22%)
loweralphaspecial: 140 (0.18%)
mixedalphaspecial: 40 (0.05%)
upperalphaspecialnum: 14 (0.02%)
specialnum: 12 (0.02%)
upperalphaspecial: 6 (0.01%)
special: 4 (0.01%)

Character set ordering
allstring: 29236 (38.34%)
stringdigit: 13251 (17.38%)
stringdigitstring: 12384 (16.24%)
othermask: 12247 (16.06%)
digitstring: 4466 (5.86%)
alldigit: 2256 (2.96%)
digitstringdigit: 2021 (2.65%)
stringspecialdigit: 218 (0.29%)
stringspecialstring: 78 (0.1%)
stringspecial: 58 (0.08%)
specialstring: 16 (0.02%)
specialstringspecial: 14 (0.02%)
allspecial: 4 (0.01%)

Hashcat masks (Top 10)
?l?l?l?l?l?l: 2668 (3.5%)
?l?l?l?l?l?l?l?l: 2485 (3.26%)
?l?l?l?l?l?l?l: 2001 (2.62%)
?l?l?l?l?l: 1526 (2.0%)
?l?l?l?l?l?l?l?l?l: 1349 (1.77%)
?l?l?l?l?l?l?l?l?l?l: 910 (1.19%)
?d?d?d?d?d?d: 693 (0.91%)
?l?u?l?u?l: 534 (0.7%)
?l?u?l?l?l: 527 (0.69%)
?l?l?l?l?u: 525 (0.69%)
