

passpal 0.4 report (www.thepasswordproject.com)

Total words: 	76594
Unique words: 	62827 (82.03 %)

Word frequency, sorted by count, top 20
+---------------------------------+
|     Word     | Count | Of total |
+---------------------------------+
| login        |   365 | 0.4765 % |
|              |   349 | 0.4556 % |
| 123456       |   175 | 0.2285 % |
| alladin79    |   175 | 0.2285 % |
| 147852369    |   159 | 0.2076 % |
| please122    |   121 | 0.158 %  |
| bjXTiYI463   |   104 | 0.1358 % |
| godgift      |   100 | 0.1306 % |
| 123456789abc |    89 | 0.1162 % |
| VQsaBLPzLa   |    82 | 0.1071 % |
| 3edcft6      |    77 | 0.1005 % |
| eqeS606898   |    76 | 0.0992 % |
| password     |    75 | 0.0979 % |
| today        |    70 | 0.0914 % |
| 7uGd5HIp2J   |    67 | 0.0875 % |
| HshFD4n279   |    58 | 0.0757 % |
| indivibe     |    55 | 0.0718 % |
| lXf4zO1797   |    54 | 0.0705 % |
| EcNwU8R269   |    50 | 0.0653 % |
| cw9v7TV214   |    45 | 0.0588 % |
+---------------------------------+


Base word (len>=3) frequency, sorted by count, top 20
+-------------------------------+
|    Word    | Count | Of total |
+-------------------------------+
| login      |   371 | 0.4844 % |
| alladin    |   175 | 0.2285 % |
| please     |   124 | 0.1619 % |
| abc        |   108 | 0.141 %  |
| bjXTiYI    |   104 | 0.1358 % |
| password   |   102 | 0.1332 % |
| godgift    |   100 | 0.1306 % |
| VQsaBLPzLa |    82 | 0.1071 % |
| edcft      |    77 | 0.1005 % |
| eqeS       |    76 | 0.0992 % |
| indivibe   |    71 | 0.0927 % |
| today      |    70 | 0.0914 % |
| uGd5HIp2J  |    67 | 0.0875 % |
| HshFD4n    |    58 | 0.0757 % |
| lXf4zO     |    54 | 0.0705 % |
| EcNwU8R    |    50 | 0.0653 % |
| cw9v7TV    |    45 | 0.0588 % |
| x72r6m     |    38 | 0.0496 % |
| acUn3t1x   |    31 | 0.0405 % |
| dA4sTkl    |    30 | 0.0392 % |
+-------------------------------+


Length frequency, sorted by length, full table
+----------------------------+
| Length | Count | Of total  |
+----------------------------+
|      0 |   349 | 0.4556 %  |
|      1 |     5 | 0.0065 %  |
|      2 |    33 | 0.0431 %  |
|      3 |   214 | 0.2794 %  |
|      4 |   444 | 0.5797 %  |
|      5 | 37955 | 49.5535 % |
|      6 |  4708 | 6.1467 %  |
|      7 |  3239 | 4.2288 %  |
|      8 |  9994 | 13.048 %  |
|      9 |  3733 | 4.8737 %  |
|     10 | 13269 | 17.3238 % |
|     11 |  1131 | 1.4766 %  |
|     12 |   757 | 0.9883 %  |
|     13 |   336 | 0.4387 %  |
|     14 |   203 | 0.265 %   |
|     15 |    98 | 0.1279 %  |
|     16 |    55 | 0.0718 %  |
|     17 |    27 | 0.0353 %  |
|     18 |    12 | 0.0157 %  |
|     19 |    17 | 0.0222 %  |
|     20 |     3 | 0.0039 %  |
|     21 |     2 | 0.0026 %  |
|     22 |     3 | 0.0039 %  |
|     25 |     2 | 0.0026 %  |
|     26 |     2 | 0.0026 %  |
|     28 |     1 | 0.0013 %  |
|     32 |     1 | 0.0013 %  |
|     35 |     1 | 0.0013 %  |
+----------------------------+


Charset frequency, sorted by count, full table
+------------------------------------------------------------------------+
|           Charset            | Count | Of total  |   Count/keyspace    |
+------------------------------------------------------------------------+
| lower-upper-numeric-symbolic | 76136 | 99.402 %  |   801.4315789473684 |
| lower-upper-numeric          | 75482 | 98.5482 % |  1217.4516129032259 |
| lower-upper-symbolic         | 29429 | 38.4221 % |  346.22352941176473 |
| lower-upper                  | 29234 | 38.1675 % |   562.1923076923077 |
| lower-numeric-symbolic       | 24739 | 32.2989 % |    358.536231884058 |
| lower-numeric                | 24284 | 31.7048 % |   674.5555555555555 |
| lower-symbolic               | 12710 | 16.594 %  |  215.42372881355934 |
| lower                        | 12558 | 16.3955 % |               483.0 |
| upper-numeric-symbolic       |  5217 | 6.8112 %  |    75.6086956521739 |
| upper-numeric                |  5187 | 6.7721 %  |  144.08333333333334 |
| numeric-symbolic             |  2267 | 2.9598 %  |   52.72093023255814 |
| numeric                      |  2255 | 2.9441 %  |               225.5 |
| upper-symbolic               |   641 | 0.8369 %  |  10.864406779661017 |
| upper                        |   634 | 0.8277 %  |  24.384615384615383 |
| symbolic                     |     2 | 0.0026 %  | 0.06060606060606061 |
+------------------------------------------------------------------------+

Charset frequency, sorted by count/keyspace, full table
+------------------------------------------------------------------------+
|           Charset            | Count | Of total  |   Count/keyspace    |
+------------------------------------------------------------------------+
| lower-upper-numeric          | 75482 | 98.5482 % |  1217.4516129032259 |
| lower-upper-numeric-symbolic | 76136 | 99.402 %  |   801.4315789473684 |
| lower-numeric                | 24284 | 31.7048 % |   674.5555555555555 |
| lower-upper                  | 29234 | 38.1675 % |   562.1923076923077 |
| lower                        | 12558 | 16.3955 % |               483.0 |
| lower-numeric-symbolic       | 24739 | 32.2989 % |    358.536231884058 |
| lower-upper-symbolic         | 29429 | 38.4221 % |  346.22352941176473 |
| numeric                      |  2255 | 2.9441 %  |               225.5 |
| lower-symbolic               | 12710 | 16.594 %  |  215.42372881355934 |
| upper-numeric                |  5187 | 6.7721 %  |  144.08333333333334 |
| upper-numeric-symbolic       |  5217 | 6.8112 %  |    75.6086956521739 |
| numeric-symbolic             |  2267 | 2.9598 %  |   52.72093023255814 |
| upper                        |   634 | 0.8277 %  |  24.384615384615383 |
| upper-symbolic               |   641 | 0.8369 %  |  10.864406779661017 |
| symbolic                     |     2 | 0.0026 %  | 0.06060606060606061 |
+------------------------------------------------------------------------+


Hashcat mask frequency, sorted by count, top 20
+----------------------------------------------------------------------+
|           Mask           | Count | Of total |     Count/keyspace     |
+----------------------------------------------------------------------+
| ?l?l?l?l?l?l             |  2668 | 3.4833 % |  8.636658297438328e-06 |
| ?l?l?l?l?l?l?l?l?l?l?l?l |  2485 | 3.2444 % | 2.6040314040212158e-14 |
| ?l?l?l?l?l?l?l           |  2000 | 2.6112 % |  2.490098690300521e-07 |
| ?l?l?l?l?l               |  1525 | 1.991 %  | 0.00012835213699154038 |
| ?l?l?l?l?l?l?l?l?l       |  1349 | 1.7612 % |  2.484573323384174e-10 |
| ?l?l?l?l?l?l?l?l?l?l     |   910 | 1.1881 % |  6.446261402405196e-12 |
| ?d?d?d?d?d?d             |   693 | 0.9048 % |               0.000693 |
| ?l?u?l?u?l               |   534 | 0.6972 % |  4.494428928097217e-05 |
| ?l?u?l?l?l               |   527 | 0.688 %  | 4.4355131930847064e-05 |
| ?l?l?l?l?u               |   525 | 0.6854 % |  4.418680125938275e-05 |
| ?l?l?u?l?l               |   523 | 0.6828 % |  4.401847058791844e-05 |
| ?l?l?l?u?l               |   507 | 0.6619 % | 4.2671825216203915e-05 |
| ?u?l?l?l?l               |   502 | 0.6554 % |  4.225099853754313e-05 |
| ?d?d?d?d?d?d?d?d?l?l?l?l |   496 | 0.6476 % | 1.0853961696019047e-11 |
| ?l?u?u?u?l               |   495 | 0.6463 % |  4.166184118741802e-05 |
| ?l?l?u?l?u               |   491 | 0.641 %  |  4.132517984448939e-05 |
| ?l?u?u?u?u               |   488 | 0.6371 % |  4.107268383729292e-05 |
| ?u?u?u?u?l               |   487 | 0.6358 % |  4.098851850156076e-05 |
| ?u?l?l?u?u               |   485 | 0.6332 % | 4.0820187830096446e-05 |
| ?l?u?l?l?u               |   478 | 0.6241 % | 4.0231030479971345e-05 |
+----------------------------------------------------------------------+
Words that didn't match any ?l?u?d?s mask: 458 (0.598 %)

Hashcat mask frequency, sorted by count/keyspace, top 20
+----------------------------------------------------------+
|     Mask     | Count | Of total |     Count/keyspace     |
+----------------------------------------------------------+
| ?d           |     2 | 0.0026 % |                    0.2 |
| ?l           |     3 | 0.0039 % |    0.11538461538461539 |
| ?l?l         |    30 | 0.0392 % |    0.04437869822485207 |
| ?d?d         |     2 | 0.0026 % |                   0.02 |
| ?d?d?d       |    14 | 0.0183 % |                  0.014 |
| ?l?l?l       |   188 | 0.2455 % |   0.010696404187528447 |
| ?u?u         |     1 | 0.0013 % |  0.0014792899408284023 |
| ?l?d?d       |     2 | 0.0026 % |  0.0007692307692307692 |
| ?d?d?d?d?d?d |   693 | 0.9048 % |               0.000693 |
| ?d?d?d?d?d   |    48 | 0.0627 % |                0.00048 |
| ?u?u?u       |     7 | 0.0091 % | 0.00039827036868456985 |
| ?u?l?l       |     3 | 0.0039 % | 0.00017068730086481566 |
| ?l?l?l?l?l   |  1525 | 1.991 %  | 0.00012835213699154038 |
| ?l?d?d?d?d   |    19 | 0.0248 % |  7.307692307692307e-05 |
| ?d?l?d?l?d   |    48 | 0.0627 % |  7.100591715976331e-05 |
| ?d?d?d?d?l   |    16 | 0.0209 % |  6.153846153846154e-05 |
| ?l?d?l?d?l   |    98 | 0.1279 % |  5.575785161583978e-05 |
| ?l?u?d?u?d   |    96 | 0.1253 % |  5.461993627674101e-05 |
| ?d?u?d?u?d   |    36 | 0.047 %  |  5.325443786982249e-05 |
| ?d?u?l?d?d   |    36 | 0.047 %  |  5.325443786982249e-05 |
+----------------------------------------------------------+
Words that didn't match any ?l?u?d?s mask: 458 (0.598 %)


Charset distribution of characters in beginning and end of words (len>=6)
+-------------------------------------------------------------------------------------------------+
| Charset\Index | 0 (first char) |     1     |     2     |    -3     |    -2     | -1 (last char) |
+-------------------------------------------------------------------------------------------------+
| lower         | 63.3785 %      | 66.5886 % | 66.7163 % | 47.419 %  | 42.0999 % | 39.1763 %      |
| upper         | 20.9798 %      | 17.678 %  | 17.2325 % | 6.1732 %  | 6.3355 %  | 7.2948 %       |
| digits        | 15.4794 %      | 15.5524 % | 15.9474 % | 46.1311 % | 51.3171 % | 53.0284 %      |
| symbols       | 0.1623 %       | 0.1809 %  | 0.1038 %  | 0.2767 %  | 0.2475 %  | 0.5005 %       |
+-------------------------------------------------------------------------------------------------+


Total characters: 	521872
Unique characters: 	90
Top 50 characters: 	ae1in2sor39l47865tdmhuc0gypbkvfwjzqAxUELYRNPTIBSOH

Character frequency, sorted by count, top 20
+------------------------------+
| Character | Count | Of total |
+------------------------------+
| a         | 21852 | 4.1872 % |
| e         | 17635 | 3.3792 % |
| 1         | 15437 | 2.958 %  |
| i         | 15266 | 2.9252 % |
| n         | 14507 | 2.7798 % |
| 2         | 14132 | 2.7079 % |
| s         | 13988 | 2.6804 % |
| o         | 13770 | 2.6386 % |
| r         | 13651 | 2.6158 % |
| 3         | 12988 | 2.4887 % |
| 9         | 12396 | 2.3753 % |
| l         | 12305 | 2.3579 % |
| 4         | 12221 | 2.3418 % |
| 7         | 11818 | 2.2645 % |
| 8         | 11787 | 2.2586 % |
| 6         | 11717 | 2.2452 % |
| 5         | 11704 | 2.2427 % |
| t         | 11699 | 2.2417 % |
| d         | 10491 | 2.0103 % |
| m         | 10101 | 1.9355 % |
+------------------------------+


Symbol frequency, sorted by count, top 20
+----------------+
| Symbol | Count |
+----------------+
| @      |   278 |
| !      |   115 |
| .      |   115 |
| _      |    69 |
| #      |    63 |
| *      |    60 |
| -      |    45 |
|        |    43 |
| &      |    25 |
| (      |    17 |
| ?      |    13 |
| ;      |    10 |
| /      |    10 |
| ,      |    10 |
| )      |     9 |
| %      |     9 |
| '      |     7 |
| :      |     2 |
| "      |     2 |
| \      |     1 |
+----------------+


