Total entries = 12359
Total unique entries = 5411

Top 10 passwords
7uGd5HIp2J = 159 (1.29%)
123456 = 118 (0.95%)
d7GtP2H27 = 92 (0.74%)
1234 = 76 (0.61%)
55555 = 62 (0.5%)
123 = 54 (0.44%)
eee = 44 (0.36%)
12345 = 40 (0.32%)
123321 = 39 (0.32%)
123456789 = 38 (0.31%)

Top 10 base words
ugd5hip2j = 159 (1.29%)
d7gtp2h = 92 (0.74%)
c0p7oq = 44 (0.36%)
gqnmkrg = 36 (0.29%)
rzkkyek = 28 (0.23%)
hjt8kst = 26 (0.21%)
passr = 22 (0.18%)
eqzlshu = 22 (0.18%)
la2vbv = 16 (0.13%)
d85drvz = 16 (0.13%)

Password length (length ordered)
3 = 158 (1.28%)
4 = 287 (2.32%)
5 = 233 (1.89%)
6 = 860 (6.96%)
7 = 496 (4.01%)
8 = 725 (5.87%)
9 = 611 (4.94%)
10 = 2738 (22.15%)
11 = 81 (0.66%)
12 = 54 (0.44%)
13 = 28 (0.23%)
14 = 3035 (24.56%)
15 = 4 (0.03%)
16 = 10 (0.08%)
17 = 7 (0.06%)
18 = 5 (0.04%)
20 = 7 (0.06%)
28 = 4 (0.03%)
32 = 3016 (24.4%)

Password length (count ordered)
14 = 3035 (24.56%)
32 = 3016 (24.4%)
10 = 2738 (22.15%)
6 = 860 (6.96%)
8 = 725 (5.87%)
9 = 611 (4.94%)
7 = 496 (4.01%)
4 = 287 (2.32%)
5 = 233 (1.89%)
3 = 158 (1.28%)
11 = 81 (0.66%)
12 = 54 (0.44%)
13 = 28 (0.23%)
16 = 10 (0.08%)
17 = 7 (0.06%)
20 = 7 (0.06%)
18 = 5 (0.04%)
28 = 4 (0.03%)
15 = 4 (0.03%)

              |                 |                                       
          |   |                 |                                       
          |   |                 |                                       
          |   |                 |                                       
          |   |                 |                                       
          |   |                 |                                       
          |   |                 |                                       
          |   |                 |                                       
          |   |                 |                                       
          |   |                 |                                       
          |   |                 |                                       
      |   |   |                 |                                       
      | |||   |                 |                                       
      |||||   |                 |                                       
    |||||||   |                 |                                       
||||||||||||||||||||||||||||||||||                                      
0000000000111111111122222222223333
0123456789012345678901234567890123

One to six characters = 1538 (12.44%)
One to eight characters = 2759 (22.32%)
More than eight characters = 9600 (77.68%)

Only lowercase alpha = 412 (3.33%)
Only uppercase alpha = 17 (0.14%)
Only alpha = 429 (3.47%)
Only numeric = 5376 (43.5%)

First capital last symbol = 1 (0.01%)
First capital last number = 1102 (8.92%)

Months
march = 2 (0.02%)
may = 4 (0.03%)

Days
None found

Months (Abreviated)
feb = 26 (0.21%)
mar = 9 (0.07%)
apr = 2 (0.02%)
may = 4 (0.03%)
nov = 2 (0.02%)
dec = 36 (0.29%)

Days (Abreviated)
mon = 3 (0.02%)
fri = 4 (0.03%)
sun = 2 (0.02%)

Includes years
1975 = 4 (0.03%)
1978 = 6 (0.05%)
1979 = 2 (0.02%)
1980 = 2 (0.02%)
1981 = 2 (0.02%)
1982 = 2 (0.02%)
1983 = 2 (0.02%)
1984 = 2 (0.02%)
1985 = 5 (0.04%)
1986 = 12 (0.1%)
1987 = 6 (0.05%)
1988 = 38 (0.31%)
1989 = 6 (0.05%)
1990 = 10 (0.08%)
1991 = 4 (0.03%)
1992 = 6 (0.05%)
1993 = 12 (0.1%)
1994 = 6 (0.05%)
1995 = 11 (0.09%)
1996 = 34 (0.28%)
1997 = 24 (0.19%)
1998 = 35 (0.28%)
1999 = 28 (0.23%)
2000 = 32 (0.26%)
2001 = 31 (0.25%)
2002 = 28 (0.23%)
2003 = 20 (0.16%)
2004 = 16 (0.13%)
2005 = 8 (0.06%)
2006 = 4 (0.03%)
2007 = 22 (0.18%)
2008 = 4 (0.03%)
2009 = 12 (0.1%)
2010 = 3024 (24.47%)
2011 = 12 (0.1%)
2012 = 10 (0.08%)
2013 = 12 (0.1%)
2014 = 12 (0.1%)
2015 = 8 (0.06%)
2016 = 4 (0.03%)
2018 = 4 (0.03%)
2019 = 10 (0.08%)
2020 = 10 (0.08%)

Years (Top 10)
2010 = 3024 (24.47%)
1988 = 38 (0.31%)
1998 = 35 (0.28%)
1996 = 34 (0.28%)
2000 = 32 (0.26%)
2001 = 31 (0.25%)
1999 = 28 (0.23%)
2002 = 28 (0.23%)
1997 = 24 (0.19%)
2007 = 22 (0.18%)

Colours
black = 2 (0.02%)
red = 4 (0.03%)

Single digit on the end = 931 (7.53%)
Two digits on the end = 692 (5.6%)
Three digits on the end = 2214 (17.91%)

Last number
0 = 740 (5.99%)
1 = 1116 (9.03%)
2 = 988 (7.99%)
3 = 1237 (10.01%)
4 = 1021 (8.26%)
5 = 1078 (8.72%)
6 = 1067 (8.63%)
7 = 1013 (8.2%)
8 = 1029 (8.33%)
9 = 1037 (8.39%)

   |                                                                    
 | |                                                                    
 | |||||||                                                              
 |||||||||                                                              
 |||||||||                                                              
 |||||||||                                                              
||||||||||                                                              
||||||||||                                                              
||||||||||                                                              
||||||||||                                                              
||||||||||                                                              
||||||||||                                                              
||||||||||                                                              
||||||||||                                                              
||||||||||                                                              
||||||||||                                                              
0123456789

Last digit
3 = 1237 (10.01%)
1 = 1116 (9.03%)
5 = 1078 (8.72%)
6 = 1067 (8.63%)
9 = 1037 (8.39%)
8 = 1029 (8.33%)
4 = 1021 (8.26%)
7 = 1013 (8.2%)
2 = 988 (7.99%)
0 = 740 (5.99%)

Last 2 digits (Top 10)
23 = 344 (2.78%)
56 = 256 (2.07%)
34 = 213 (1.72%)
21 = 202 (1.63%)
27 = 188 (1.52%)
55 = 181 (1.46%)
45 = 176 (1.42%)
12 = 173 (1.4%)
11 = 167 (1.35%)
89 = 156 (1.26%)

Last 3 digits (Top 10)
123 = 195 (1.58%)
456 = 150 (1.21%)
234 = 133 (1.08%)
321 = 89 (0.72%)
555 = 86 (0.7%)
789 = 63 (0.51%)
345 = 53 (0.43%)
000 = 52 (0.42%)
111 = 44 (0.36%)
988 = 42 (0.34%)

Last 4 digits (Top 10)
3456 = 132 (1.07%)
1234 = 117 (0.95%)
5555 = 68 (0.55%)
2345 = 47 (0.38%)
3321 = 44 (0.36%)
6789 = 42 (0.34%)
3123 = 39 (0.32%)
1988 = 34 (0.28%)
4321 = 32 (0.26%)
1212 = 29 (0.23%)

Last 5 digits (Top 10)
23456 = 130 (1.05%)
55555 = 66 (0.53%)
12345 = 47 (0.38%)
23321 = 40 (0.32%)
56789 = 40 (0.32%)
23123 = 37 (0.3%)
01988 = 34 (0.28%)
54321 = 28 (0.23%)
50089 = 24 (0.19%)
98745 = 16 (0.13%)

US Area Codes
456 = Inbound International (--)
234 = NE Ohio: Canton, Akron (OH)
321 = Florida: Brevard County, Cape Canaveral area; Metro Orlando (FL)
555 = Reserved for directory assistance applications (--)
345 = Cayman Islands (--)

Character sets
numeric: 5376 (43.5%)
loweralphanum: 3727 (30.16%)
mixedalphanum: 2668 (21.59%)
loweralpha: 412 (3.33%)
upperalphanum: 91 (0.74%)
specialnum: 25 (0.2%)
upperalpha: 17 (0.14%)
loweralphaspecialnum: 14 (0.11%)
mixedalpha: 9 (0.07%)
loweralphaspecial: 6 (0.05%)
mixedalphaspecialnum: 1 (0.01%)

Character set ordering
alldigit: 5376 (43.5%)
othermask: 4817 (38.98%)
stringdigit: 1378 (11.15%)
allstring: 438 (3.54%)
digitstringdigit: 210 (1.7%)
digitstring: 73 (0.59%)
stringdigitstring: 57 (0.46%)
stringspecialdigit: 8 (0.06%)
stringspecialstring: 2 (0.02%)

Hashcat masks (Top 10)
?d?d?d?d?d?d?d?d?d?d?d?d?d?d: 3020 (24.44%)
?d?d?d?d?d?d: 619 (5.01%)
?d?d?d?d?d?d?d?d: 352 (2.85%)
?d?d?d?d?d?d?d: 294 (2.38%)
?d?d?d?d?d?d?d?d?d: 259 (2.1%)
?d?d?d?d: 247 (2.0%)
?d?d?d?d?d?d?d?d?d?d: 234 (1.89%)
?d?d?d?d?d: 174 (1.41%)
?d?l?u?l?d?u?u?l?d?u: 159 (1.29%)
?d?d?d: 94 (0.76%)
