Total entries = 8978
Total unique entries = 6374

Top 10 passwords
123456 = 288 (3.21%)
1234 = 145 (1.62%)
12345 = 83 (0.92%)
1111 = 57 (0.63%)
867867 = 54 (0.6%)
301217 = 46 (0.51%)
123456789 = 45 (0.5%)
123123 = 30 (0.33%)
dkssud = 26 (0.29%)
1230 = 25 (0.28%)

Top 10 base words
dkssud = 26 (0.29%)
kodae = 21 (0.23%)
tkfkdgo = 19 (0.21%)
korea = 12 (0.13%)
asdf = 10 (0.11%)
xhddlf = 10 (0.11%)
arirang = 8 (0.09%)
abcd = 8 (0.09%)
uriminzok = 8 (0.09%)
aaaa = 7 (0.08%)

Password length (length ordered)
4 = 1225 (13.64%)
5 = 582 (6.48%)
6 = 2838 (31.61%)
7 = 1789 (19.93%)
8 = 1581 (17.61%)
9 = 598 (6.66%)
10 = 358 (3.99%)
11 = 1 (0.01%)
12 = 1 (0.01%)
14 = 1 (0.01%)
16 = 4 (0.04%)

Password length (count ordered)
6 = 2838 (31.61%)
7 = 1789 (19.93%)
8 = 1581 (17.61%)
4 = 1225 (13.64%)
9 = 598 (6.66%)
5 = 582 (6.48%)
10 = 358 (3.99%)
16 = 4 (0.04%)
14 = 1 (0.01%)
11 = 1 (0.01%)
12 = 1 (0.01%)

      |                                                                 
      |                                                                 
      |                                                                 
      |                                                                 
      |                                                                 
      ||                                                                
      ||                                                                
      |||                                                               
      |||                                                               
    | |||                                                               
    | |||                                                               
    | |||                                                               
    ||||||                                                              
    |||||||                                                             
    |||||||                                                             
||||||||||||||||||                                                      
000000000011111111
012345678901234567

One to six characters = 4645 (51.74%)
One to eight characters = 8015 (89.27%)
More than eight characters = 963 (10.73%)

Only lowercase alpha = 2242 (24.97%)
Only uppercase alpha = 35 (0.39%)
Only alpha = 2277 (25.36%)
Only numeric = 4999 (55.68%)

First capital last symbol = 0 (0.0%)
First capital last number = 43 (0.48%)

Months
january = 1 (0.01%)
may = 1 (0.01%)

Days
None found

Months (Abreviated)
jan = 9 (0.1%)
feb = 3 (0.03%)
mar = 4 (0.04%)
may = 1 (0.01%)
jun = 7 (0.08%)
jul = 1 (0.01%)
aug = 2 (0.02%)
dec = 1 (0.01%)

Days (Abreviated)
mon = 4 (0.04%)
wed = 2 (0.02%)
fri = 4 (0.04%)
sat = 2 (0.02%)
sun = 25 (0.28%)

Includes years
1975 = 16 (0.18%)
1976 = 26 (0.29%)
1977 = 28 (0.31%)
1978 = 42 (0.47%)
1979 = 30 (0.33%)
1980 = 57 (0.63%)
1981 = 38 (0.42%)
1982 = 62 (0.69%)
1983 = 48 (0.53%)
1984 = 44 (0.49%)
1985 = 36 (0.4%)
1986 = 16 (0.18%)
1987 = 19 (0.21%)
1988 = 19 (0.21%)
1989 = 24 (0.27%)
1990 = 44 (0.49%)
1991 = 24 (0.27%)
1992 = 18 (0.2%)
1993 = 9 (0.1%)
1994 = 5 (0.06%)
1995 = 5 (0.06%)
1996 = 3 (0.03%)
1997 = 6 (0.07%)
1998 = 3 (0.03%)
1999 = 14 (0.16%)
2000 = 38 (0.42%)
2001 = 11 (0.12%)
2002 = 21 (0.23%)
2003 = 11 (0.12%)
2004 = 24 (0.27%)
2005 = 17 (0.19%)
2006 = 17 (0.19%)
2007 = 6 (0.07%)
2008 = 13 (0.14%)
2010 = 5 (0.06%)
2011 = 8 (0.09%)
2012 = 9 (0.1%)
2013 = 3 (0.03%)
2014 = 1 (0.01%)
2015 = 1 (0.01%)
2016 = 2 (0.02%)
2017 = 2 (0.02%)
2018 = 5 (0.06%)
2019 = 4 (0.04%)
2020 = 5 (0.06%)

Years (Top 10)
1982 = 62 (0.69%)
1980 = 57 (0.63%)
1983 = 48 (0.53%)
1984 = 44 (0.49%)
1990 = 44 (0.49%)
1978 = 42 (0.47%)
1981 = 38 (0.42%)
2000 = 38 (0.42%)
1985 = 36 (0.4%)
1979 = 30 (0.33%)

Colours
black = 1 (0.01%)
blue = 3 (0.03%)
gray = 1 (0.01%)
green = 4 (0.04%)
red = 3 (0.03%)
yellow = 1 (0.01%)
violet = 1 (0.01%)

Single digit on the end = 107 (1.19%)
Two digits on the end = 159 (1.77%)
Three digits on the end = 282 (3.14%)

Last number
0 = 695 (7.74%)
1 = 807 (8.99%)
2 = 537 (5.98%)
3 = 594 (6.62%)
4 = 640 (7.13%)
5 = 667 (7.43%)
6 = 756 (8.42%)
7 = 559 (6.23%)
8 = 575 (6.4%)
9 = 530 (5.9%)

 |                                                                      
 |    |                                                                 
||   ||                                                                 
||  |||                                                                 
|| ||||||                                                               
||||||||||                                                              
||||||||||                                                              
||||||||||                                                              
||||||||||                                                              
||||||||||                                                              
||||||||||                                                              
||||||||||                                                              
||||||||||                                                              
||||||||||                                                              
||||||||||                                                              
||||||||||                                                              
0123456789

Last digit
1 = 807 (8.99%)
6 = 756 (8.42%)
0 = 695 (7.74%)
5 = 667 (7.43%)
4 = 640 (7.13%)
3 = 594 (6.62%)
8 = 575 (6.4%)
7 = 559 (6.23%)
2 = 537 (5.98%)
9 = 530 (5.9%)

Last 2 digits (Top 10)
56 = 348 (3.88%)
11 = 269 (3.0%)
23 = 204 (2.27%)
34 = 193 (2.15%)
15 = 183 (2.04%)
00 = 155 (1.73%)
21 = 145 (1.62%)
12 = 144 (1.6%)
45 = 138 (1.54%)
17 = 137 (1.53%)

Last 3 digits (Top 10)
456 = 322 (3.59%)
234 = 180 (2.0%)
111 = 153 (1.7%)
123 = 123 (1.37%)
345 = 110 (1.23%)
000 = 90 (1.0%)
789 = 69 (0.77%)
217 = 59 (0.66%)
867 = 54 (0.6%)
415 = 50 (0.56%)

Last 4 digits (Top 10)
3456 = 305 (3.4%)
1234 = 178 (1.98%)
1111 = 126 (1.4%)
2345 = 107 (1.19%)
6789 = 58 (0.65%)
1217 = 54 (0.6%)
7867 = 54 (0.6%)
0000 = 52 (0.58%)
3123 = 33 (0.37%)
1212 = 28 (0.31%)

Last 5 digits (Top 10)
23456 = 300 (3.34%)
12345 = 103 (1.15%)
11111 = 59 (0.66%)
56789 = 56 (0.62%)
67867 = 54 (0.6%)
01217 = 46 (0.51%)
23123 = 33 (0.37%)
00000 = 28 (0.31%)
64564 = 18 (0.2%)
45678 = 18 (0.2%)

US Area Codes
456 = Inbound International (--)
234 = NE Ohio: Canton, Akron (OH)
345 = Cayman Islands (--)
217 = Cent. Illinois: Springfield (IL)
867 = Canada: Yukon, Northwest Territories, Nunavut (YT)
415 = California: San Francisco County and Marin County on the north side of the Golden Gate Bridge, extending north to Sonoma County (CA)

Character sets
numeric: 4999 (55.68%)
loweralpha: 2242 (24.97%)
loweralphanum: 1576 (17.55%)
upperalpha: 35 (0.39%)
upperalphanum: 26 (0.29%)
mixedalpha: 24 (0.27%)
specialnum: 22 (0.25%)
loweralphaspecial: 20 (0.22%)
mixedalphanum: 17 (0.19%)
loweralphaspecialnum: 11 (0.12%)
mixedalphaspecialnum: 5 (0.06%)

Character set ordering
alldigit: 4999 (55.68%)
allstring: 2301 (25.63%)
stringdigit: 1281 (14.27%)
digitstring: 191 (2.13%)
othermask: 86 (0.96%)
stringdigitstring: 60 (0.67%)
digitstringdigit: 30 (0.33%)
stringspecialdigit: 12 (0.13%)
stringspecial: 12 (0.13%)
stringspecialstring: 6 (0.07%)

Hashcat masks (Top 10)
?d?d?d?d?d?d: 1864 (20.76%)
?d?d?d?d: 1051 (11.71%)
?d?d?d?d?d?d?d: 977 (10.88%)
?d?d?d?d?d?d?d?d: 668 (7.44%)
?l?l?l?l?l?l: 577 (6.43%)
?l?l?l?l?l?l?l?l: 451 (5.02%)
?l?l?l?l?l?l?l: 388 (4.32%)
?l?l?l?l?l?l?l?l?l: 271 (3.02%)
?d?d?d?d?d: 253 (2.82%)
?l?l?l?l?l: 250 (2.78%)
