

passpal 0.4 report (www.thepasswordproject.com)

Total words: 	8979
Unique words: 	6375 (71.0 %)

Word frequency, sorted by count, top 20
+------------------------------+
|   Word    | Count | Of total |
+------------------------------+
| 123456    |   288 | 3.2075 % |
| 1234      |   145 | 1.6149 % |
| 12345     |    83 | 0.9244 % |
| 1111      |    57 | 0.6348 % |
| 867867    |    54 | 0.6014 % |
| 301217    |    46 | 0.5123 % |
| 123456789 |    45 | 0.5012 % |
| 123123    |    30 | 0.3341 % |
| dkssud    |    26 | 0.2896 % |
| 1230      |    25 | 0.2784 % |
| 111111    |    24 | 0.2673 % |
| kodae     |    21 | 0.2339 % |
| 0000      |    19 | 0.2116 % |
| 564564    |    18 | 0.2005 % |
| tkfkdgo   |    18 | 0.2005 % |
| 11111     |    16 | 0.1782 % |
| 1234567   |    16 | 0.1782 % |
| 12345678  |    15 | 0.1671 % |
| 198415    |    15 | 0.1671 % |
| 000000    |    14 | 0.1559 % |
+------------------------------+


Base word (len>=3) frequency, sorted by count, top 20
+------------------------------+
|   Word    | Count | Of total |
+------------------------------+
| kim       |    29 | 0.323 %  |
| dkssud    |    26 | 0.2896 % |
| kodae     |    21 | 0.2339 % |
| tkfkdgo   |    19 | 0.2116 % |
| korea     |    12 | 0.1336 % |
| zjn       |    12 | 0.1336 % |
| lee       |    11 | 0.1225 % |
| jin       |    10 | 0.1114 % |
| xhddlf    |    10 | 0.1114 % |
| abc       |     9 | 0.1002 % |
| asdf      |     9 | 0.1002 % |
| arirang   |     8 | 0.0891 % |
| uriminzok |     8 | 0.0891 % |
| asd       |     7 | 0.078 %  |
| aaaaaa    |     7 | 0.078 %  |
| qwertyui  |     7 | 0.078 %  |
| kjh       |     7 | 0.078 %  |
| aaaa      |     6 | 0.0668 % |
| abcd      |     6 | 0.0668 % |
| dragon    |     6 | 0.0668 % |
+------------------------------+


Length frequency, sorted by length, full table
+----------------------------+
| Length | Count | Of total  |
+----------------------------+
|      0 |     1 | 0.0111 %  |
|      4 |  1225 | 13.6429 % |
|      5 |   582 | 6.4818 %  |
|      6 |  2838 | 31.6071 % |
|      7 |  1789 | 19.9243 % |
|      8 |  1581 | 17.6078 % |
|      9 |   598 | 6.66 %    |
|     10 |   358 | 3.9871 %  |
|     11 |     1 | 0.0111 %  |
|     12 |     1 | 0.0111 %  |
|     14 |     1 | 0.0111 %  |
|     16 |     4 | 0.0445 %  |
+----------------------------+


Charset frequency, sorted by count, full table
+-----------------------------------------------------------------------+
|           Charset            | Count | Of total  |   Count/keyspace   |
+-----------------------------------------------------------------------+
| lower-upper-numeric-symbolic |  8976 | 99.9666 % |  94.48421052631579 |
| lower-upper-numeric          |  8919 | 99.3318 % |  143.8548387096774 |
| lower-numeric-symbolic       |  8869 | 98.7749 % | 128.53623188405797 |
| lower-numeric                |  8817 | 98.1958 % | 244.91666666666666 |
| upper-numeric-symbolic       |  5080 | 56.5765 % |   73.6231884057971 |
| upper-numeric                |  5060 | 56.3537 % | 140.55555555555554 |
| numeric-symbolic             |  5019 | 55.8971 % | 116.72093023255815 |
| numeric                      |  4999 | 55.6744 % |              499.9 |
| lower-upper-symbolic         |  2322 | 25.8603 % |  27.31764705882353 |
| lower-upper                  |  2301 | 25.6265 % |              44.25 |
| lower-symbolic               |  2263 | 25.2033 % | 38.355932203389834 |
| lower                        |  2242 | 24.9694 % |  86.23076923076923 |
| upper-symbolic               |    35 | 0.3898 %  | 0.5932203389830508 |
| upper                        |    35 | 0.3898 %  | 1.3461538461538463 |
+-----------------------------------------------------------------------+

Charset frequency, sorted by count/keyspace, full table
+-----------------------------------------------------------------------+
|           Charset            | Count | Of total  |   Count/keyspace   |
+-----------------------------------------------------------------------+
| numeric                      |  4999 | 55.6744 % |              499.9 |
| lower-numeric                |  8817 | 98.1958 % | 244.91666666666666 |
| lower-upper-numeric          |  8919 | 99.3318 % |  143.8548387096774 |
| upper-numeric                |  5060 | 56.3537 % | 140.55555555555554 |
| lower-numeric-symbolic       |  8869 | 98.7749 % | 128.53623188405797 |
| numeric-symbolic             |  5019 | 55.8971 % | 116.72093023255815 |
| lower-upper-numeric-symbolic |  8976 | 99.9666 % |  94.48421052631579 |
| lower                        |  2242 | 24.9694 % |  86.23076923076923 |
| upper-numeric-symbolic       |  5080 | 56.5765 % |   73.6231884057971 |
| lower-upper                  |  2301 | 25.6265 % |              44.25 |
| lower-symbolic               |  2263 | 25.2033 % | 38.355932203389834 |
| lower-upper-symbolic         |  2322 | 25.8603 % |  27.31764705882353 |
| upper                        |    35 | 0.3898 %  | 1.3461538461538463 |
| upper-symbolic               |    35 | 0.3898 %  | 0.5932203389830508 |
+-----------------------------------------------------------------------+


Hashcat mask frequency, sorted by count, top 20
+-----------------------------------------------------------------------+
|           Mask           | Count | Of total  |     Count/keyspace     |
+-----------------------------------------------------------------------+
| ?d?d?d?d?d?d             |  1864 | 20.7596 % |               0.001864 |
| ?d?d?d?d?l?l?l?l         |  1051 | 11.7051 % | 2.2999019642169393e-07 |
| ?d?d?d?d?d?d?d           |   977 | 10.8809 % |               9.77e-05 |
| ?d?d?d?d?d?d?d?d?l?l?l?l |   668 | 7.4396 %  | 1.4617835509961136e-11 |
| ?l?l?l?l?l?l             |   577 | 6.4261 %  | 1.8678230275944212e-06 |
| ?l?l?l?l?l?l?l?l?l?l?l?l |   451 | 5.0228 %  | 4.7260288258091285e-15 |
| ?l?l?l?l?l?l?l           |   388 | 4.3212 %  | 4.8307914591830117e-08 |
| ?l?l?l?l?l?l?l?l?l       |   271 | 3.0182 %  |  4.991248114433737e-11 |
| ?d?d?d?d?d               |   253 | 2.8177 %  |                0.00253 |
| ?l?l?l?l?l               |   250 | 2.7843 %  | 2.1041333933039407e-05 |
| ?l?l?l?d?d?d?d           |   214 | 2.3833 %  |  1.217569412835685e-06 |
| ?l?l?l?l?l?l?l?l?l?l     |   165 | 1.8376 %  | 1.1688276169196234e-12 |
| ?l?l?l?l?l?l?l?l         |   140 | 1.5592 %  |  6.704111858501403e-10 |
| ?d?d?d?d?d?d?d?d?d       |   125 | 1.3921 %  |               1.25e-07 |
| ?l?l?d?d?d?d             |   113 | 1.2585 %  | 1.6715976331360947e-05 |
| ?l?l?l?l?d?d?d?d?l?l?l?l |   106 | 1.1805 %  | 5.0759704071510625e-14 |
| ?l?l?l?d?d?d             |   105 | 1.1694 %  |  5.974055530268548e-06 |
| ?d?d?d?d?d?d?d?d?d?d     |    60 | 0.6682 %  |                6.0e-09 |
| ?l?l?l?l?l?d?d?d?l?l?l?l |    57 | 0.6348 %  |  1.049819714105989e-14 |
| ?l?l?l?d?d?d?d?d?d       |    47 | 0.5234 %  |  2.674101046882112e-09 |
+-----------------------------------------------------------------------+
Words that didn't match any ?l?u?d?s mask: 3 (0.0334 %)

Hashcat mask frequency, sorted by count/keyspace, top 20
+-------------------------------------------------------------+
|      Mask      | Count | Of total  |     Count/keyspace     |
+-------------------------------------------------------------+
| ?d?d?d?d?d     |   253 | 2.8177 %  |                0.00253 |
| ?d?d?d?d?d?d   |  1864 | 20.7596 % |               0.001864 |
| ?l?d?d?d?d     |    27 | 0.3007 %  | 0.00010384615384615384 |
| ?d?d?d?d?d?d?d |   977 | 10.8809 % |               9.77e-05 |
| ?l?l?l?l?l     |   250 | 2.7843 %  | 2.1041333933039407e-05 |
| ?d?d?l?d?d     |     5 | 0.0557 %  |  1.923076923076923e-05 |
| ?d?d?d?d?l     |     5 | 0.0557 %  |  1.923076923076923e-05 |
| ?l?l?d?d?d?d   |   113 | 1.2585 %  | 1.6715976331360947e-05 |
| ?l?l?d?d?d     |     8 | 0.0891 %  | 1.1834319526627219e-05 |
| ?l?d?d?d?d?d   |    22 | 0.245 %   |  8.461538461538462e-06 |
| ?l?l?l?d?d     |    12 | 0.1336 %  | 6.8274920345926266e-06 |
| ?l?l?l?d?d?d   |   105 | 1.1694 %  |  5.974055530268548e-06 |
| ?u?d?d?d?d     |     1 | 0.0111 %  |  3.846153846153846e-06 |
| ?d?l?d?d?d     |     1 | 0.0111 %  |  3.846153846153846e-06 |
| ?d?d?d?d?l?l   |    22 | 0.245 %   | 3.2544378698224853e-06 |
| ?l?l?l?l?l?l   |   577 | 6.4261 %  | 1.8678230275944212e-06 |
| ?l?l?l?l?d     |     8 | 0.0891 %  | 1.7506389832288785e-06 |
| ?d?d?l?l?l     |     3 | 0.0334 %  | 1.7068730086481566e-06 |
| ?d?d?d?d?d?l   |     4 | 0.0445 %  | 1.5384615384615385e-06 |
| ?d?l?d?l?d     |     1 | 0.0111 %  | 1.4792899408284024e-06 |
+-------------------------------------------------------------+
Words that didn't match any ?l?u?d?s mask: 3 (0.0334 %)


Charset distribution of characters in beginning and end of words (len>=6)
+-------------------------------------------------------------------------------------------------+
| Charset\Index | 0 (first char) |     1     |     2     |    -3     |    -2     | -1 (last char) |
+-------------------------------------------------------------------------------------------------+
| lower         | 43.9052 %      | 43.0962 % | 40.8172 % | 31.5158 % | 30.3347 % | 29.8884 %      |
| upper         | 1.1158 %       | 0.6695 %  | 0.6694 %  | 0.502 %   | 0.4881 %  | 0.4742 %       |
| digits        | 54.8396 %      | 56.1785 % | 58.4856 % | 67.8706 % | 69.0377 % | 69.3026 %      |
| symbols       | 0.1395 %       | 0.0558 %  | 0.0279 %  | 0.1116 %  | 0.1395 %  | 0.3347 %       |
+-------------------------------------------------------------------------------------------------+


Total characters: 	59072
Unique characters: 	75
Top 50 characters: 	1203958647askdnhiolerjgmcfutwypqbzxvASDH.Y@KMOCRFI

Character frequency, sorted by count, top 20
+-------------------------------+
| Character | Count | Of total  |
+-------------------------------+
| 1         |  7321 | 12.3934 % |
| 2         |  4826 | 8.1697 %  |
| 0         |  4437 | 7.5112 %  |
| 3         |  3358 | 5.6846 %  |
| 9         |  3163 | 5.3545 %  |
| 5         |  3051 | 5.1649 %  |
| 8         |  2847 | 4.8195 %  |
| 6         |  2784 | 4.7129 %  |
| 4         |  2602 | 4.4048 %  |
| 7         |  2563 | 4.3388 %  |
| a         |  1582 | 2.6781 %  |
| s         |  1527 | 2.585 %   |
| k         |  1522 | 2.5765 %  |
| d         |  1433 | 2.4259 %  |
| n         |  1233 | 2.0873 %  |
| h         |  1126 | 1.9061 %  |
| i         |  1125 | 1.9045 %  |
| o         |  1106 | 1.8723 %  |
| l         |  1040 | 1.7606 %  |
| e         |   972 | 1.6454 %  |
+-------------------------------+


Symbol frequency, sorted by count, top 20
+----------------+
| Symbol | Count |
+----------------+
| .      |    26 |
| @      |    20 |
| -      |    14 |
| ;      |     8 |
| &      |     7 |
| !      |     3 |
| _      |     3 |
| #      |     2 |
| *      |     2 |
| ,      |     2 |
|        |     1 |
| ?      |     1 |
+----------------+


