

passpal 0.4 report (www.thepasswordproject.com)

Total words: 	4078
Unique words: 	4078 (100.0 %)

Word frequency, sorted by count, top 20
+----------------------------------+
|     Word      | Count | Of total |
+----------------------------------+
| !!@@##$$%%    |     1 | 0.0245 % |
| !@#!@#!@#     |     1 | 0.0245 % |
| !@#$!@#$      |     1 | 0.0245 % |
| !@#$%^&*()    |     1 | 0.0245 % |
| ************  |     1 | 0.0245 % |
| ●●●●●●●●      |     1 | 0.0245 % |
| ●●●●●●●●●●●●● |     1 | 0.0245 % |
| 000000        |     1 | 0.0245 % |
| 07721203      |     1 | 0.0245 % |
| 1234569       |     1 | 0.0245 % |
| 123456963     |     1 | 0.0245 % |
| 07775000      |     1 | 0.0245 % |
| 123456ali     |     1 | 0.0245 % |
| 11554466      |     1 | 0.0245 % |
| 12qazwsx      |     1 | 0.0245 % |
| 0000000       |     1 | 0.0245 % |
| 000000000     |     1 | 0.0245 % |
| 0000000000    |     1 | 0.0245 % |
| 123457a       |     1 | 0.0245 % |
| 1061978       |     1 | 0.0245 % |
+----------------------------------+


Base word (len>=3) frequency, sorted by count, top 20
+-----------------------------+
|   Word   | Count | Of total |
+-----------------------------+
| ali      |    15 | 0.3678 % |
| syria    |    15 | 0.3678 % |
| asd      |    13 | 0.3188 % |
| ahmad    |     9 | 0.2207 % |
| asdf     |     7 | 0.1717 % |
| samer    |     6 | 0.1471 % |
| ahmed    |     5 | 0.1226 % |
| ammar    |     5 | 0.1226 % |
| mohammad |     5 | 0.1226 % |
| alaa     |     5 | 0.1226 % |
| assad    |     4 | 0.0981 % |
| basel    |     4 | 0.0981 % |
| maher    |     4 | 0.0981 % |
| rami     |     4 | 0.0981 % |
| wissam   |     4 | 0.0981 % |
| yazan    |     4 | 0.0981 % |
| husam    |     4 | 0.0981 % |
| mohamad  |     4 | 0.0981 % |
| bashar   |     4 | 0.0981 % |
| qazwsx   |     3 | 0.0736 % |
+-----------------------------+


Length frequency, sorted by length, full table
+----------------------------+
| Length | Count | Of total  |
+----------------------------+
|      3 |     1 | 0.0245 %  |
|      4 |     4 | 0.0981 %  |
|      5 |     7 | 0.1717 %  |
|      6 |    38 | 0.9318 %  |
|      7 |   470 | 11.5253 % |
|      8 |   670 | 16.4296 % |
|      9 |   512 | 12.5552 % |
|     10 |   902 | 22.1187 % |
|     11 |   322 | 7.896 %   |
|     12 |   351 | 8.6072 %  |
|     13 |   180 | 4.4139 %  |
|     14 |   155 | 3.8009 %  |
|     15 |   123 | 3.0162 %  |
|     16 |   113 | 2.771 %   |
|     17 |    58 | 1.4223 %  |
|     18 |    41 | 1.0054 %  |
|     19 |    31 | 0.7602 %  |
|     20 |    26 | 0.6376 %  |
|     21 |    19 | 0.4659 %  |
|     22 |    17 | 0.4169 %  |
|     23 |     6 | 0.1471 %  |
|     24 |     7 | 0.1717 %  |
|     25 |     5 | 0.1226 %  |
|     26 |     5 | 0.1226 %  |
|     27 |     6 | 0.1471 %  |
|     28 |     3 | 0.0736 %  |
|     29 |     4 | 0.0981 %  |
|     37 |     1 | 0.0245 %  |
|     39 |     1 | 0.0245 %  |
+----------------------------+


Charset frequency, sorted by count, full table
+------------------------------------------------------------------------+
|           Charset            | Count | Of total  |   Count/keyspace    |
+------------------------------------------------------------------------+
| lower-upper-numeric-symbolic |  3749 | 91.9323 % |  39.463157894736845 |
| lower-numeric-symbolic       |  3392 | 83.178 %  |   49.15942028985507 |
| lower-upper-numeric          |  3158 | 77.4399 % |  50.935483870967744 |
| lower-numeric                |  2871 | 70.4022 % |               79.75 |
| upper-numeric-symbolic       |  1469 | 36.0226 % |   21.28985507246377 |
| upper-numeric                |  1370 | 33.5949 % |   38.05555555555556 |
| numeric-symbolic             |  1366 | 33.4968 % |  31.767441860465116 |
| numeric                      |  1287 | 31.5596 % |               128.7 |
| lower-upper-symbolic         |   483 | 11.844 %  |   5.682352941176471 |
| lower-symbolic               |   444 | 10.8877 % |    7.52542372881356 |
| lower-upper                  |   360 | 8.8279 %  |   6.923076923076923 |
| lower                        |   332 | 8.1412 %  |   12.76923076923077 |
| upper-symbolic               |    17 | 0.4169 %  |   0.288135593220339 |
| upper                        |    12 | 0.2943 %  | 0.46153846153846156 |
| symbolic                     |     2 | 0.049 %   | 0.06060606060606061 |
+------------------------------------------------------------------------+

Charset frequency, sorted by count/keyspace, full table
+------------------------------------------------------------------------+
|           Charset            | Count | Of total  |   Count/keyspace    |
+------------------------------------------------------------------------+
| numeric                      |  1287 | 31.5596 % |               128.7 |
| lower-numeric                |  2871 | 70.4022 % |               79.75 |
| lower-upper-numeric          |  3158 | 77.4399 % |  50.935483870967744 |
| lower-numeric-symbolic       |  3392 | 83.178 %  |   49.15942028985507 |
| lower-upper-numeric-symbolic |  3749 | 91.9323 % |  39.463157894736845 |
| upper-numeric                |  1370 | 33.5949 % |   38.05555555555556 |
| numeric-symbolic             |  1366 | 33.4968 % |  31.767441860465116 |
| upper-numeric-symbolic       |  1469 | 36.0226 % |   21.28985507246377 |
| lower                        |   332 | 8.1412 %  |   12.76923076923077 |
| lower-symbolic               |   444 | 10.8877 % |    7.52542372881356 |
| lower-upper                  |   360 | 8.8279 %  |   6.923076923076923 |
| lower-upper-symbolic         |   483 | 11.844 %  |   5.682352941176471 |
| upper                        |    12 | 0.2943 %  | 0.46153846153846156 |
| upper-symbolic               |    17 | 0.4169 %  |   0.288135593220339 |
| symbolic                     |     2 | 0.049 %   | 0.06060606060606061 |
+------------------------------------------------------------------------+


Hashcat mask frequency, sorted by count, top 20
+-------------------------------------------------------------------------------+
|               Mask               | Count | Of total  |     Count/keyspace     |
+-------------------------------------------------------------------------------+
| ?d?d?d?d?d?d?d?d?d?d             |   433 | 10.6179 % |               4.33e-08 |
| ?d?d?d?d?d?d?d                   |   248 | 6.0814 %  |               2.48e-05 |
| ?d?d?d?d?d?d?d?d?l?l?l?l         |   226 | 5.5419 %  |  4.945555127621582e-12 |
| ?d?d?d?d?d?d?d?d?d               |   139 | 3.4085 %  |               1.39e-07 |
| ?d?d?d?d?d?d?d?d?d?d?d?d?l?l?l?l |    81 | 1.9863 %  | 1.7725219705192394e-16 |
| ?l?l?l?l?l?l?l?l?l?l?l?l         |    67 | 1.643 %   |  7.020929741224203e-16 |
| ?l?l?l?l?l?l?l?l?l?l             |    55 | 1.3487 %  | 3.8960920563987447e-13 |
| ?l?l?l?l?l?l?l                   |    54 | 1.3242 %  |  6.723266463811408e-09 |
| ?l?l?l?l?l?l?l?l?l               |    52 | 1.2751 %  |  9.577302655002006e-12 |
| ?l?l?l?l?d?d?d?d?l?l?l?l         |    49 | 1.2016 %  | 2.3464391504754913e-14 |
| ?d?d?d?d?d?d?d?d?d?d?d           |    47 | 1.1525 %  |                4.7e-10 |
| ?l?l?l?l?l?l?d?d?d?d             |    42 | 1.0299 %  | 1.3595938849040847e-11 |
| ?l?l?l?l?l?d?d?d?d               |    41 | 1.0054 %  | 3.4507787650184624e-10 |
| ?l?l?l?l?l?l?d?d?l?l?l?l         |    34 | 0.8337 %  |  2.408493271228315e-15 |
| ?l?l?l?l?l?d?d?d?l?l?l?l         |    31 | 0.7602 %  | 5.7095458135588874e-15 |
| ?l?l?l?l?l?l?d?d?d               |    30 | 0.7357 %  |  9.711384892172034e-11 |
| ?l?l?l?l?l?l?l?l?l?l?l?l?l?l?l?l |    27 | 0.6621 %  |   6.19141901482182e-22 |
| ?l?l?l?l?l?d?d?d?d?d?d           |    27 | 0.6621 %  | 2.2724640647682558e-12 |
| ?l?l?l?l?l?l?l?l?l?l?l           |    26 | 0.6376 %  |  7.083803738906809e-15 |
| ?d?d?d?d?d?d?d?d?d?d?d?d?d?d     |    25 | 0.613 %   |                2.5e-13 |
+-------------------------------------------------------------------------------+
Words that didn't match any ?l?u?d?s mask: 329 (8.0677 %)

Hashcat mask frequency, sorted by count/keyspace, top 20
+-------------------------------------------------------------------+
|         Mask         | Count | Of total  |     Count/keyspace     |
+-------------------------------------------------------------------+
| ?d?d?d               |     1 | 0.0245 %  |                  0.001 |
| ?d?d?d?d?d?d?d       |   248 | 6.0814 %  |               2.48e-05 |
| ?d?d?d?d?d?d         |    15 | 0.3678 %  |                1.5e-05 |
| ?d?d?d?d?d           |     1 | 0.0245 %  |                1.0e-05 |
| ?d?d?d?d?l           |     1 | 0.0245 %  |  3.846153846153846e-06 |
| ?l?d?d?d?d?d?d       |    12 | 0.2943 %  | 4.6153846153846156e-07 |
| ?d?d?d?d?d?d?l       |    12 | 0.2943 %  | 4.6153846153846156e-07 |
| ?l?l?l?l?d           |     1 | 0.0245 %  | 2.1882987290360982e-07 |
| ?d?d?d?d?d?d?s       |     6 | 0.1471 %  | 1.8181818181818183e-07 |
| ?l?d?d?d?l?d         |     1 | 0.0245 %  | 1.4792899408284022e-07 |
| ?d?d?d?d?d?d?d?d?d   |   139 | 3.4085 %  |               1.39e-07 |
| ?l?l?l?d?d?d?d       |    21 | 0.515 %   | 1.1948111060537096e-07 |
| ?u?d?d?d?d?d?d       |     3 | 0.0736 %  | 1.1538461538461539e-07 |
| ?d?d?d?l?d?d?d       |     3 | 0.0736 %  | 1.1538461538461539e-07 |
| ?l?l?l?d?d?d         |     2 | 0.049 %   |  1.137915339098771e-07 |
| ?d?d?d?s?d?d?d       |     3 | 0.0736 %  |  9.090909090909091e-08 |
| ?d?d?d?d?d?d?d?d?d?d |   433 | 10.6179 % |               4.33e-08 |
| ?d?d?d?d?d?d?u       |     1 | 0.0245 %  |  3.846153846153846e-08 |
| ?l?l?l?l?d?d?d       |    14 | 0.3433 %  |  3.063618220650538e-08 |
| ?d?d?d?s?s?s         |     1 | 0.0245 %  | 2.7826474107465842e-08 |
+-------------------------------------------------------------------+
Words that didn't match any ?l?u?d?s mask: 329 (8.0677 %)


Charset distribution of characters in beginning and end of words (len>=6)
+-------------------------------------------------------------------------------------------------+
| Charset\Index | 0 (first char) |     1     |     2     |    -3     |    -2     | -1 (last char) |
+-------------------------------------------------------------------------------------------------+
| lower         | 46.0553 %      | 45.0855 % | 44.6656 % | 25.095 %  | 24.0436 % | 22.001 %       |
| upper         | 5.5072 %       | 3.1402 %  | 2.5268 %  | 1.646 %   | 1.6722 %  | 3.6753 %       |
| digits        | 46.5932 %      | 49.5022 % | 51.123 %  | 69.9671 % | 70.5853 % | 68.3767 %      |
| symbols       | 1.8443 %       | 2.2721 %  | 1.6845 %  | 3.292 %   | 3.699 %   | 5.9469 %       |
+-------------------------------------------------------------------------------------------------+


Total characters: 	43082
Unique characters: 	141
Top 50 characters: 	1902a354687semrolhidnbty@kgfwucv.zjpA*x-qاشS#س! +ل

Character frequency, sorted by count, top 20
+------------------------------+
| Character | Count | Of total |
+------------------------------+
| 1         |  3504 | 8.1333 % |
| 9         |  3079 | 7.1468 % |
| 0         |  3004 | 6.9727 % |
| 2         |  2775 | 6.4412 % |
| a         |  2598 | 6.0304 % |
| 3         |  2371 | 5.5035 % |
| 5         |  2078 | 4.8234 % |
| 4         |  1964 | 4.5587 % |
| 6         |  1840 | 4.2709 % |
| 8         |  1765 | 4.0968 % |
| 7         |  1737 | 4.0318 % |
| s         |  1152 | 2.674 %  |
| e         |  1049 | 2.4349 % |
| m         |   974 | 2.2608 % |
| r         |   941 | 2.1842 % |
| o         |   928 | 2.154 %  |
| l         |   764 | 1.7734 % |
| h         |   759 | 1.7618 % |
| i         |   742 | 1.7223 % |
| d         |   710 | 1.648 %  |
+------------------------------+


Symbol frequency, sorted by count, top 20
+----------------+
| Symbol | Count |
+----------------+
| @      |   315 |
| .      |   202 |
| *      |   160 |
| -      |   126 |
| #      |    83 |
| !      |    79 |
|        |    78 |
| _      |    62 |
| ,      |    54 |
| ]      |    47 |
| /      |    44 |
| %      |    33 |
| \      |    23 |
| &      |    20 |
| ;      |    16 |
| )      |    15 |
| ?      |    14 |
| (      |    12 |
| [      |    10 |
| ؟      |     5 |
+----------------+


