Total entries = 4078
Total unique entries = 4078

Top 10 passwords
!!@@##$$%% = 1 (0.02%)
!@#!@#!@# = 1 (0.02%)
!@#$!@#$ = 1 (0.02%)
!@#$%^&*() = 1 (0.02%)
************ = 1 (0.02%)
●●●●●●●● = 1 (0.02%)
●●●●●●●●●●●●● = 1 (0.02%)
000000 = 1 (0.02%)
07721203 = 1 (0.02%)
1234569 = 1 (0.02%)

Top 10 base words
syria = 18 (0.44%)
ahmad = 9 (0.22%)
asdf = 7 (0.17%)
samer = 6 (0.15%)
ammar = 6 (0.15%)
maher = 5 (0.12%)
mohammad = 5 (0.12%)
alaa = 5 (0.12%)
ahmed = 5 (0.12%)
yazan = 5 (0.12%)

Password length (length ordered)
3 = 1 (0.02%)
5 = 3 (0.07%)
6 = 20 (0.49%)
7 = 456 (11.18%)
8 = 649 (15.91%)
9 = 491 (12.04%)
10 = 882 (21.63%)
11 = 314 (7.7%)
12 = 363 (8.9%)
13 = 172 (4.22%)
14 = 167 (4.1%)
15 = 129 (3.16%)
16 = 130 (3.19%)
17 = 61 (1.5%)
18 = 54 (1.32%)
19 = 40 (0.98%)
20 = 37 (0.91%)
21 = 25 (0.61%)
22 = 24 (0.59%)
23 = 10 (0.25%)
24 = 16 (0.39%)
25 = 5 (0.12%)
26 = 9 (0.22%)
27 = 8 (0.2%)
28 = 5 (0.12%)
29 = 4 (0.1%)
37 = 1 (0.02%)
39 = 2 (0.05%)

Password length (count ordered)
10 = 882 (21.63%)
8 = 649 (15.91%)
9 = 491 (12.04%)
7 = 456 (11.18%)
12 = 363 (8.9%)
11 = 314 (7.7%)
13 = 172 (4.22%)
14 = 167 (4.1%)
16 = 130 (3.19%)
15 = 129 (3.16%)
17 = 61 (1.5%)
18 = 54 (1.32%)
19 = 40 (0.98%)
20 = 37 (0.91%)
21 = 25 (0.61%)
22 = 24 (0.59%)
6 = 20 (0.49%)
24 = 16 (0.39%)
23 = 10 (0.25%)
26 = 9 (0.22%)
27 = 8 (0.2%)
28 = 5 (0.12%)
25 = 5 (0.12%)
29 = 4 (0.1%)
5 = 3 (0.07%)
39 = 2 (0.05%)
37 = 1 (0.02%)
3 = 1 (0.02%)

          |                                                             
          |                                                             
          |                                                             
          |                                                             
        | |                                                             
        | |                                                             
        | |                                                             
       ||||                                                             
       ||||                                                             
       |||| |                                                           
       ||||||                                                           
       ||||||                                                           
       ||||||||                                                         
       ||||||||||                                                       
       |||||||||||                                                      
|||||||||||||||||||||||||||||||||||||||||                               
00000000001111111111222222222233333333334
01234567890123456789012345678901234567890

One to six characters = 24 (0.59%)
One to eight characters = 1129 (27.69%)
More than eight characters = 2949 (72.31%)

Only lowercase alpha = 332 (8.14%)
Only uppercase alpha = 12 (0.29%)
Only alpha = 344 (8.44%)
Only numeric = 1287 (31.56%)

First capital last symbol = 20 (0.49%)
First capital last number = 129 (3.16%)

Months
march = 1 (0.02%)
may = 8 (0.2%)
july = 3 (0.07%)
november = 1 (0.02%)

Days
None found

Months (Abreviated)
jan = 2 (0.05%)
feb = 1 (0.02%)
mar = 39 (0.96%)
apr = 1 (0.02%)
may = 8 (0.2%)
jun = 1 (0.02%)
jul = 4 (0.1%)
nov = 1 (0.02%)

Days (Abreviated)
mon = 9 (0.22%)
wed = 1 (0.02%)
fri = 1 (0.02%)
sun = 4 (0.1%)

Includes years
1975 = 10 (0.25%)
1976 = 6 (0.15%)
1977 = 11 (0.27%)
1978 = 17 (0.42%)
1979 = 11 (0.27%)
1980 = 17 (0.42%)
1981 = 14 (0.34%)
1982 = 18 (0.44%)
1983 = 12 (0.29%)
1984 = 12 (0.29%)
1985 = 14 (0.34%)
1986 = 20 (0.49%)
1987 = 18 (0.44%)
1988 = 32 (0.78%)
1989 = 17 (0.42%)
1990 = 25 (0.61%)
1991 = 16 (0.39%)
1992 = 22 (0.54%)
1993 = 26 (0.64%)
1994 = 22 (0.54%)
1995 = 16 (0.39%)
1996 = 20 (0.49%)
1997 = 15 (0.37%)
1998 = 12 (0.29%)
1999 = 9 (0.22%)
2000 = 17 (0.42%)
2001 = 6 (0.15%)
2002 = 8 (0.2%)
2003 = 3 (0.07%)
2004 = 4 (0.1%)
2005 = 4 (0.1%)
2006 = 10 (0.25%)
2007 = 17 (0.42%)
2008 = 9 (0.22%)
2009 = 9 (0.22%)
2010 = 15 (0.37%)
2011 = 14 (0.34%)
2012 = 29 (0.71%)
2013 = 13 (0.32%)
2014 = 2 (0.05%)
2015 = 1 (0.02%)
2017 = 2 (0.05%)
2018 = 2 (0.05%)
2019 = 3 (0.07%)
2020 = 11 (0.27%)

Years (Top 10)
1988 = 32 (0.78%)
2012 = 29 (0.71%)
1993 = 26 (0.64%)
1990 = 25 (0.61%)
1994 = 22 (0.54%)
1992 = 22 (0.54%)
1996 = 20 (0.49%)
1986 = 20 (0.49%)
1987 = 18 (0.44%)
1982 = 18 (0.44%)

Colours
black = 3 (0.07%)
green = 1 (0.02%)
red = 4 (0.1%)

Single digit on the end = 148 (3.63%)
Two digits on the end = 177 (4.34%)
Three digits on the end = 214 (5.25%)

Last number
0 = 351 (8.61%)
1 = 299 (7.33%)
2 = 301 (7.38%)
3 = 331 (8.12%)
4 = 236 (5.79%)
5 = 234 (5.74%)
6 = 254 (6.23%)
7 = 224 (5.49%)
8 = 215 (5.27%)
9 = 237 (5.81%)

|  |                                                                    
|  |                                                                    
||||                                                                    
||||                                                                    
||||  |                                                                 
|||||||| |                                                              
||||||||||                                                              
||||||||||                                                              
||||||||||                                                              
||||||||||                                                              
||||||||||                                                              
||||||||||                                                              
||||||||||                                                              
||||||||||                                                              
||||||||||                                                              
||||||||||                                                              
0123456789

Last digit
0 = 351 (8.61%)
3 = 331 (8.12%)
2 = 301 (7.38%)
1 = 299 (7.33%)
6 = 254 (6.23%)
9 = 237 (5.81%)
4 = 236 (5.79%)
5 = 234 (5.74%)
7 = 224 (5.49%)
8 = 215 (5.27%)

Last 2 digits (Top 10)
23 = 124 (3.04%)
00 = 121 (2.97%)
12 = 83 (2.04%)
56 = 68 (1.67%)
11 = 57 (1.4%)
89 = 55 (1.35%)
88 = 52 (1.28%)
10 = 52 (1.28%)
21 = 51 (1.25%)
77 = 45 (1.1%)

Last 3 digits (Top 10)
123 = 103 (2.53%)
456 = 51 (1.25%)
000 = 50 (1.23%)
789 = 35 (0.86%)
321 = 31 (0.76%)
012 = 29 (0.71%)
007 = 23 (0.56%)
234 = 21 (0.51%)
999 = 21 (0.51%)
990 = 21 (0.51%)

Last 4 digits (Top 10)
3456 = 33 (0.81%)
6789 = 25 (0.61%)
2012 = 25 (0.61%)
1234 = 19 (0.47%)
0000 = 18 (0.44%)
4321 = 18 (0.44%)
1993 = 17 (0.42%)
1990 = 17 (0.42%)
1988 = 16 (0.39%)
1982 = 15 (0.37%)

Last 5 digits (Top 10)
23456 = 32 (0.78%)
56789 = 24 (0.59%)
54321 = 16 (0.39%)
12345 = 13 (0.32%)
23123 = 10 (0.25%)
00000 = 8 (0.2%)
47258 = 6 (0.15%)
23321 = 6 (0.15%)
67890 = 5 (0.12%)
11111 = 4 (0.1%)

US Area Codes
456 = Inbound International (--)
321 = Florida: Brevard County, Cape Canaveral area; Metro Orlando (FL)
234 = NE Ohio: Canton, Akron (OH)
999 = Often used by carriers to indicate that the area code information is unavailable for CNID, even though the rest of the number is present (--)

Character sets
numeric: 1287 (31.56%)
loweralphanum: 1252 (30.7%)
loweralphaspecialnum: 375 (9.2%)
loweralpha: 332 (8.14%)
mixedalphanum: 188 (4.61%)
loweralphaspecial: 107 (2.62%)
specialnum: 106 (2.6%)
upperalphanum: 71 (1.74%)
mixedalphaspecialnum: 55 (1.35%)
upperalphaspecialnum: 18 (0.44%)
mixedalpha: 16 (0.39%)
upperalpha: 12 (0.29%)
mixedalphaspecial: 6 (0.15%)
special: 6 (0.15%)
upperalphaspecial: 4 (0.1%)

Character set ordering
alldigit: 1287 (31.56%)
othermask: 972 (23.84%)
stringdigit: 893 (21.9%)
allstring: 360 (8.83%)
digitstring: 213 (5.22%)
stringdigitstring: 118 (2.89%)
stringspecialdigit: 90 (2.21%)
digitstringdigit: 58 (1.42%)
stringspecialstring: 40 (0.98%)
stringspecial: 31 (0.76%)
specialstringspecial: 8 (0.2%)
allspecial: 6 (0.15%)
specialstring: 2 (0.05%)

Hashcat masks (Top 10)
?d?d?d?d?d?d?d?d?d?d: 433 (10.62%)
?d?d?d?d?d?d?d: 248 (6.08%)
?d?d?d?d?d?d?d?d: 226 (5.54%)
?d?d?d?d?d?d?d?d?d: 139 (3.41%)
?d?d?d?d?d?d?d?d?d?d?d?d: 81 (1.99%)
?l?l?l?l?l?l?l?l: 67 (1.64%)
?l?l?l?l?l?l?l?l?l?l: 55 (1.35%)
?l?l?l?l?l?l?l: 54 (1.32%)
?l?l?l?l?l?l?l?l?l: 52 (1.28%)
?l?l?l?l?d?d?d?d: 49 (1.2%)
