Total entries = 18201
Total unique entries = 4371

Top 10 passwords
6702085401086 = 13 (0.07%)
7912180420084 = 13 (0.07%)
7803245347083 = 13 (0.07%)
specter = 13 (0.07%)
7502280295088 = 13 (0.07%)
8406050219089 = 13 (0.07%)
6401035366081 = 13 (0.07%)
6401300148081 = 13 (0.07%)
6411250081083 = 13 (0.07%)
8209096117089 = 13 (0.07%)

Top 10 base words
password = 17 (0.09%)
specter = 13 (0.07%)
p@ssw0rd = 11 (0.06%)
datsun = 9 (0.05%)
nyambura = 8 (0.04%)
arsenal = 8 (0.04%)
admin = 8 (0.04%)
marketing = 8 (0.04%)
nmokgethi = 7 (0.04%)
tetsing = 7 (0.04%)

Password length (length ordered)
3 = 8 (0.04%)
4 = 15 (0.08%)
5 = 35 (0.19%)
6 = 78 (0.43%)
7 = 810 (4.45%)
8 = 943 (5.18%)
9 = 406 (2.23%)
10 = 284 (1.56%)
11 = 155 (0.85%)
12 = 471 (2.59%)
13 = 14970 (82.25%)
14 = 10 (0.05%)
15 = 9 (0.05%)
16 = 1 (0.01%)
19 = 3 (0.02%)
32 = 3 (0.02%)

Password length (count ordered)
13 = 14970 (82.25%)
8 = 943 (5.18%)
7 = 810 (4.45%)
12 = 471 (2.59%)
9 = 406 (2.23%)
10 = 284 (1.56%)
11 = 155 (0.85%)
6 = 78 (0.43%)
5 = 35 (0.19%)
4 = 15 (0.08%)
14 = 10 (0.05%)
15 = 9 (0.05%)
3 = 8 (0.04%)
19 = 3 (0.02%)
32 = 3 (0.02%)
16 = 1 (0.01%)

             |                                                          
             |                                                          
             |                                                          
             |                                                          
             |                                                          
             |                                                          
             |                                                          
             |                                                          
             |                                                          
             |                                                          
             |                                                          
             |                                                          
             |                                                          
             |                                                          
        |    |                                                          
||||||||||||||||||||||||||||||||||                                      
0000000000111111111122222222223333
0123456789012345678901234567890123

One to six characters = 136 (0.75%)
One to eight characters = 1889 (10.38%)
More than eight characters = 16312 (89.62%)

Only lowercase alpha = 1395 (7.66%)
Only uppercase alpha = 35 (0.19%)
Only alpha = 1430 (7.86%)
Only numeric = 15277 (83.93%)

First capital last symbol = 3 (0.02%)
First capital last number = 134 (0.74%)

Months
february = 1 (0.01%)
march = 2 (0.01%)
may = 6 (0.03%)
august = 3 (0.02%)
september = 5 (0.03%)
october = 3 (0.02%)
december = 1 (0.01%)

Days
None found

Months (Abreviated)
jan = 10 (0.05%)
feb = 1 (0.01%)
mar = 57 (0.31%)
may = 6 (0.03%)
jun = 3 (0.02%)
jul = 6 (0.03%)
aug = 3 (0.02%)
sept = 5 (0.03%)
oct = 6 (0.03%)
nov = 1 (0.01%)
dec = 1 (0.01%)

Days (Abreviated)
mon = 23 (0.13%)
fri = 10 (0.05%)
sun = 15 (0.08%)

Includes years
1975 = 1 (0.01%)
1976 = 5 (0.03%)
1977 = 5 (0.03%)
1978 = 4 (0.02%)
1979 = 5 (0.03%)
1980 = 69 (0.38%)
1981 = 7 (0.04%)
1982 = 2 (0.01%)
1983 = 11 (0.06%)
1984 = 1 (0.01%)
1985 = 6 (0.03%)
1987 = 3 (0.02%)
1988 = 1 (0.01%)
1989 = 3 (0.02%)
1990 = 25 (0.14%)
1993 = 2 (0.01%)
1995 = 2 (0.01%)
1996 = 2 (0.01%)
1997 = 6 (0.03%)
2000 = 139 (0.76%)
2001 = 64 (0.35%)
2002 = 77 (0.42%)
2003 = 34 (0.19%)
2004 = 46 (0.25%)
2005 = 19 (0.1%)
2006 = 25 (0.14%)
2007 = 29 (0.16%)
2008 = 224 (1.23%)
2009 = 49 (0.27%)
2010 = 144 (0.79%)
2011 = 76 (0.42%)
2012 = 77 (0.42%)
2013 = 26 (0.14%)
2014 = 3 (0.02%)
2015 = 107 (0.59%)
2016 = 9 (0.05%)
2017 = 12 (0.07%)
2018 = 26 (0.14%)
2019 = 18 (0.1%)
2020 = 106 (0.58%)

Years (Top 10)
2008 = 224 (1.23%)
2010 = 144 (0.79%)
2000 = 139 (0.76%)
2015 = 107 (0.59%)
2020 = 106 (0.58%)
2002 = 77 (0.42%)
2012 = 77 (0.42%)
2011 = 76 (0.42%)
1980 = 69 (0.38%)
2001 = 64 (0.35%)

Colours
blue = 1 (0.01%)
brown = 1 (0.01%)
green = 3 (0.02%)
pink = 4 (0.02%)
red = 8 (0.04%)

Single digit on the end = 194 (1.07%)
Two digits on the end = 236 (1.3%)
Three digits on the end = 148 (0.81%)

Last number
0 = 1628 (8.94%)
1 = 1813 (9.96%)
2 = 1707 (9.38%)
3 = 1794 (9.86%)
4 = 1619 (8.9%)
5 = 1519 (8.35%)
6 = 1351 (7.42%)
7 = 1581 (8.69%)
8 = 1529 (8.4%)
9 = 1562 (8.58%)

 |||                                                                    
|||||                                                                   
|||||| |||                                                              
|||||| |||                                                              
||||||||||                                                              
||||||||||                                                              
||||||||||                                                              
||||||||||                                                              
||||||||||                                                              
||||||||||                                                              
||||||||||                                                              
||||||||||                                                              
||||||||||                                                              
||||||||||                                                              
||||||||||                                                              
||||||||||                                                              
0123456789

Last digit
1 = 1813 (9.96%)
3 = 1794 (9.86%)
2 = 1707 (9.38%)
0 = 1628 (8.94%)
4 = 1619 (8.9%)
7 = 1581 (8.69%)
9 = 1562 (8.58%)
8 = 1529 (8.4%)
5 = 1519 (8.35%)
6 = 1351 (7.42%)

Last 2 digits (Top 10)
83 = 1643 (9.03%)
81 = 1604 (8.81%)
82 = 1597 (8.77%)
84 = 1518 (8.34%)
87 = 1499 (8.24%)
80 = 1475 (8.1%)
89 = 1453 (7.98%)
85 = 1442 (7.92%)
88 = 1438 (7.9%)
86 = 1288 (7.08%)

Last 3 digits (Top 10)
083 = 1620 (8.9%)
081 = 1575 (8.65%)
082 = 1575 (8.65%)
084 = 1495 (8.21%)
087 = 1467 (8.06%)
080 = 1453 (7.98%)
089 = 1433 (7.87%)
088 = 1412 (7.76%)
085 = 1406 (7.72%)
086 = 1263 (6.94%)

Last 4 digits (Top 10)
6087 = 246 (1.35%)
4083 = 245 (1.35%)
8082 = 221 (1.21%)
3081 = 219 (1.2%)
2080 = 218 (1.2%)
5082 = 217 (1.19%)
8081 = 207 (1.14%)
1085 = 197 (1.08%)
6088 = 194 (1.07%)
6081 = 188 (1.03%)

Last 5 digits (Top 10)
17087 = 71 (0.39%)
46083 = 59 (0.32%)
07083 = 56 (0.31%)
44080 = 54 (0.3%)
56087 = 54 (0.3%)
16084 = 51 (0.28%)
28081 = 49 (0.27%)
20081 = 48 (0.26%)
03082 = 48 (0.26%)
21086 = 48 (0.26%)

Character sets
numeric: 15277 (83.93%)
loweralpha: 1395 (7.66%)
loweralphanum: 829 (4.55%)
mixedalphanum: 455 (2.5%)
mixedalpha: 82 (0.45%)
upperalphanum: 59 (0.32%)
upperalpha: 35 (0.19%)
loweralphaspecialnum: 30 (0.16%)
loweralphaspecial: 14 (0.08%)
mixedalphaspecialnum: 14 (0.08%)
specialnum: 8 (0.04%)
mixedalphaspecial: 1 (0.01%)
upperalphaspecialnum: 1 (0.01%)

Character set ordering
alldigit: 15277 (83.93%)
allstring: 1512 (8.31%)
stringdigit: 720 (3.96%)
othermask: 305 (1.68%)
stringdigitstring: 286 (1.57%)
digitstring: 56 (0.31%)
digitstringdigit: 19 (0.1%)
stringspecialdigit: 15 (0.08%)
stringspecialstring: 7 (0.04%)
stringspecial: 4 (0.02%)

Hashcat masks (Top 10)
?d?d?d?d?d?d?d?d?d?d?d?d?d: 14947 (82.12%)
?l?l?l?l?l?l?l: 487 (2.68%)
?l?l?l?l?l?l?l?l: 432 (2.37%)
?l?l?l?l?l?l?l?l?l: 194 (1.07%)
?d?d?d?d?d?d?d?d: 168 (0.92%)
?l?l?l?l?l?l?l?l?l?l: 108 (0.59%)
?l?l?l?d?l?l?l: 100 (0.55%)
?l?l?l?l?l?l?d?d: 84 (0.46%)
?l?l?l?l?l?l?l?l?l?l?l: 57 (0.31%)
?l?l?l?l?l?l?d: 52 (0.29%)
