

passpal 0.4 report (www.thepasswordproject.com)

Total words: 	18423
Unique words: 	4372 (23.73 %)

Word frequency, sorted by count, top 20
+----------------------------------+
|     Word      | Count | Of total |
+----------------------------------+
|               |   222 | 1.205 %  |
| specter       |    13 | 0.0706 % |
| 6401035366081 |    13 | 0.0706 % |
| 6401300148081 |    13 | 0.0706 % |
| 6411250081083 |    13 | 0.0706 % |
| 5802185107087 |    13 | 0.0706 % |
| 5807085144080 |    13 | 0.0706 % |
| 6702085401086 |    13 | 0.0706 % |
| 7502280295088 |    13 | 0.0706 % |
| 7803245347083 |    13 | 0.0706 % |
| 7912180420084 |    13 | 0.0706 % |
| 8209096117089 |    13 | 0.0706 % |
| 8406050219089 |    13 | 0.0706 % |
| 6201110040084 |    11 | 0.0597 % |
| 6201160245088 |    11 | 0.0597 % |
| 6205235161089 |    11 | 0.0597 % |
| 6208215167084 |    11 | 0.0597 % |
| 6209010099084 |    11 | 0.0597 % |
| 6301025105087 |    11 | 0.0597 % |
| 6303085208082 |    11 | 0.0597 % |
+----------------------------------+


Base word (len>=3) frequency, sorted by count, top 20
+-------------------------------+
|    Word    | Count | Of total |
+-------------------------------+
| specter    |    13 | 0.0706 % |
| max        |    10 | 0.0543 % |
| password   |    10 | 0.0543 % |
| Datsun     |     9 | 0.0489 % |
| arsenal    |     8 | 0.0434 % |
| marketing  |     8 | 0.0434 % |
| nyambura   |     8 | 0.0434 % |
| p@ssw0rd   |     8 | 0.0434 % |
| admin      |     7 | 0.038 %  |
| sandy      |     7 | 0.038 %  |
| Diane      |     7 | 0.038 %  |
| demo       |     7 | 0.038 %  |
| janine     |     7 | 0.038 %  |
| nxk7xg     |     7 | 0.038 %  |
| Password   |     7 | 0.038 %  |
| supplies   |     7 | 0.038 %  |
| Nmokgethi  |     7 | 0.038 %  |
| sol        |     7 | 0.038 %  |
| c62ffb     |     7 | 0.038 %  |
| pplantinga |     7 | 0.038 %  |
+-------------------------------+


Length frequency, sorted by length, full table
+----------------------------+
| Length | Count | Of total  |
+----------------------------+
|      0 |   222 | 1.205 %   |
|      3 |     8 | 0.0434 %  |
|      4 |    15 | 0.0814 %  |
|      5 |    35 | 0.19 %    |
|      6 |    78 | 0.4234 %  |
|      7 |   810 | 4.3967 %  |
|      8 |   943 | 5.1186 %  |
|      9 |   406 | 2.2038 %  |
|     10 |   284 | 1.5416 %  |
|     11 |   155 | 0.8413 %  |
|     12 |   471 | 2.5566 %  |
|     13 | 14970 | 81.2571 % |
|     14 |    10 | 0.0543 %  |
|     15 |     9 | 0.0489 %  |
|     16 |     1 | 0.0054 %  |
|     19 |     3 | 0.0163 %  |
|     32 |     3 | 0.0163 %  |
+----------------------------+


Charset frequency, sorted by count, full table
+-----------------------------------------------------------------------+
|           Charset            | Count | Of total  |   Count/keyspace   |
+-----------------------------------------------------------------------+
| lower-upper-numeric-symbolic | 18191 | 98.7407 % |  191.4842105263158 |
| lower-upper-numeric          | 18132 | 98.4205 % |  292.4516129032258 |
| lower-numeric-symbolic       | 17547 | 95.2451 % | 254.30434782608697 |
| lower-numeric                | 17501 | 94.9954 % |  486.1388888888889 |
| upper-numeric-symbolic       | 15377 | 83.4663 % | 222.85507246376812 |
| upper-numeric                | 15371 | 83.4338 % | 426.97222222222223 |
| numeric-symbolic             | 15282 | 82.9507 % |  355.3953488372093 |
| numeric                      | 15277 | 82.9235 % |             1527.7 |
| lower-upper-symbolic         |  1525 | 8.2777 %  | 17.941176470588236 |
| lower-upper                  |  1512 | 8.2071 %  | 29.076923076923077 |
| lower-symbolic               |  1407 | 7.6372 %  | 23.847457627118644 |
| lower                        |  1395 | 7.5721 %  |  53.65384615384615 |
| upper-symbolic               |    35 | 0.19 %    | 0.5932203389830508 |
| upper                        |    35 | 0.19 %    | 1.3461538461538463 |
+-----------------------------------------------------------------------+

Charset frequency, sorted by count/keyspace, full table
+-----------------------------------------------------------------------+
|           Charset            | Count | Of total  |   Count/keyspace   |
+-----------------------------------------------------------------------+
| numeric                      | 15277 | 82.9235 % |             1527.7 |
| lower-numeric                | 17501 | 94.9954 % |  486.1388888888889 |
| upper-numeric                | 15371 | 83.4338 % | 426.97222222222223 |
| numeric-symbolic             | 15282 | 82.9507 % |  355.3953488372093 |
| lower-upper-numeric          | 18132 | 98.4205 % |  292.4516129032258 |
| lower-numeric-symbolic       | 17547 | 95.2451 % | 254.30434782608697 |
| upper-numeric-symbolic       | 15377 | 83.4663 % | 222.85507246376812 |
| lower-upper-numeric-symbolic | 18191 | 98.7407 % |  191.4842105263158 |
| lower                        |  1395 | 7.5721 %  |  53.65384615384615 |
| lower-upper                  |  1512 | 8.2071 %  | 29.076923076923077 |
| lower-symbolic               |  1407 | 7.6372 %  | 23.847457627118644 |
| lower-upper-symbolic         |  1525 | 8.2777 %  | 17.941176470588236 |
| upper                        |    35 | 0.19 %    | 1.3461538461538463 |
| upper-symbolic               |    35 | 0.19 %    | 0.5932203389830508 |
+-----------------------------------------------------------------------+


Hashcat mask frequency, sorted by count, top 20
+-------------------------------------------------------------------------------+
|               Mask               | Count | Of total  |     Count/keyspace     |
+-------------------------------------------------------------------------------+
| ?d?d?d?d?d?d?d?d?d?d?d?d?d       | 14947 | 81.1323 % |             1.4947e-09 |
| ?l?l?l?l?l?l?l                   |   487 | 2.6434 %  |  6.063390310881769e-08 |
| ?l?l?l?l?l?l?l?l?l?l?l?l         |   432 | 2.3449 %  |  4.526927833147546e-15 |
| ?l?l?l?l?l?l?l?l?l               |   194 | 1.053 %   | 3.5730706059045945e-11 |
| ?d?d?d?d?d?d?d?d?l?l?l?l         |   168 | 0.9119 %  |  3.676341864780645e-12 |
| ?l?l?l?l?l?l?l?l?l?l             |   108 | 0.5862 %  |  7.650508038019354e-13 |
| ?l?l?l?d?l?l?l                   |   100 | 0.5428 %  |  3.237128297390678e-08 |
| ?l?l?l?l?l?l?d?d?l?l?l?l         |    84 | 0.456 %   |  5.950395140681719e-15 |
| ?l?l?l?l?l?l?l?l?l?l?l           |    57 | 0.3094 %  |  1.552987742760339e-14 |
| ?l?l?l?l?l?l?d                   |    52 | 0.2823 %  | 1.6833067146431523e-08 |
| ?d?d?d?d?d?d?d?d?d?d             |    43 | 0.2334 %  |                4.3e-09 |
| ?l?l?l?l?l?l?d?d?d               |    39 | 0.2117 %  | 1.2624800359823643e-10 |
| ?l?l?l?l?l?l?d?d?d?d             |    39 | 0.2117 %  | 1.2624800359823643e-11 |
| ?l?l?l?l?l?d?d?d?l?l?l?l         |    38 | 0.2063 %  |  6.998798094039927e-15 |
| ?d?d?d?d?d?d?d                   |    36 | 0.1954 %  |                3.6e-06 |
| ?l?l?l?l?d?d?d?d?l?l?l?l         |    35 | 0.19 %    | 1.6760279646253508e-14 |
| ?l?l?l?l?l?d?d?d?d               |    33 | 0.1791 %  | 2.7774560791612016e-10 |
| ?l?l?l?l?l?l?l?l?l?l?l?l?l?l?l?l |    30 | 0.1628 %  |  6.879354460913134e-22 |
| ?l?l?l?l?l?l?l?d?d               |    30 | 0.1628 %  |  3.735148035450782e-11 |
| ?l?l?l?l?l?l?l?d?l?l?l?l         |    29 | 0.1574 %  |  7.901165708780671e-16 |
+-------------------------------------------------------------------------------+
Words that didn't match any ?l?u?d?s mask: 232 (1.2593 %)

Hashcat mask frequency, sorted by count/keyspace, top 20
+------------------------------------------------------------+
|      Mask      | Count | Of total |     Count/keyspace     |
+------------------------------------------------------------+
| ?d?d?d         |     1 | 0.0054 % |                  0.001 |
| ?l?l?l         |     7 | 0.038 %  | 0.00039827036868456985 |
| ?d?d?d?d?d     |     8 | 0.0434 % |                8.0e-05 |
| ?d?d?d?d?d?d   |    14 | 0.076 %  |                1.4e-05 |
| ?l?l?l?d?d     |     7 | 0.038 %  |  3.982703686845699e-06 |
| ?d?d?d?d?d?d?d |    36 | 0.1954 % |                3.6e-06 |
| ?l?l?l?l?l     |    19 | 0.1031 % | 1.5991413789109948e-06 |
| ?l?l?d?d?d?d   |     5 | 0.0271 % |  7.396449704142012e-07 |
| ?l?l?l?d?d?d   |     6 | 0.0326 % | 3.4137460172963133e-07 |
| ?l?l?l?l?d     |     1 | 0.0054 % | 2.1882987290360982e-07 |
| ?l?d?d?l?l?l   |     7 | 0.038 %  | 1.5318091103252688e-07 |
| ?l?d?d?d?l?d   |     1 | 0.0054 % | 1.4792899408284022e-07 |
| ?u?d?d?d?d?d?d |     3 | 0.0163 % | 1.1538461538461539e-07 |
| ?l?l?l?l?l?l   |    27 | 0.1466 % |   8.74024640295483e-08 |
| ?l?d?d?d?d?d?d |     2 | 0.0109 % |  7.692307692307692e-08 |
| ?l?l?l?d?d?d?d |    13 | 0.0706 % |  7.396449704142011e-08 |
| ?l?d?l?l?l?d   |     3 | 0.0163 % |  6.564896187108295e-08 |
| ?l?l?l?l?l?l?l |   487 | 2.6434 % |  6.063390310881769e-08 |
| ?u?l?l?l?l?d   |     7 | 0.038 %  | 5.8915735012510334e-08 |
| ?u?u?d?d?d?d?d |     3 | 0.0163 % |  4.437869822485207e-08 |
+------------------------------------------------------------+
Words that didn't match any ?l?u?d?s mask: 232 (1.2593 %)


Charset distribution of characters in beginning and end of words (len>=6)
+-------------------------------------------------------------------------------------------------+
| Charset\Index | 0 (first char) |     1     |     2     |    -3     |    -2     | -1 (last char) |
+-------------------------------------------------------------------------------------------------+
| lower         | 12.8707 %      | 13.3109 % | 13.5123 % | 11.8062 % | 10.6273 % | 9.989 %        |
| upper         | 2.2048 %       | 1.4937 %  | 1.4885 %  | 1.1575 %  | 1.2953 %  | 1.3065 %       |
| digits        | 84.9245 %      | 85.0907 % | 84.9826 % | 86.9867 % | 88.0278 % | 88.6329 %      |
| symbols       | 0.0 %          | 0.1047 %  | 0.0165 %  | 0.0496 %  | 0.0496 %  | 0.0717 %       |
+-------------------------------------------------------------------------------------------------+


Total characters: 	222846
Unique characters: 	77
Top 50 characters: 	0815276349aienrsmotluhkcdgypbwjfvxzASELIRTDNOPqKZU

Character frequency, sorted by count, top 20
+-------------------------------+
| Character | Count | Of total  |
+-------------------------------+
| 0         | 52399 | 23.5135 % |
| 8         | 28927 | 12.9807 % |
| 1         | 24246 | 10.8802 % |
| 5         | 20464 | 9.183 %   |
| 2         | 17496 | 7.8512 %  |
| 7         | 13958 | 6.2635 %  |
| 6         | 12760 | 5.7259 %  |
| 3         | 11074 | 4.9694 %  |
| 4         | 10358 | 4.6481 %  |
| 9         |  8869 | 3.9799 %  |
| a         |  2242 | 1.0061 %  |
| i         |  1624 | 0.7288 %  |
| e         |  1541 | 0.6915 %  |
| n         |  1291 | 0.5793 %  |
| r         |  1134 | 0.5089 %  |
| s         |  1131 | 0.5075 %  |
| m         |  1073 | 0.4815 %  |
| o         |  1065 | 0.4779 %  |
| t         |  1035 | 0.4644 %  |
| l         |   717 | 0.3217 %  |
+-------------------------------+


Symbol frequency, sorted by count, top 20
+----------------+
| Symbol | Count |
+----------------+
| @      |    41 |
| /      |     9 |
| .      |     8 |
| _      |     5 |
| !      |     5 |
| #      |     3 |
| *      |     2 |
| -      |     2 |
| ,      |     1 |
|        |     1 |
| %      |     1 |
| :      |     1 |
| &      |     1 |
+----------------+


