

passpal 0.4 report (www.thepasswordproject.com)

Total words: 	59421
Unique words: 	9090 (15.3 %)

Word frequency, sorted by count, top 20
+-------------------------------+
|   Word    | Count | Of total  |
+-------------------------------+
|           | 48713 | 81.9794 % |
| huckfinn  |   922 | 1.5516 %  |
| password  |    80 | 0.1346 %  |
| 123456    |    67 | 0.1128 %  |
| tomsawyer |    67 | 0.1128 %  |
| 1234      |    21 | 0.0353 %  |
| letmein   |    14 | 0.0236 %  |
| abc123    |    13 | 0.0219 %  |
| qwerty    |    13 | 0.0219 %  |
| welcome   |    13 | 0.0219 %  |
| 12345678  |    11 | 0.0185 %  |
| 111111    |     9 | 0.0151 %  |
| 12345     |     8 | 0.0135 %  |
| foobar    |     8 | 0.0135 %  |
| test      |     8 | 0.0135 %  |
| graph     |     7 | 0.0118 %  |
| t0msawyer |     7 | 0.0118 %  |
| 123       |     6 | 0.0101 %  |
| passw0rd  |     6 | 0.0101 %  |
| sawyer    |     6 | 0.0101 %  |
+-------------------------------+


Base word (len>=3) frequency, sorted by count, top 20
+------------------------------+
|   Word    | Count | Of total |
+------------------------------+
| huckfinn  |  2311 | 3.8892 % |
| tss_user  |   540 | 0.9088 % |
| PVCS      |   229 | 0.3854 % |
| password  |    86 | 0.1447 % |
| tomsawyer |    79 | 0.1329 % |
| qwerty    |    17 | 0.0286 % |
| letmein   |    16 | 0.0269 % |
| welcome   |    16 | 0.0269 % |
| test      |    14 | 0.0236 % |
| abc       |    13 | 0.0219 % |
| tom       |    12 | 0.0202 % |
| foobar    |    11 | 0.0185 % |
| graph     |     9 | 0.0151 % |
| hello     |     9 | 0.0151 % |
| sawyer    |     7 | 0.0118 % |
| t0msawyer |     7 | 0.0118 % |
| TomSawyer |     7 | 0.0118 % |
| dragon    |     6 | 0.0101 % |
| asdf      |     6 | 0.0101 % |
| cisco     |     6 | 0.0101 % |
+------------------------------+


Length frequency, sorted by length, full table
+----------------------------+
| Length | Count | Of total  |
+----------------------------+
|      0 | 48713 | 81.9794 % |
|      1 |     3 | 0.005 %   |
|      2 |    11 | 0.0185 %  |
|      3 |    44 | 0.074 %   |
|      4 |   268 | 0.451 %   |
|      5 |   357 | 0.6008 %  |
|      6 |  1912 | 3.2177 %  |
|      7 |  1443 | 2.4284 %  |
|      8 |  3083 | 5.1884 %  |
|      9 |   789 | 1.3278 %  |
|     10 |   586 | 0.9862 %  |
|     11 |   149 | 0.2508 %  |
|     12 |  1472 | 2.4772 %  |
|     13 |    39 | 0.0656 %  |
|     14 |   548 | 0.9222 %  |
|     15 |     1 | 0.0017 %  |
|     16 |     2 | 0.0034 %  |
|     17 |     1 | 0.0017 %  |
+----------------------------+


Charset frequency, sorted by count, full table
+-----------------------------------------------------------------------+
|           Charset            | Count | Of total  |   Count/keyspace   |
+-----------------------------------------------------------------------+
| lower-upper-numeric-symbolic | 10676 | 17.9667 % | 112.37894736842105 |
| lower-upper-numeric          |  9935 | 16.7197 % | 160.24193548387098 |
| lower-numeric-symbolic       |  9855 | 16.585 %  | 142.82608695652175 |
| lower-numeric                |  9181 | 15.4508 % | 255.02777777777777 |
| lower-upper-symbolic         |  5079 | 8.5475 %  | 59.752941176470586 |
| lower-upper                  |  4997 | 8.4095 %  |  96.09615384615384 |
| lower-symbolic               |  4875 | 8.2042 %  |  82.62711864406779 |
| lower                        |  4813 | 8.0998 %  |  185.1153846153846 |
| upper-numeric-symbolic       |   862 | 1.4507 %  | 12.492753623188406 |
| upper-numeric                |   855 | 1.4389 %  |              23.75 |
| numeric-symbolic             |   572 | 0.9626 %  |  13.30232558139535 |
| numeric                      |   568 | 0.9559 %  |               56.8 |
| upper-symbolic               |    37 | 0.0623 %  | 0.6271186440677966 |
| upper                        |    35 | 0.0589 %  | 1.3461538461538463 |
+-----------------------------------------------------------------------+

Charset frequency, sorted by count/keyspace, full table
+-----------------------------------------------------------------------+
|           Charset            | Count | Of total  |   Count/keyspace   |
+-----------------------------------------------------------------------+
| lower-numeric                |  9181 | 15.4508 % | 255.02777777777777 |
| lower                        |  4813 | 8.0998 %  |  185.1153846153846 |
| lower-upper-numeric          |  9935 | 16.7197 % | 160.24193548387098 |
| lower-numeric-symbolic       |  9855 | 16.585 %  | 142.82608695652175 |
| lower-upper-numeric-symbolic | 10676 | 17.9667 % | 112.37894736842105 |
| lower-upper                  |  4997 | 8.4095 %  |  96.09615384615384 |
| lower-symbolic               |  4875 | 8.2042 %  |  82.62711864406779 |
| lower-upper-symbolic         |  5079 | 8.5475 %  | 59.752941176470586 |
| numeric                      |   568 | 0.9559 %  |               56.8 |
| upper-numeric                |   855 | 1.4389 %  |              23.75 |
| numeric-symbolic             |   572 | 0.9626 %  |  13.30232558139535 |
| upper-numeric-symbolic       |   862 | 1.4507 %  | 12.492753623188406 |
| upper                        |    35 | 0.0589 %  | 1.3461538461538463 |
| upper-symbolic               |    37 | 0.0623 %  | 0.6271186440677966 |
+-----------------------------------------------------------------------+


Hashcat mask frequency, sorted by count, top 20
+------------------------------------------------------------------------------+
|               Mask               | Count | Of total |     Count/keyspace     |
+------------------------------------------------------------------------------+
| ?l?l?l?l?l?l?l?l?l?l?l?l         |  1827 | 3.0747 % | 1.9145132294353165e-14 |
| ?l?l?l?l?l?l?l?l?d?d?d?d?l?l?l?l |  1392 | 2.3426 % | 1.4586767462364316e-18 |
| ?l?l?l?l?l?l                     |  1045 | 1.7586 % | 3.3827990707732583e-06 |
| ?l?l?l?l?l?l?l                   |   761 | 1.2807 % |  9.474825516593483e-08 |
| ?l?l?l?s?l?l?l?l?d?d?d?d?d?d     |   540 | 0.9088 % |  2.037353473882245e-15 |
| ?l?l?l?l?l?l?l?l?l               |   386 | 0.6496 % |  7.109305432366873e-11 |
| ?l?l?l?l?l                       |   288 | 0.4847 % | 2.4239616690861395e-05 |
| ?d?d?d?d?d?d                     |   249 | 0.419 %  |               0.000249 |
| ?u?u?u?u?d?d?d?d?d?d             |   229 | 0.3854 % |  5.011204089492665e-10 |
| ?l?l?l?l?l?l?d?d?l?l?l?l         |   181 | 0.3046 % | 1.2821684767421323e-14 |
| ?l?l?l?l?l?l?l?l?l?l             |   161 | 0.2709 % | 1.1404924019639963e-12 |
| ?l?l?l?l?l?l?l?l                 |   161 | 0.2709 % |  7.709728637276614e-10 |
| ?l?l?l?l?d?d?d?d?l?l?l?l         |   136 | 0.2289 % |  6.512565805401363e-14 |
| ?l?l?l?l?l?d?d?d?l?l?l?l         |   121 | 0.2036 % |  2.228564656260082e-14 |
| ?l?l?l?l?l?d                     |   119 | 0.2003 % | 1.0015674952126758e-06 |
| ?l?l?l?l?l?d?d                   |   118 | 0.1986 % |    9.9315096163946e-08 |
| ?d?d?d?d?d?d?d?d?l?l?l?l         |   110 | 0.1851 % |  2.407128601939708e-12 |
| ?l?l?l?l?d?d                     |   104 | 0.175 %  |  2.275830678197542e-06 |
| ?l?l?l?l?l?l?d                   |   101 | 0.17 %   | 3.2694995803645846e-08 |
| ?l?l?l?l?l?l?l?d?l?l?l?l         |    97 | 0.1632 % | 2.6428037025921555e-15 |
+------------------------------------------------------------------------------+
Words that didn't match any ?l?u?d?s mask: 48745 (82.0333 %)

Hashcat mask frequency, sorted by count/keyspace, top 20
+------------------------------------------------------------+
|      Mask      | Count | Of total |     Count/keyspace     |
+------------------------------------------------------------+
| ?l             |     3 | 0.005 %  |    0.11538461538461539 |
| ?l?l           |    10 | 0.0168 % |   0.014792899408284023 |
| ?d?d?d         |     8 | 0.0135 % |                  0.008 |
| ?l?l?l         |    33 | 0.0555 % |  0.0018775603095129722 |
| ?u?u           |     1 | 0.0017 % |  0.0014792899408284023 |
| ?l?l?d         |     2 | 0.0034 % |  0.0002958579881656805 |
| ?d?d?d?d?d?d   |   249 | 0.419 %  |               0.000249 |
| ?d?d?d?d?d     |    23 | 0.0387 % |                0.00023 |
| ?u?u?u         |     1 | 0.0017 % |  5.689576695493855e-05 |
| ?l?l?l?l?l     |   288 | 0.4847 % | 2.4239616690861395e-05 |
| ?d?d?d?d?l     |     2 | 0.0034 % |  7.692307692307692e-06 |
| ?l?l?d?d?d     |     5 | 0.0084 % |  7.396449704142012e-06 |
| ?l?l?d?d?d?d   |    45 | 0.0757 % |  6.656804733727811e-06 |
| ?d?d?d?d?d?d?d |    59 | 0.0993 % |                5.9e-06 |
| ?l?l?l?d?d?d   |    94 | 0.1582 % |  5.348202093764224e-06 |
| ?l?d?d?d?d     |     1 | 0.0017 % |  3.846153846153846e-06 |
| ?l?l?l?l?l?l   |  1045 | 1.7586 % | 3.3827990707732583e-06 |
| ?d?d?d?l?l     |     2 | 0.0034 % | 2.9585798816568047e-06 |
| ?l?l?l?l?d     |    11 | 0.0185 % |  2.407128601939708e-06 |
| ?l?l?l?l?d?d   |   104 | 0.175 %  |  2.275830678197542e-06 |
+------------------------------------------------------------+
Words that didn't match any ?l?u?d?s mask: 48745 (82.0333 %)


Charset distribution of characters in beginning and end of words (len>=6)
+-------------------------------------------------------------------------------------------------+
| Charset\Index | 0 (first char) |     1     |     2     |    -3     |    -2     | -1 (last char) |
+-------------------------------------------------------------------------------------------------+
| lower         | 85.6287 %      | 89.1471 % | 88.9432 % | 61.4149 % | 55.9082 % | 51.8881 %      |
| upper         | 7.1357 %       | 3.0524 %  | 2.9937 %  | 0.5987 %  | 0.5389 %  | 0.5994 %       |
| digits        | 7.0359 %       | 7.6708 %  | 7.9533 %  | 37.7869 % | 43.2735 % | 46.9131 %      |
| symbols       | 0.1996 %       | 0.1297 %  | 0.1098 %  | 0.1996 %  | 0.2794 %  | 0.5994 %       |
+-------------------------------------------------------------------------------------------------+


Total characters: 	89758
Unique characters: 	82
Top 50 characters: 	niaseu1chrk0fot2l3m7546d98pgbyw_vjzSxCPVqATM!RNDIB

Character frequency, sorted by count, top 20
+------------------------------+
| Character | Count | Of total |
+------------------------------+
| n         |  7290 | 8.1218 % |
| i         |  5148 | 5.7354 % |
| a         |  4880 | 5.4368 % |
| s         |  4534 | 5.0514 % |
| e         |  4405 | 4.9076 % |
| u         |  4146 | 4.6191 % |
| 1         |  3733 | 4.159 %  |
| c         |  3730 | 4.1556 % |
| h         |  3678 | 4.0977 % |
| r         |  3591 | 4.0008 % |
| k         |  3323 | 3.7022 % |
| 0         |  3038 | 3.3847 % |
| f         |  2968 | 3.3067 % |
| o         |  2944 | 3.2799 % |
| t         |  2927 | 3.261 %  |
| 2         |  2439 | 2.7173 % |
| l         |  2182 | 2.431 %  |
| 3         |  2055 | 2.2895 % |
| m         |  1842 | 2.0522 % |
| 7         |  1753 | 1.953 %  |
+------------------------------+


Symbol frequency, sorted by count, top 20
+----------------+
| Symbol | Count |
+----------------+
| _      |   577 |
| !      |    55 |
| .      |    31 |
| @      |    28 |
| *      |    17 |
| -      |    16 |
| #      |    12 |
| &      |     7 |
| ;      |     4 |
| :      |     3 |
| (      |     3 |
| )      |     3 |
|        |     3 |
| ]      |     2 |
| %      |     1 |
| [      |     1 |
| ,      |     1 |
+----------------+


