Total entries = 10708
Total unique entries = 9089

Top 10 passwords
huckfinn = 922 (8.61%)
password = 80 (0.75%)
123456 = 67 (0.63%)
tomsawyer = 67 (0.63%)
1234 = 21 (0.2%)
letmein = 14 (0.13%)
welcome = 13 (0.12%)
qwerty = 13 (0.12%)
abc123 = 13 (0.12%)
12345678 = 11 (0.1%)

Top 10 base words
huckfinn = 2313 (21.6%)
tss_user = 540 (5.04%)
pvcs = 229 (2.14%)
password = 90 (0.84%)
tomsawyer = 88 (0.82%)
welcome = 19 (0.18%)
qwerty = 17 (0.16%)
letmein = 16 (0.15%)
test = 16 (0.15%)
foobar = 12 (0.11%)

Password length (length ordered)
1 = 3 (0.03%)
2 = 11 (0.1%)
3 = 44 (0.41%)
4 = 268 (2.5%)
5 = 357 (3.33%)
6 = 1912 (17.86%)
7 = 1443 (13.48%)
8 = 3083 (28.79%)
9 = 789 (7.37%)
10 = 586 (5.47%)
11 = 149 (1.39%)
12 = 1472 (13.75%)
13 = 39 (0.36%)
14 = 548 (5.12%)
15 = 1 (0.01%)
16 = 2 (0.02%)
17 = 1 (0.01%)

Password length (count ordered)
8 = 3083 (28.79%)
6 = 1912 (17.86%)
12 = 1472 (13.75%)
7 = 1443 (13.48%)
9 = 789 (7.37%)
10 = 586 (5.47%)
14 = 548 (5.12%)
5 = 357 (3.33%)
4 = 268 (2.5%)
11 = 149 (1.39%)
3 = 44 (0.41%)
13 = 39 (0.36%)
2 = 11 (0.1%)
1 = 3 (0.03%)
16 = 2 (0.02%)
15 = 1 (0.01%)
17 = 1 (0.01%)

        |                                                               
        |                                                               
        |                                                               
        |                                                               
        |                                                               
        |                                                               
      | |                                                               
      | |                                                               
      |||   |                                                           
      |||   |                                                           
      |||   |                                                           
      ||||  |                                                           
      ||||| |                                                           
      ||||| | |                                                         
    ||||||| | |                                                         
|||||||||||||||||||                                                     
0000000000111111111
0123456789012345678

One to six characters = 2595 (24.23%)
One to eight characters = 7121 (66.5%)
More than eight characters = 3587 (33.5%)

Only lowercase alpha = 4813 (44.95%)
Only uppercase alpha = 35 (0.33%)
Only alpha = 4848 (45.27%)
Only numeric = 568 (5.3%)

First capital last symbol = 21 (0.2%)
First capital last number = 473 (4.42%)

Months
january = 1 (0.01%)
march = 3 (0.03%)
april = 3 (0.03%)
may = 10 (0.09%)
june = 4 (0.04%)
july = 1 (0.01%)
august = 3 (0.03%)
october = 3 (0.03%)
december = 1 (0.01%)

Days
monday = 1 (0.01%)
friday = 1 (0.01%)
sunday = 2 (0.02%)

Months (Abreviated)
jan = 13 (0.12%)
feb = 1 (0.01%)
mar = 93 (0.87%)
apr = 9 (0.08%)
may = 10 (0.09%)
jun = 14 (0.13%)
jul = 9 (0.08%)
aug = 4 (0.04%)
sept = 2 (0.02%)
oct = 5 (0.05%)
nov = 8 (0.07%)
dec = 9 (0.08%)

Days (Abreviated)
mon = 37 (0.35%)
wed = 1 (0.01%)
fri = 11 (0.1%)
sat = 9 (0.08%)
sun = 25 (0.23%)

Includes years
1975 = 4 (0.04%)
1976 = 3 (0.03%)
1977 = 5 (0.05%)
1978 = 1 (0.01%)
1979 = 7 (0.07%)
1980 = 5 (0.05%)
1981 = 4 (0.04%)
1982 = 7 (0.07%)
1983 = 5 (0.05%)
1984 = 2 (0.02%)
1985 = 1 (0.01%)
1986 = 5 (0.05%)
1987 = 3 (0.03%)
1988 = 1 (0.01%)
1989 = 3 (0.03%)
1991 = 1 (0.01%)
1995 = 3 (0.03%)
1996 = 2 (0.02%)
1997 = 2 (0.02%)
1998 = 2 (0.02%)
2000 = 20 (0.19%)
2001 = 6 (0.06%)
2002 = 7 (0.07%)
2003 = 5 (0.05%)
2004 = 6 (0.06%)
2005 = 8 (0.07%)
2006 = 3 (0.03%)
2007 = 11 (0.1%)
2008 = 5 (0.05%)
2009 = 5 (0.05%)
2010 = 11 (0.1%)
2011 = 9 (0.08%)
2012 = 8 (0.07%)
2015 = 1 (0.01%)
2016 = 2 (0.02%)
2020 = 2 (0.02%)

Years (Top 10)
2000 = 20 (0.19%)
2007 = 11 (0.1%)
2010 = 11 (0.1%)
2011 = 9 (0.08%)
2012 = 8 (0.07%)
2005 = 8 (0.07%)
1982 = 7 (0.07%)
2002 = 7 (0.07%)
1979 = 7 (0.07%)
2001 = 6 (0.06%)

Colours
black = 4 (0.04%)
blue = 7 (0.07%)
brown = 3 (0.03%)
gray = 2 (0.02%)
green = 3 (0.03%)
orange = 5 (0.05%)
pink = 4 (0.04%)
purple = 1 (0.01%)
red = 29 (0.27%)
white = 6 (0.06%)

Single digit on the end = 546 (5.1%)
Two digits on the end = 635 (5.93%)
Three digits on the end = 426 (3.98%)

Last number
0 = 471 (4.4%)
1 = 829 (7.74%)
2 = 495 (4.62%)
3 = 646 (6.03%)
4 = 410 (3.83%)
5 = 396 (3.7%)
6 = 404 (3.77%)
7 = 387 (3.61%)
8 = 380 (3.55%)
9 = 428 (4.0%)

 |                                                                      
 |                                                                      
 |                                                                      
 | |                                                                    
 | |                                                                    
 | |                                                                    
||||                                                                    
||||     |                                                              
||||||||||                                                              
||||||||||                                                              
||||||||||                                                              
||||||||||                                                              
||||||||||                                                              
||||||||||                                                              
||||||||||                                                              
||||||||||                                                              
0123456789

Last digit
1 = 829 (7.74%)
3 = 646 (6.03%)
2 = 495 (4.62%)
0 = 471 (4.4%)
9 = 428 (4.0%)
4 = 410 (3.83%)
6 = 404 (3.77%)
5 = 396 (3.7%)
7 = 387 (3.61%)
8 = 380 (3.55%)

Last 2 digits (Top 10)
23 = 244 (2.28%)
11 = 134 (1.25%)
01 = 110 (1.03%)
56 = 102 (0.95%)
12 = 98 (0.92%)
00 = 94 (0.88%)
34 = 85 (0.79%)
10 = 64 (0.6%)
21 = 64 (0.6%)
13 = 64 (0.6%)

Last 3 digits (Top 10)
123 = 204 (1.91%)
456 = 77 (0.72%)
234 = 67 (0.63%)
000 = 35 (0.33%)
111 = 30 (0.28%)
345 = 23 (0.21%)
007 = 22 (0.21%)
001 = 20 (0.19%)
321 = 19 (0.18%)
678 = 17 (0.16%)

Last 4 digits (Top 10)
3456 = 72 (0.67%)
1234 = 60 (0.56%)
1111 = 21 (0.2%)
2000 = 20 (0.19%)
2345 = 16 (0.15%)
5678 = 13 (0.12%)
2007 = 10 (0.09%)
2012 = 8 (0.07%)
2005 = 8 (0.07%)
2010 = 7 (0.07%)

Last 5 digits (Top 10)
23456 = 72 (0.67%)
12345 = 16 (0.15%)
11111 = 14 (0.13%)
45678 = 11 (0.1%)
56789 = 5 (0.05%)
67890 = 4 (0.04%)
54238 = 3 (0.03%)
34567 = 3 (0.03%)
23321 = 3 (0.03%)
23123 = 3 (0.03%)

US Area Codes
456 = Inbound International (--)
234 = NE Ohio: Canton, Akron (OH)
345 = Cayman Islands (--)
321 = Florida: Brevard County, Cape Canaveral area; Metro Orlando (FL)
678 = N Georgia: metropolitan Atlanta (GA)

Character sets
loweralpha: 4813 (44.95%)
loweralphanum: 3800 (35.49%)
loweralphaspecialnum: 620 (5.79%)
numeric: 568 (5.3%)
mixedalphanum: 318 (2.97%)
upperalphanum: 252 (2.35%)
mixedalpha: 149 (1.39%)
loweralphaspecial: 70 (0.65%)
mixedalphaspecialnum: 52 (0.49%)
upperalpha: 35 (0.33%)
mixedalphaspecial: 21 (0.2%)
specialnum: 4 (0.04%)
upperalphaspecial: 2 (0.02%)
upperalphaspecialnum: 1 (0.01%)

Character set ordering
allstring: 4997 (46.67%)
stringdigit: 3521 (32.88%)
othermask: 844 (7.88%)
alldigit: 568 (5.3%)
stringdigitstring: 422 (3.94%)
digitstring: 171 (1.6%)
stringspecialstring: 57 (0.53%)
stringspecialdigit: 48 (0.45%)
digitstringdigit: 46 (0.43%)
stringspecial: 23 (0.21%)
specialstring: 7 (0.07%)
specialstringspecial: 4 (0.04%)

Hashcat masks (Top 10)
?l?l?l?l?l?l?l?l: 1827 (17.06%)
?l?l?l?l?l?l?l?l?d?d?d?d: 1392 (13.0%)
?l?l?l?l?l?l: 1045 (9.76%)
?l?l?l?l?l?l?l: 761 (7.11%)
?l?l?l?s?l?l?l?l?d?d?d?d?d?d: 540 (5.04%)
?l?l?l?l?l?l?l?l?l: 386 (3.6%)
?l?l?l?l?l: 288 (2.69%)
?d?d?d?d?d?d: 249 (2.33%)
?u?u?u?u?d?d?d?d?d?d: 229 (2.14%)
?l?l?l?l?l?l?d?d: 181 (1.69%)
