Total entries = 68173
Total unique entries = 12982

Top 10 passwords
1234 = 5054 (7.41%)
123456 = 3642 (5.34%)
12345 = 1807 (2.65%)
12345678 = 1105 (1.62%)
1111 = 977 (1.43%)
123456789 = 596 (0.87%)
123123 = 543 (0.8%)
1212 = 532 (0.78%)
1234567 = 410 (0.6%)
0000 = 310 (0.45%)

Top 10 base words
abcd = 350 (0.51%)
qwer = 315 (0.46%)
q2w3e = 275 (0.4%)
q2w3e4r = 205 (0.3%)
qwerty = 204 (0.3%)
password = 149 (0.22%)
asdf = 138 (0.2%)
q1w2e = 136 (0.2%)
aaaa = 129 (0.19%)
q1w2e3r = 120 (0.18%)

Password length (length ordered)
3 = 362 (0.53%)
4 = 35201 (51.63%)
5 = 4928 (7.23%)
6 = 16517 (24.23%)
7 = 2658 (3.9%)
8 = 6217 (9.12%)
9 = 1576 (2.31%)
10 = 586 (0.86%)
11 = 54 (0.08%)
12 = 60 (0.09%)
13 = 2 (0.0%)
14 = 3 (0.0%)
18 = 3 (0.0%)
20 = 6 (0.01%)

Password length (count ordered)
4 = 35201 (51.63%)
6 = 16517 (24.23%)
8 = 6217 (9.12%)
5 = 4928 (7.23%)
7 = 2658 (3.9%)
9 = 1576 (2.31%)
10 = 586 (0.86%)
3 = 362 (0.53%)
12 = 60 (0.09%)
11 = 54 (0.08%)
20 = 6 (0.01%)
18 = 3 (0.0%)
14 = 3 (0.0%)
13 = 2 (0.0%)

    |                                                                   
    |                                                                   
    |                                                                   
    |                                                                   
    |                                                                   
    |                                                                   
    |                                                                   
    |                                                                   
    | |                                                                 
    | |                                                                 
    | |                                                                 
    | |                                                                 
    | |                                                                 
    ||| |                                                               
    |||||                                                               
||||||||||||||||||||||                                                  
0000000000111111111122
0123456789012345678901

One to six characters = 57008 (83.62%)
One to eight characters = 65883 (96.64%)
More than eight characters = 2290 (3.36%)

Only lowercase alpha = 10791 (15.83%)
Only uppercase alpha = 0 (0.0%)
Only alpha = 10791 (15.83%)
Only numeric = 51842 (76.04%)

First capital last symbol = 0 (0.0%)
First capital last number = 0 (0.0%)

Months
february = 1 (0.0%)
april = 4 (0.01%)
may = 80 (0.12%)
june = 1 (0.0%)
july = 3 (0.0%)
august = 1 (0.0%)
september = 3 (0.0%)
november = 5 (0.01%)

Days
monday = 3 (0.0%)
friday = 1 (0.0%)
sunday = 1 (0.0%)

Months (Abreviated)
jan = 3 (0.0%)
feb = 1 (0.0%)
mar = 92 (0.13%)
apr = 7 (0.01%)
may = 80 (0.12%)
jun = 8 (0.01%)
jul = 15 (0.02%)
aug = 1 (0.0%)
sept = 3 (0.0%)
oct = 3 (0.0%)
nov = 8 (0.01%)

Days (Abreviated)
mon = 81 (0.12%)
wed = 4 (0.01%)
fri = 21 (0.03%)
sat = 3 (0.0%)
sun = 30 (0.04%)

Includes years
1975 = 73 (0.11%)
1976 = 81 (0.12%)
1977 = 74 (0.11%)
1978 = 92 (0.13%)
1979 = 68 (0.1%)
1980 = 104 (0.15%)
1981 = 85 (0.12%)
1982 = 80 (0.12%)
1983 = 99 (0.15%)
1984 = 141 (0.21%)
1985 = 102 (0.15%)
1986 = 114 (0.17%)
1987 = 95 (0.14%)
1988 = 84 (0.12%)
1989 = 78 (0.11%)
1990 = 58 (0.09%)
1991 = 53 (0.08%)
1992 = 54 (0.08%)
1993 = 45 (0.07%)
1994 = 63 (0.09%)
1995 = 61 (0.09%)
1996 = 54 (0.08%)
1997 = 36 (0.05%)
1998 = 51 (0.07%)
1999 = 43 (0.06%)
2000 = 73 (0.11%)
2001 = 41 (0.06%)
2002 = 89 (0.13%)
2003 = 44 (0.06%)
2004 = 41 (0.06%)
2005 = 43 (0.06%)
2006 = 45 (0.07%)
2007 = 34 (0.05%)
2008 = 47 (0.07%)
2009 = 36 (0.05%)
2010 = 68 (0.1%)
2011 = 34 (0.05%)
2012 = 49 (0.07%)
2013 = 2 (0.0%)
2014 = 5 (0.01%)
2015 = 3 (0.0%)
2016 = 5 (0.01%)
2018 = 3 (0.0%)
2019 = 1 (0.0%)
2020 = 69 (0.1%)

Years (Top 10)
1984 = 141 (0.21%)
1986 = 114 (0.17%)
1980 = 104 (0.15%)
1985 = 102 (0.15%)
1983 = 99 (0.15%)
1987 = 95 (0.14%)
1978 = 92 (0.13%)
2002 = 89 (0.13%)
1981 = 85 (0.12%)
1988 = 84 (0.12%)

Colours
black = 22 (0.03%)
blue = 38 (0.06%)
brown = 3 (0.0%)
gray = 1 (0.0%)
green = 16 (0.02%)
orange = 19 (0.03%)
pink = 12 (0.02%)
purple = 1 (0.0%)
red = 17 (0.02%)
white = 1 (0.0%)
yellow = 7 (0.01%)
violet = 1 (0.0%)
indigo = 1 (0.0%)

Single digit on the end = 1184 (1.74%)
Two digits on the end = 221 (0.32%)
Three digits on the end = 912 (1.34%)

Last number
0 = 4553 (6.68%)
1 = 6290 (9.23%)
2 = 4770 (7.0%)
3 = 5481 (8.04%)
4 = 9350 (13.72%)
5 = 5855 (8.59%)
6 = 7193 (10.55%)
7 = 3734 (5.48%)
8 = 4381 (6.43%)
9 = 3752 (5.5%)

    |                                                                   
    |                                                                   
    |                                                                   
    | |                                                                 
    | |                                                                 
 |  |||                                                                 
 | ||||                                                                 
 ||||||                                                                 
||||||| |                                                               
||||||||||                                                              
||||||||||                                                              
||||||||||                                                              
||||||||||                                                              
||||||||||                                                              
||||||||||                                                              
||||||||||                                                              
0123456789

Last digit
4 = 9350 (13.72%)
6 = 7193 (10.55%)
1 = 6290 (9.23%)
5 = 5855 (8.59%)
3 = 5481 (8.04%)
2 = 4770 (7.0%)
0 = 4553 (6.68%)
8 = 4381 (6.43%)
9 = 3752 (5.5%)
7 = 3734 (5.48%)

Last 2 digits (Top 10)
34 = 5735 (8.41%)
56 = 4518 (6.63%)
45 = 2440 (3.58%)
11 = 2407 (3.53%)
23 = 2075 (3.04%)
12 = 1740 (2.55%)
78 = 1562 (2.29%)
21 = 1449 (2.13%)
89 = 1108 (1.63%)
10 = 1043 (1.53%)

Last 3 digits (Top 10)
234 = 5587 (8.2%)
456 = 4230 (6.2%)
345 = 2107 (3.09%)
123 = 1755 (2.57%)
111 = 1703 (2.5%)
678 = 1196 (1.75%)
321 = 1138 (1.67%)
212 = 968 (1.42%)
789 = 813 (1.19%)
000 = 675 (0.99%)

Last 4 digits (Top 10)
1234 = 5551 (8.14%)
3456 = 4078 (5.98%)
2345 = 2087 (3.06%)
1111 = 1551 (2.28%)
5678 = 1177 (1.73%)
1212 = 913 (1.34%)
4321 = 842 (1.24%)
6789 = 669 (0.98%)
5555 = 624 (0.92%)
3123 = 620 (0.91%)

Last 5 digits (Top 10)
23456 = 4053 (5.95%)
12345 = 2034 (2.98%)
45678 = 1115 (1.64%)
56789 = 635 (0.93%)
23123 = 616 (0.9%)
34567 = 572 (0.84%)
11111 = 570 (0.84%)
54321 = 528 (0.77%)
21212 = 379 (0.56%)
55555 = 354 (0.52%)

US Area Codes
234 = NE Ohio: Canton, Akron (OH)
456 = Inbound International (--)
345 = Cayman Islands (--)
678 = N Georgia: metropolitan Atlanta (GA)
321 = Florida: Brevard County, Cape Canaveral area; Metro Orlando (FL)
212 = New York City, New York (NY)

Character sets
numeric: 51842 (76.04%)
loweralpha: 10791 (15.83%)
loweralphanum: 5533 (8.12%)
special: 7 (0.01%)

Character set ordering
alldigit: 51842 (76.04%)
allstring: 10791 (15.83%)
stringdigit: 2707 (3.97%)
othermask: 1608 (2.36%)
digitstring: 1104 (1.62%)
stringdigitstring: 74 (0.11%)
digitstringdigit: 40 (0.06%)
allspecial: 7 (0.01%)

Hashcat masks (Top 10)
?d?d?d?d: 32357 (47.46%)
?d?d?d?d?d?d: 10971 (16.09%)
?l?l?l?l?l?l: 3242 (4.76%)
?d?d?d?d?d?d?d?d: 3098 (4.54%)
?d?d?d?d?d: 2974 (4.36%)
?l?l?l?l: 2807 (4.12%)
?l?l?l?l?l: 1914 (2.81%)
?l?l?l?l?l?l?l?l: 1292 (1.9%)
?d?d?d?d?d?d?d?d?d: 1056 (1.55%)
?l?l?l?l?l?l?l: 998 (1.46%)
