Total entries = 44147
Total unique entries = 35973

Top 10 passwords
12345 = 86 (0.19%)
123456 = 39 (0.09%)
hunter = 28 (0.06%)
credit = 28 (0.06%)
money = 28 (0.06%)
ashley = 27 (0.06%)
morgan = 27 (0.06%)
harley = 27 (0.06%)
jordan = 27 (0.06%)
buddy = 27 (0.06%)

Top 10 base words
cuna = 232 (0.53%)
summer = 80 (0.18%)
password = 75 (0.17%)
money = 71 (0.16%)
jordan = 61 (0.14%)
credit = 60 (0.14%)
maggie = 59 (0.13%)
happy = 57 (0.13%)
taylor = 54 (0.12%)
matthew = 54 (0.12%)

Password length (length ordered)
1 = 1 (0.0%)
2 = 6 (0.01%)
3 = 87 (0.2%)
4 = 785 (1.78%)
5 = 5361 (12.14%)
6 = 13285 (30.09%)
7 = 9124 (20.67%)
8 = 10181 (23.06%)
9 = 3498 (7.92%)
10 = 1361 (3.08%)
11 = 327 (0.74%)
12 = 91 (0.21%)
13 = 24 (0.05%)
14 = 10 (0.02%)
15 = 2 (0.0%)
16 = 2 (0.0%)
34 = 2 (0.0%)

Password length (count ordered)
6 = 13285 (30.09%)
8 = 10181 (23.06%)
7 = 9124 (20.67%)
5 = 5361 (12.14%)
9 = 3498 (7.92%)
10 = 1361 (3.08%)
4 = 785 (1.78%)
11 = 327 (0.74%)
12 = 91 (0.21%)
3 = 87 (0.2%)
13 = 24 (0.05%)
14 = 10 (0.02%)
2 = 6 (0.01%)
34 = 2 (0.0%)
15 = 2 (0.0%)
16 = 2 (0.0%)
1 = 1 (0.0%)

      |                                                                 
      |                                                                 
      |                                                                 
      | |                                                               
      | |                                                               
      |||                                                               
      |||                                                               
      |||                                                               
      |||                                                               
     ||||                                                               
     ||||                                                               
     |||||                                                              
     |||||                                                              
     |||||                                                              
     ||||||                                                             
||||||||||||||||||||||||||||||||||||                                    
000000000011111111112222222222333333
012345678901234567890123456789012345

One to six characters = 19525 (44.23%)
One to eight characters = 38830 (87.96%)
More than eight characters = 5317 (12.04%)

Only lowercase alpha = 17715 (40.13%)
Only uppercase alpha = 683 (1.55%)
Only alpha = 18398 (41.67%)
Only numeric = 3440 (7.79%)

First capital last symbol = 58 (0.13%)
First capital last number = 2562 (5.8%)

Months
january = 9 (0.02%)
february = 5 (0.01%)
march = 33 (0.07%)
april = 31 (0.07%)
may = 59 (0.13%)
june = 43 (0.1%)
july = 32 (0.07%)
august = 31 (0.07%)
september = 8 (0.02%)
october = 24 (0.05%)
november = 8 (0.02%)
december = 7 (0.02%)

Days
monday = 9 (0.02%)
tuesday = 2 (0.0%)
wednesday = 2 (0.0%)
thursday = 1 (0.0%)
friday = 15 (0.03%)
saturday = 3 (0.01%)
sunday = 1 (0.0%)

Months (Abreviated)
jan = 105 (0.24%)
feb = 18 (0.04%)
mar = 621 (1.41%)
apr = 47 (0.11%)
may = 59 (0.13%)
jun = 81 (0.18%)
jul = 86 (0.19%)
aug = 54 (0.12%)
sept = 27 (0.06%)
oct = 41 (0.09%)
nov = 32 (0.07%)
dec = 36 (0.08%)

Days (Abreviated)
mon = 317 (0.72%)
tues = 2 (0.0%)
wed = 18 (0.04%)
thurs = 1 (0.0%)
fri = 54 (0.12%)
sat = 23 (0.05%)
sun = 122 (0.28%)

Includes years
1975 = 12 (0.03%)
1976 = 21 (0.05%)
1977 = 25 (0.06%)
1978 = 17 (0.04%)
1979 = 10 (0.02%)
1980 = 23 (0.05%)
1981 = 17 (0.04%)
1982 = 13 (0.03%)
1983 = 8 (0.02%)
1984 = 8 (0.02%)
1985 = 14 (0.03%)
1986 = 14 (0.03%)
1987 = 11 (0.02%)
1988 = 11 (0.02%)
1989 = 15 (0.03%)
1990 = 9 (0.02%)
1991 = 17 (0.04%)
1992 = 8 (0.02%)
1993 = 14 (0.03%)
1994 = 8 (0.02%)
1995 = 14 (0.03%)
1996 = 15 (0.03%)
1997 = 18 (0.04%)
1998 = 11 (0.02%)
1999 = 19 (0.04%)
2000 = 63 (0.14%)
2001 = 38 (0.09%)
2002 = 41 (0.09%)
2003 = 50 (0.11%)
2004 = 61 (0.14%)
2005 = 65 (0.15%)
2006 = 68 (0.15%)
2007 = 63 (0.14%)
2008 = 66 (0.15%)
2009 = 7 (0.02%)
2010 = 9 (0.02%)
2011 = 3 (0.01%)
2012 = 1 (0.0%)
2014 = 4 (0.01%)
2015 = 2 (0.0%)
2016 = 1 (0.0%)
2018 = 3 (0.01%)
2019 = 4 (0.01%)
2020 = 15 (0.03%)

Years (Top 10)
2006 = 68 (0.15%)
2008 = 66 (0.15%)
2005 = 65 (0.15%)
2007 = 63 (0.14%)
2000 = 63 (0.14%)
2004 = 61 (0.14%)
2003 = 50 (0.11%)
2002 = 41 (0.09%)
2001 = 38 (0.09%)
1977 = 25 (0.06%)

Colours
black = 24 (0.05%)
blue = 78 (0.18%)
brown = 32 (0.07%)
gray = 9 (0.02%)
green = 40 (0.09%)
orange = 19 (0.04%)
pink = 16 (0.04%)
purple = 40 (0.09%)
red = 311 (0.7%)
white = 17 (0.04%)
yellow = 27 (0.06%)
violet = 8 (0.02%)
indigo = 3 (0.01%)

Single digit on the end = 5256 (11.91%)
Two digits on the end = 5879 (13.32%)
Three digits on the end = 2117 (4.8%)

Last number
0 = 1731 (3.92%)
1 = 5822 (13.19%)
2 = 2228 (5.05%)
3 = 2390 (5.41%)
4 = 1693 (3.83%)
5 = 1730 (3.92%)
6 = 1554 (3.52%)
7 = 1643 (3.72%)
8 = 1434 (3.25%)
9 = 1465 (3.32%)

 |                                                                      
 |                                                                      
 |                                                                      
 |                                                                      
 |                                                                      
 |                                                                      
 |                                                                      
 |                                                                      
 |                                                                      
 |||                                                                    
 |||                                                                    
|||||||| |                                                              
||||||||||                                                              
||||||||||                                                              
||||||||||                                                              
||||||||||                                                              
0123456789

Last digit
1 = 5822 (13.19%)
3 = 2390 (5.41%)
2 = 2228 (5.05%)
0 = 1731 (3.92%)
5 = 1730 (3.92%)
4 = 1693 (3.83%)
7 = 1643 (3.72%)
6 = 1554 (3.52%)
9 = 1465 (3.32%)
8 = 1434 (3.25%)

Last 2 digits (Top 10)
01 = 939 (2.13%)
23 = 803 (1.82%)
11 = 469 (1.06%)
12 = 454 (1.03%)
00 = 420 (0.95%)
07 = 331 (0.75%)
08 = 316 (0.72%)
06 = 314 (0.71%)
99 = 307 (0.7%)
10 = 304 (0.69%)

Last 3 digits (Top 10)
123 = 592 (1.34%)
234 = 147 (0.33%)
345 = 116 (0.26%)
001 = 112 (0.25%)
000 = 108 (0.24%)
007 = 107 (0.24%)
111 = 85 (0.19%)
456 = 77 (0.17%)
005 = 75 (0.17%)
006 = 75 (0.17%)

Last 4 digits (Top 10)
1234 = 139 (0.31%)
2345 = 103 (0.23%)
2006 = 65 (0.15%)
2008 = 61 (0.14%)
2005 = 61 (0.14%)
2007 = 60 (0.14%)
2004 = 60 (0.14%)
2000 = 52 (0.12%)
3456 = 47 (0.11%)
2003 = 46 (0.1%)

Last 5 digits (Top 10)
12345 = 102 (0.23%)
23456 = 45 (0.1%)
55555 = 14 (0.03%)
77777 = 10 (0.02%)
11111 = 10 (0.02%)
00000 = 9 (0.02%)
33333 = 9 (0.02%)
88888 = 6 (0.01%)
12121 = 6 (0.01%)
31313 = 6 (0.01%)

US Area Codes
234 = NE Ohio: Canton, Akron (OH)
345 = Cayman Islands (--)
456 = Inbound International (--)

Character sets
loweralphanum: 18149 (41.11%)
loweralpha: 17715 (40.13%)
numeric: 3440 (7.79%)
mixedalphanum: 1912 (4.33%)
upperalphanum: 952 (2.16%)
mixedalpha: 825 (1.87%)
upperalpha: 683 (1.55%)
loweralphaspecialnum: 212 (0.48%)
mixedalphaspecialnum: 109 (0.25%)
loweralphaspecial: 86 (0.19%)
mixedalphaspecial: 28 (0.06%)
upperalphaspecialnum: 17 (0.04%)
specialnum: 15 (0.03%)
upperalphaspecial: 3 (0.01%)
special: 1 (0.0%)

Character set ordering
allstring: 19223 (43.54%)
stringdigit: 17586 (39.84%)
alldigit: 3440 (7.79%)
digitstring: 1787 (4.05%)
stringdigitstring: 987 (2.24%)
othermask: 613 (1.39%)
digitstringdigit: 251 (0.57%)
stringspecialdigit: 143 (0.32%)
stringspecial: 58 (0.13%)
stringspecialstring: 42 (0.1%)
specialstring: 11 (0.02%)
specialstringspecial: 5 (0.01%)
allspecial: 1 (0.0%)

Hashcat masks (Top 10)
?l?l?l?l?l?l: 6374 (14.44%)
?l?l?l?l?l?l?l: 3611 (8.18%)
?l?l?l?l?l: 3291 (7.45%)
?l?l?l?l?l?l?l?l: 2677 (6.06%)
?l?l?l?l?l?l?d?d: 1774 (4.02%)
?d?d?d?d?d?d: 1535 (3.48%)
?l?l?l?l?d?d?d?d: 1236 (2.8%)
?l?l?l?l?l?d: 1211 (2.74%)
?l?l?l?l?l?d?d: 1133 (2.57%)
?l?l?l?l?d?d: 1030 (2.33%)
