

passpal 0.4 report (www.thepasswordproject.com)

Total words: 	44166
Unique words: 	35974 (81.45 %)

Word frequency, sorted by count, top 20
+----------------------------+
|  Word   | Count | Of total |
+----------------------------+
| 12345   |    86 | 0.1947 % |
| 123456  |    39 | 0.0883 % |
| credit  |    28 | 0.0634 % |
| hunter  |    28 | 0.0634 % |
| money   |    28 | 0.0634 % |
| ashley  |    27 | 0.0611 % |
| bailey  |    27 | 0.0611 % |
| buddy   |    27 | 0.0611 % |
| charlie |    27 | 0.0611 % |
| buster  |    27 | 0.0611 % |
| hannah  |    27 | 0.0611 % |
| harley  |    27 | 0.0611 % |
| jordan  |    27 | 0.0611 % |
| maggie  |    27 | 0.0611 % |
| morgan  |    27 | 0.0611 % |
| michael |    27 | 0.0611 % |
| pepper  |    27 | 0.0611 % |
| summer  |    27 | 0.0611 % |
| taylor  |    27 | 0.0611 % |
| welcome |    27 | 0.0611 % |
+----------------------------+


Base word (len>=3) frequency, sorted by count, top 20
+------------------------------+
|   Word    | Count | Of total |
+------------------------------+
| cuna      |   203 | 0.4596 % |
| summer    |    70 | 0.1585 % |
| money     |    63 | 0.1426 % |
| password  |    59 | 0.1336 % |
| credit    |    58 | 0.1313 % |
| happy     |    52 | 0.1177 % |
| jordan    |    51 | 0.1155 % |
| maggie    |    50 | 0.1132 % |
| harley    |    48 | 0.1087 % |
| chris     |    47 | 0.1064 % |
| taylor    |    46 | 0.1042 % |
| buddy     |    46 | 0.1042 % |
| hannah    |    44 | 0.0996 % |
| ashley    |    43 | 0.0974 % |
| tigger    |    43 | 0.0974 % |
| bailey    |    43 | 0.0974 % |
| marketing |    42 | 0.0951 % |
| matthew   |    42 | 0.0951 % |
| hunter    |    41 | 0.0928 % |
| sunshine  |    41 | 0.0928 % |
+------------------------------+


Length frequency, sorted by length, full table
+----------------------------+
| Length | Count | Of total  |
+----------------------------+
|      0 |    19 | 0.043 %   |
|      1 |     1 | 0.0023 %  |
|      2 |     6 | 0.0136 %  |
|      3 |    87 | 0.197 %   |
|      4 |   785 | 1.7774 %  |
|      5 |  5361 | 12.1383 % |
|      6 | 13285 | 30.0797 % |
|      7 |  9124 | 20.6584 % |
|      8 | 10181 | 23.0517 % |
|      9 |  3498 | 7.9201 %  |
|     10 |  1361 | 3.0816 %  |
|     11 |   327 | 0.7404 %  |
|     12 |    91 | 0.206 %   |
|     13 |    24 | 0.0543 %  |
|     14 |    10 | 0.0226 %  |
|     15 |     2 | 0.0045 %  |
|     16 |     2 | 0.0045 %  |
|     34 |     2 | 0.0045 %  |
+----------------------------+


Charset frequency, sorted by count, full table
+-----------------------------------------------------------------------+
|           Charset            | Count | Of total  |   Count/keyspace   |
+-----------------------------------------------------------------------+
| lower-upper-numeric-symbolic | 44093 | 99.8347 % | 464.13684210526316 |
| lower-upper-numeric          | 43676 | 98.8905 % |  704.4516129032259 |
| lower-numeric-symbolic       | 39580 | 89.6164 % |  573.6231884057971 |
| lower-numeric                | 39304 | 88.9915 % | 1091.7777777777778 |
| lower-upper-symbolic         | 19328 | 43.7622 % | 227.38823529411764 |
| lower-upper                  | 19223 | 43.5244 % |  369.6730769230769 |
| lower-symbolic               | 17795 | 40.2912 % |  301.6101694915254 |
| lower                        | 17715 | 40.11 %   |  681.3461538461538 |
| upper-numeric-symbolic       |  5107 | 11.5632 % |  74.01449275362319 |
| upper-numeric                |  5075 | 11.4907 % | 140.97222222222223 |
| numeric-symbolic             |  3454 | 7.8205 %  |  80.32558139534883 |
| numeric                      |  3440 | 7.7888 %  |              344.0 |
| upper-symbolic               |   686 | 1.5532 %  | 11.627118644067796 |
| upper                        |   683 | 1.5464 %  |  26.26923076923077 |
+-----------------------------------------------------------------------+

Charset frequency, sorted by count/keyspace, full table
+-----------------------------------------------------------------------+
|           Charset            | Count | Of total  |   Count/keyspace   |
+-----------------------------------------------------------------------+
| lower-numeric                | 39304 | 88.9915 % | 1091.7777777777778 |
| lower-upper-numeric          | 43676 | 98.8905 % |  704.4516129032259 |
| lower                        | 17715 | 40.11 %   |  681.3461538461538 |
| lower-numeric-symbolic       | 39580 | 89.6164 % |  573.6231884057971 |
| lower-upper-numeric-symbolic | 44093 | 99.8347 % | 464.13684210526316 |
| lower-upper                  | 19223 | 43.5244 % |  369.6730769230769 |
| numeric                      |  3440 | 7.7888 %  |              344.0 |
| lower-symbolic               | 17795 | 40.2912 % |  301.6101694915254 |
| lower-upper-symbolic         | 19328 | 43.7622 % | 227.38823529411764 |
| upper-numeric                |  5075 | 11.4907 % | 140.97222222222223 |
| numeric-symbolic             |  3454 | 7.8205 %  |  80.32558139534883 |
| upper-numeric-symbolic       |  5107 | 11.5632 % |  74.01449275362319 |
| upper                        |   683 | 1.5464 %  |  26.26923076923077 |
| upper-symbolic               |   686 | 1.5532 %  | 11.627118644067796 |
+-----------------------------------------------------------------------+


Hashcat mask frequency, sorted by count, top 20
+-----------------------------------------------------------------------+
|           Mask           | Count | Of total  |     Count/keyspace     |
+-----------------------------------------------------------------------+
| ?l?l?l?l?l?l             |  6374 | 14.4319 % |  2.063345576756818e-05 |
| ?l?l?l?l?l?l?l           |  3611 | 8.176 %   | 4.4958731853375914e-07 |
| ?l?l?l?l?l               |  3291 | 7.4514 %  | 0.00027698811989453076 |
| ?l?l?l?l?l?l?l?l?l?l?l?l |  2677 | 6.0612 %  |  2.805228196605551e-14 |
| ?l?l?l?l?l?l?d?d?l?l?l?l |  1774 | 4.0167 %  |  1.256666783282068e-13 |
| ?d?d?d?d?d?d             |  1535 | 3.4755 %  |               0.001535 |
| ?l?l?l?l?d?d?d?d?l?l?l?l |  1236 | 2.7985 %  |  5.918773040791239e-13 |
| ?l?l?l?l?l?d             |  1211 | 2.7419 %  | 1.0192422157164288e-05 |
| ?l?l?l?l?l?d?d           |  1133 | 2.5653 %  |  9.535932538453458e-07 |
| ?l?l?l?l?d?d             |  1030 | 2.3321 %  |  2.253947690907181e-05 |
| ?l?l?l?l?l?l?d           |  1014 | 2.2959 %  |  3.282448093554147e-07 |
| ?l?l?l?l?l?l?l?d?l?l?l?l |   979 | 2.2166 %  | 2.6673245616883713e-14 |
| ?l?l?l?d?d?d?d           |   882 | 1.997 %   |  5.018206645425581e-06 |
| ?l?l?l?l?l?l?l?l?l       |   837 | 1.8951 %  | 1.5415773696608996e-10 |
| ?d?d?d?d?d               |   720 | 1.6302 %  |                 0.0072 |
| ?l?l?d?d?d?d             |   705 | 1.5963 %  | 0.00010428994082840237 |
| ?l?l?l?l?l?d?d?d?l?l?l?l |   593 | 1.3427 %  | 1.0921808604646517e-13 |
| ?l?l?l?l?l?d?d?d?d       |   504 | 1.1411 %  |  4.241932920900744e-09 |
| ?l?l?l?l?l?l?l?d?d       |   477 | 1.08 %    |  5.938885376366744e-10 |
| ?l?l?l?d?d?d             |   461 | 1.0438 %  | 2.6228948566226672e-05 |
+-----------------------------------------------------------------------+
Words that didn't match any ?l?u?d?s mask: 73 (0.1653 %)

Hashcat mask frequency, sorted by count/keyspace, top 20
+------------------------------------------------------------+
|      Mask      | Count | Of total |     Count/keyspace     |
+------------------------------------------------------------+
| ?d             |     1 | 0.0023 % |                    0.1 |
| ?l?l           |     6 | 0.0136 % |   0.008875739644970414 |
| ?d?d?d?d?d     |   720 | 1.6302 % |                 0.0072 |
| ?d?d?d         |     6 | 0.0136 % |                  0.006 |
| ?l?l?l         |    77 | 0.1743 % |   0.004380974055530269 |
| ?d?d?d?d?d?d   |  1535 | 3.4755 % |               0.001535 |
| ?l?l?d         |     3 | 0.0068 % |  0.0004437869822485207 |
| ?d?l?d         |     1 | 0.0023 % |  0.0003846153846153846 |
| ?l?d?d?d?d     |    76 | 0.1721 % |  0.0002923076923076923 |
| ?l?l?l?l?l     |  3291 | 7.4514 % | 0.00027698811989453076 |
| ?d?d?d?d?l     |    42 | 0.0951 % | 0.00016153846153846153 |
| ?l?l?d?d?d?d   |   705 | 1.5963 % | 0.00010428994082840237 |
| ?l?l?l?l?d     |   409 | 0.9261 % |  8.950141801757641e-05 |
| ?l?l?l?d?d     |   153 | 0.3464 % |  8.705052344105599e-05 |
| ?u?d?d?d?d     |    13 | 0.0294 % |                5.0e-05 |
| ?l?l?d?d?d     |    26 | 0.0589 % |  3.846153846153846e-05 |
| ?d?d?d?d?l?l   |   228 | 0.5162 % | 3.3727810650887574e-05 |
| ?d?d?d?d?d?d?d |   306 | 0.6928 % |               3.06e-05 |
| ?l?l?l?d?d?d   |   461 | 1.0438 % | 2.6228948566226672e-05 |
| ?d?d?d?d?u     |     6 | 0.0136 % | 2.3076923076923076e-05 |
+------------------------------------------------------------+
Words that didn't match any ?l?u?d?s mask: 73 (0.1653 %)


Charset distribution of characters in beginning and end of words (len>=6)
+-------------------------------------------------------------------------------------------------+
| Charset\Index | 0 (first char) |     1     |     2     |    -3     |    -2     | -1 (last char) |
+-------------------------------------------------------------------------------------------------+
| lower         | 78.628 %       | 85.3785 % | 83.7704 % | 70.3657 % | 57.0068 % | 45.9057 %      |
| upper         | 9.9683 %       | 3.6541 %  | 3.4955 %  | 2.7123 %  | 2.0871 %  | 1.6551 %       |
| digits        | 11.3245 %      | 10.891 %  | 12.6708 % | 26.7717 % | 40.6924 % | 52.0458 %      |
| symbols       | 0.0792 %       | 0.0765 %  | 0.0633 %  | 0.1504 %  | 0.2137 %  | 0.3933 %       |
+-------------------------------------------------------------------------------------------------+


Total characters: 	305608
Unique characters: 	84
Top 50 characters: 	ea1rnioslct02mudyh3b459gkp768fjwvAzESCxMRNLTIOBDUP

Character frequency, sorted by count, top 20
+------------------------------+
| Character | Count | Of total |
+------------------------------+
| e         | 22450 | 7.346 %  |
| a         | 21745 | 7.1153 % |
| 1         | 15970 | 5.2256 % |
| r         | 14961 | 4.8955 % |
| n         | 14327 | 4.688 %  |
| i         | 13729 | 4.4924 % |
| o         | 13438 | 4.3971 % |
| s         | 13393 | 4.3824 % |
| l         | 12124 | 3.9672 % |
| c         | 11121 | 3.639 %  |
| t         | 10622 | 3.4757 % |
| 0         | 10359 | 3.3896 % |
| 2         |  9668 | 3.1635 % |
| m         |  8659 | 2.8334 % |
| u         |  7858 | 2.5713 % |
| d         |  7503 | 2.4551 % |
| y         |  6562 | 2.1472 % |
| h         |  6411 | 2.0978 % |
| 3         |  6391 | 2.0912 % |
| b         |  6207 | 2.031 %  |
+------------------------------+


Symbol frequency, sorted by count, top 20
+----------------+
| Symbol | Count |
+----------------+
| !      |   111 |
| @      |    95 |
| #      |    85 |
| *      |    70 |
| .      |    28 |
| -      |    18 |
| _      |    14 |
| &      |    13 |
| :      |     7 |
| ,      |     5 |
| ?      |     5 |
| /      |     2 |
| ]      |     1 |
| [      |     1 |
| (      |     1 |
| ;      |     1 |
| %      |     1 |
+----------------+


